{
'kotlin-project:ruling/src/test/resources/sources/kotlin/S2068.kt':[
6,
7,
39,
],
'kotlin-project:sources/kotlin/corda/core/src/test/kotlin/net/corda/core/identity/PartyAndCertificateTest.kt':[
48,
],
'kotlin-project:sources/kotlin/corda/node/src/test/kotlin/net/corda/node/services/config/NodeConfigurationImplTest.kt':[
213,
214,
],
'kotlin-project:sources/kotlin/corda/samples/irs-demo/web/src/test/kotlin/net/corda/irs/web/IrsDemoWebApplicationTests.kt':[
11,
],
'kotlin-project:sources/kotlin/intellij-rust/src/test/kotlin/org/rust/cargo/toolchain/CargoTest.kt':[
41,
],
'kotlin-project:sources/kotlin/ktor/ktor-client/ktor-client-cio/test/io/ktor/client/engine/cio/CIOHttpsTest.kt':[
54,
60,
66,
],
'kotlin-project:sources/kotlin/ktor/ktor-features/ktor-auth/test/io/ktor/tests/auth/AuthBuildersTest.kt':[
74,
81,
102,
139,
146,
167,
],
'kotlin-project:sources/kotlin/ktor/ktor-server/ktor-server-tests/test/io/ktor/tests/server/http/URLBuilderTest.kt':[
68,
68,
69,
69,
],
}
