{
'ruby-project:sources/ruby/devdocs/lib/docs/filters/ansible/entries.rb':[
14,
],
'ruby-project:sources/ruby/devdocs/lib/docs/filters/bash/clean_html.rb':[
37,
],
'ruby-project:sources/ruby/devdocs/lib/docs/filters/bash/entries.rb':[
40,
],
'ruby-project:sources/ruby/devdocs/lib/docs/filters/core/internal_urls.rb':[
68,
73,
],
'ruby-project:sources/ruby/devdocs/lib/docs/filters/docker/entries_very_old.rb':[
21,
],
'ruby-project:sources/ruby/devdocs/lib/docs/filters/dom_events/clean_html.rb':[
15,
],
'ruby-project:sources/ruby/devdocs/lib/docs/filters/sass/entries.rb':[
65,
],
'ruby-project:sources/ruby/fastlane/credentials_manager/lib/credentials_manager/appfile_config.rb':[
26,
],
'ruby-project:sources/ruby/fastlane/deliver/lib/deliver/commands_generator.rb':[
69,
],
'ruby-project:sources/ruby/fastlane/fastlane/lib/fastlane/actions/automatic_code_signing.rb':[
23,
],
'ruby-project:sources/ruby/fastlane/fastlane/lib/fastlane/actions/clean_build_artifacts.rb':[
16,
],
'ruby-project:sources/ruby/fastlane/fastlane/lib/fastlane/actions/commit_version_bump.rb':[
106,
],
'ruby-project:sources/ruby/fastlane/fastlane/lib/fastlane/actions/gcovr.rb':[
55,
],
'ruby-project:sources/ruby/fastlane/fastlane/lib/fastlane/actions/get_push_certificate.rb':[
19,
],
'ruby-project:sources/ruby/fastlane/fastlane/lib/fastlane/actions/hg_commit_version_bump.rb':[
23,
83,
],
'ruby-project:sources/ruby/fastlane/fastlane/lib/fastlane/actions/hockey.rb':[
80,
],
'ruby-project:sources/ruby/fastlane/fastlane/lib/fastlane/actions/install_on_device.rb':[
7,
],
'ruby-project:sources/ruby/fastlane/fastlane/lib/fastlane/actions/lcov.rb':[
9,
],
'ruby-project:sources/ruby/fastlane/fastlane/lib/fastlane/actions/slather.rb':[
68,
],
'ruby-project:sources/ruby/fastlane/fastlane/lib/fastlane/actions/verify_build.rb':[
93,
96,
99,
102,
105,
108,
],
'ruby-project:sources/ruby/fastlane/fastlane/lib/fastlane/actions/xcodebuild.rb':[
76,
259,
],
'ruby-project:sources/ruby/fastlane/fastlane/lib/fastlane/actions/xctool.rb':[
6,
],
'ruby-project:sources/ruby/fastlane/fastlane/lib/fastlane/lane_manager.rb':[
24,
34,
],
'ruby-project:sources/ruby/fastlane/fastlane/lib/fastlane/plugins/plugin_info_collector.rb':[
34,
],
'ruby-project:sources/ruby/fastlane/fastlane/lib/fastlane/runner.rb':[
289,
],
'ruby-project:sources/ruby/fastlane/fastlane/lib/fastlane/setup/setup.rb':[
96,
],
'ruby-project:sources/ruby/fastlane/fastlane_core/lib/fastlane_core/configuration/config_item.rb':[
116,
172,
],
'ruby-project:sources/ruby/fastlane/fastlane_core/lib/fastlane_core/configuration/configuration.rb':[
29,
],
'ruby-project:sources/ruby/fastlane/fastlane_core/lib/fastlane_core/itunes_transporter.rb':[
151,
],
'ruby-project:sources/ruby/fastlane/fastlane_core/lib/fastlane_core/project.rb':[
131,
],
'ruby-project:sources/ruby/fastlane/frameit/lib/frameit/config_parser.rb':[
51,
],
'ruby-project:sources/ruby/fastlane/frameit/lib/frameit/screenshot.rb':[
55,
],
'ruby-project:sources/ruby/fastlane/gym/lib/gym/detect_values.rb':[
131,
],
'ruby-project:sources/ruby/fastlane/sigh/lib/sigh/runner.rb':[
133,
209,
213,
],
'ruby-project:sources/ruby/fastlane/spaceship/lib/spaceship/portal/provisioning_profile.rb':[
281,
],
'ruby-project:sources/ruby/fastlane/spaceship/lib/spaceship/test_flight/base.rb':[
9,
],
'ruby-project:sources/ruby/rails/actionpack/lib/action_controller/metal/params_wrapper.rb':[
108,
],
'ruby-project:sources/ruby/rails/actionpack/lib/action_controller/test_case.rb':[
521,
],
'ruby-project:sources/ruby/rails/actionpack/lib/action_dispatch/routing/route_set.rb':[
680,
],
'ruby-project:sources/ruby/rails/actionview/lib/action_view/helpers/asset_url_helper.rb':[
205,
],
'ruby-project:sources/ruby/rails/actionview/lib/action_view/helpers/form_tag_helper.rb':[
347,
],
'ruby-project:sources/ruby/rails/actionview/lib/action_view/helpers/tags/search_field.rb':[
17,
],
'ruby-project:sources/ruby/rails/actionview/lib/action_view/helpers/tags/text_area.rb':[
15,
],
'ruby-project:sources/ruby/rails/activejob/lib/active_job/test_helper.rb':[
441,
444,
],
'ruby-project:sources/ruby/rails/activemodel/lib/active_model/validations/confirmation.rb':[
12,
],
'ruby-project:sources/ruby/rails/activerecord/lib/active_record/associations/has_many_through_association.rb':[
41,
],
'ruby-project:sources/ruby/rails/activerecord/lib/active_record/autosave_association.rb':[
314,
],
'ruby-project:sources/ruby/rails/activerecord/lib/active_record/connection_adapters/connection_specification.rb':[
153,
],
'ruby-project:sources/ruby/rails/activerecord/lib/active_record/connection_adapters/mysql/schema_creation.rb':[
33,
],
'ruby-project:sources/ruby/rails/activerecord/lib/active_record/counter_cache.rb':[
181,
],
'ruby-project:sources/ruby/rails/activerecord/lib/active_record/migration.rb':[
867,
],
'ruby-project:sources/ruby/rails/activerecord/lib/active_record/migration/compatibility.rb':[
58,
64,
],
'ruby-project:sources/ruby/rails/activerecord/lib/active_record/railtie.rb':[
41,
],
'ruby-project:sources/ruby/rails/activerecord/lib/active_record/reflection.rb':[
242,
],
'ruby-project:sources/ruby/rails/activerecord/lib/active_record/relation/record_fetch_warning.rb':[
20,
],
'ruby-project:sources/ruby/rails/activestorage/lib/active_storage/analyzer/video_analyzer.rb':[
55,
],
'ruby-project:sources/ruby/rails/activesupport/lib/active_support/core_ext/name_error.rb':[
18,
],
'ruby-project:sources/ruby/rails/activesupport/lib/active_support/deprecation/constant_accessor.rb':[
34,
],
'ruby-project:sources/ruby/rails/activesupport/lib/active_support/evented_file_update_checker.rb':[
100,
],
'ruby-project:sources/ruby/rails/railties/lib/minitest/rails_plugin.rb':[
41,
],
'ruby-project:sources/ruby/rails/railties/lib/rails/engine/commands.rb':[
3,
],
'ruby-project:sources/ruby/rails/railties/lib/rails/generators/generated_attribute.rb':[
27,
],
'ruby-project:sources/ruby/vagrant/lib/vagrant.rb':[
149,
],
'ruby-project:sources/ruby/vagrant/lib/vagrant/action/builtin/box_check_outdated.rb':[
19,
],
'ruby-project:sources/ruby/vagrant/lib/vagrant/action/builtin/mixin_synced_folders.rb':[
140,
],
'ruby-project:sources/ruby/vagrant/lib/vagrant/action/runner.rb':[
19,
],
'ruby-project:sources/ruby/vagrant/lib/vagrant/box_metadata.rb':[
62,
],
'ruby-project:sources/ruby/vagrant/lib/vagrant/bundler.rb':[
635,
],
'ruby-project:sources/ruby/vagrant/lib/vagrant/environment.rb':[
356,
997,
],
'ruby-project:sources/ruby/vagrant/lib/vagrant/plugin/manager.rb':[
171,
],
'ruby-project:sources/ruby/vagrant/lib/vagrant/util/platform.rb':[
428,
],
'ruby-project:sources/ruby/vagrant/plugins/communicators/winrm/shell.rb':[
128,
],
'ruby-project:sources/ruby/vagrant/plugins/guests/solaris11/cap/configure_networks.rb':[
21,
],
'ruby-project:sources/ruby/vagrant/plugins/kernel_v2/config/vm.rb':[
666,
719,
],
'ruby-project:sources/ruby/vagrant/plugins/kernel_v2/config/vm_trigger.rb':[
199,
205,
],
'ruby-project:sources/ruby/vagrant/plugins/providers/docker/action/compare_synced_folders.rb':[
37,
],
'ruby-project:sources/ruby/vagrant/plugins/providers/virtualbox/action/network.rb':[
491,
496,
],
'ruby-project:sources/ruby/vagrant/plugins/providers/virtualbox/driver/meta.rb':[
91,
],
'ruby-project:sources/ruby/vagrant/plugins/providers/virtualbox/driver/version_4_0.rb':[
192,
],
'ruby-project:sources/ruby/vagrant/plugins/providers/virtualbox/driver/version_4_1.rb':[
295,
],
'ruby-project:sources/ruby/vagrant/plugins/providers/virtualbox/driver/version_4_2.rb':[
224,
],
'ruby-project:sources/ruby/vagrant/plugins/provisioners/cfengine/config.rb':[
98,
],
'ruby-project:sources/ruby/vagrant/plugins/provisioners/chef/provisioner/chef_solo.rb':[
109,
],
'ruby-project:sources/ruby/vagrant/plugins/provisioners/docker/provisioner.rb':[
22,
],
'ruby-project:sources/ruby/vagrant/plugins/provisioners/puppet/provisioner/puppet.rb':[
37,
],
'ruby-project:sources/ruby/vagrant/plugins/provisioners/salt/config.rb':[
141,
147,
],
'ruby-project:sources/ruby/vagrant/plugins/synced_folders/nfs/synced_folder.rb':[
46,
],
}
