{
'go-project:ruling/src/test/resources/sources/go/ParsingError.go':[
0,
],
}
