{
'go-project:ruling/src/test/resources/sources/go/S1125.go':[
4,
],
}
