{
'go-project:ruling/src/test/resources/sources/go/S1116.go':[
11,
],
'go-project:ruling/src/test/resources/sources/go/S122.go':[
8,
13,
17,
],
'go-project:ruling/src/test/resources/sources/go/S1763.go':[
46,
],
'go-project:sources/go/kubernetes/plugin/pkg/admission/noderestriction/admission.go':[
144,
149,
],
'go-project:sources/go/kubernetes/test/e2e/perf/density.go':[
830,
],
'go-project:sources/go/kubernetes/test/e2e/scheduling/priorities.go':[
277,
],
'go-project:sources/go/kubernetes/test/utils/runners.go':[
284,
351,
418,
419,
514,
1025,
],
}
