{
'go-project:sources/go/kubernetes/cluster/images/etcd/rollback/rollback.go':[
57,
],
'go-project:sources/go/kubernetes/cmd/kube-apiserver/app/server.go':[
652,
],
'go-project:sources/go/kubernetes/cmd/kube-controller-manager/app/controllermanager.go':[
106,
],
'go-project:sources/go/kubernetes/cmd/kube-controller-manager/app/options/options.go':[
127,
],
'go-project:sources/go/kubernetes/cmd/kube-proxy/app/server.go':[
420,
],
'go-project:sources/go/kubernetes/cmd/kubeadm/app/cmd/completion.go':[
137,
],
'go-project:sources/go/kubernetes/cmd/kubeadm/app/cmd/token.go':[
46,
],
'go-project:sources/go/kubernetes/cmd/kubeadm/app/phases/certs/certs.go':[
43,
],
'go-project:sources/go/kubernetes/cmd/kubelet/app/options/options.go':[
148,
],
'go-project:sources/go/kubernetes/cmd/kubelet/app/server.go':[
362,
],
'go-project:sources/go/kubernetes/cmd/libs/go2idl/conversion-gen/generators/conversion.go':[
740,
],
'go-project:sources/go/kubernetes/cmd/libs/go2idl/go-to-protobuf/protobuf/cmd.go':[
121,
],
'go-project:sources/go/kubernetes/cmd/libs/go2idl/go-to-protobuf/protobuf/generator.go':[
293,
],
'go-project:sources/go/kubernetes/federation/cmd/federation-apiserver/app/server.go':[
88,
292,
],
'go-project:sources/go/kubernetes/federation/pkg/federation-controller/deployment/deploymentcontroller.go':[
93,
417,
],
'go-project:sources/go/kubernetes/federation/pkg/federation-controller/ingress/ingress_controller.go':[
123,
677,
],
'go-project:sources/go/kubernetes/federation/pkg/federation-controller/replicaset/replicasetcontroller.go':[
95,
395,
],
'go-project:sources/go/kubernetes/federation/pkg/federation-controller/service/servicecontroller.go':[
102,
],
'go-project:sources/go/kubernetes/federation/pkg/federation-controller/util/planner/planner.go':[
67,
],
'go-project:sources/go/kubernetes/federation/pkg/kubefed/init/init.go':[
257,
684,
],
'go-project:sources/go/kubernetes/pkg/api/testapi/testapi.go':[
103,
],
'go-project:sources/go/kubernetes/pkg/api/testing/fuzzer.go':[
96,
],
'go-project:sources/go/kubernetes/pkg/api/v1/conversion.go':[
131,
],
'go-project:sources/go/kubernetes/pkg/api/validation/validation.go':[
396,
1193,
2805,
3480,
],
'go-project:sources/go/kubernetes/pkg/apis/componentconfig/v1alpha1/defaults.go':[
194,
],
'go-project:sources/go/kubernetes/pkg/cloudprovider/providers/aws/aws.go':[
2610,
2989,
],
'go-project:sources/go/kubernetes/pkg/cloudprovider/providers/aws/aws_loadbalancer.go':[
65,
],
'go-project:sources/go/kubernetes/pkg/cloudprovider/providers/azure/azure.go':[
204,
],
'go-project:sources/go/kubernetes/pkg/cloudprovider/providers/azure/azure_loadbalancer.go':[
115,
501,
],
'go-project:sources/go/kubernetes/pkg/cloudprovider/providers/gce/gce_loadbalancer_external.go':[
45,
],
'go-project:sources/go/kubernetes/pkg/cloudprovider/providers/openstack/openstack_loadbalancer.go':[
598,
1068,
1227,
],
'go-project:sources/go/kubernetes/pkg/cloudprovider/providers/photon/photon.go':[
310,
],
'go-project:sources/go/kubernetes/pkg/cloudprovider/providers/vsphere/vsphere.go':[
750,
751,
1287,
1288,
],
'go-project:sources/go/kubernetes/pkg/controller/daemon/daemoncontroller.go':[
1037,
],
'go-project:sources/go/kubernetes/pkg/controller/deployment/sync.go':[
230,
],
'go-project:sources/go/kubernetes/pkg/controller/endpoint/endpoints_controller.go':[
299,
],
'go-project:sources/go/kubernetes/pkg/controller/job/jobcontroller.go':[
386,
],
'go-project:sources/go/kubernetes/pkg/controller/node/nodecontroller.go':[
199,
516,
829,
],
'go-project:sources/go/kubernetes/pkg/controller/podautoscaler/horizontal.go':[
213,
359,
],
'go-project:sources/go/kubernetes/pkg/controller/statefulset/stateful_set_control.go':[
242,
],
'go-project:sources/go/kubernetes/pkg/controller/volume/attachdetach/testing/testvolumespec.go':[
63,
],
'go-project:sources/go/kubernetes/pkg/controller/volume/persistentvolume/pv_controller.go':[
1244,
],
'go-project:sources/go/kubernetes/pkg/kubeapiserver/authenticator/config.go':[
75,
],
'go-project:sources/go/kubernetes/pkg/kubectl/cmd/apply.go':[
184,
],
'go-project:sources/go/kubernetes/pkg/kubectl/cmd/clusterinfo_dump.go':[
91,
],
'go-project:sources/go/kubernetes/pkg/kubectl/cmd/cmd.go':[
255,
],
'go-project:sources/go/kubernetes/pkg/kubectl/cmd/completion.go':[
142,
],
'go-project:sources/go/kubernetes/pkg/kubectl/cmd/expose.go':[
123,
151,
],
'go-project:sources/go/kubernetes/pkg/kubectl/cmd/get.go':[
148,
],
'go-project:sources/go/kubernetes/pkg/kubectl/cmd/label.go':[
175,
],
'go-project:sources/go/kubernetes/pkg/kubectl/cmd/patch.go':[
122,
],
'go-project:sources/go/kubernetes/pkg/kubectl/cmd/replace.go':[
173,
],
'go-project:sources/go/kubernetes/pkg/kubectl/cmd/rollingupdate.go':[
142,
],
'go-project:sources/go/kubernetes/pkg/kubectl/cmd/run.go':[
139,
],
'go-project:sources/go/kubernetes/pkg/kubectl/cmd/util/editor/editoptions.go':[
153,
156,
],
'go-project:sources/go/kubernetes/pkg/kubectl/rolling_updater.go':[
169,
],
'go-project:sources/go/kubernetes/pkg/kubectl/service.go':[
79,
],
'go-project:sources/go/kubernetes/pkg/kubelet/eviction/eviction_manager.go':[
214,
],
'go-project:sources/go/kubernetes/pkg/kubelet/kubelet.go':[
295,
1447,
],
'go-project:sources/go/kubernetes/pkg/kubelet/kubelet_node_status.go':[
195,
],
'go-project:sources/go/kubernetes/pkg/kubelet/kubelet_pods.go':[
424,
1274,
],
'go-project:sources/go/kubernetes/pkg/kubelet/kuberuntime/kuberuntime_manager.go':[
554,
],
'go-project:sources/go/kubernetes/pkg/kubelet/server/server.go':[
309,
],
'go-project:sources/go/kubernetes/pkg/kubelet/volumemanager/reconciler/reconciler.go':[
165,
],
'go-project:sources/go/kubernetes/pkg/printers/humanreadable.go':[
281,
],
'go-project:sources/go/kubernetes/pkg/proxy/iptables/proxier.go':[
986,
],
'go-project:sources/go/kubernetes/pkg/registry/core/rest/storage_core.go':[
91,
],
'go-project:sources/go/kubernetes/pkg/registry/rbac/rest/storage_rbac.go':[
134,
137,
],
'go-project:sources/go/kubernetes/pkg/volume/azure_dd/azure_provision.go':[
68,
],
'go-project:sources/go/kubernetes/pkg/volume/glusterfs/glusterfs.go':[
910,
],
'go-project:sources/go/kubernetes/pkg/volume/util/operationexecutor/operation_generator.go':[
358,
],
'go-project:sources/go/kubernetes/plugin/pkg/admission/resourcequota/controller.go':[
369,
],
'go-project:sources/go/kubernetes/plugin/pkg/auth/authorizer/rbac/bootstrappolicy/controller_policy.go':[
60,
],
'go-project:sources/go/kubernetes/plugin/pkg/auth/authorizer/rbac/bootstrappolicy/policy.go':[
137,
],
'go-project:sources/go/kubernetes/plugin/pkg/scheduler/core/generic_scheduler.go':[
285,
],
'go-project:sources/go/kubernetes/staging/src/k8s.io/apiextensions-apiserver/pkg/apiserver/customresource_handler.go':[
105,
],
'go-project:sources/go/kubernetes/staging/src/k8s.io/apimachinery/pkg/util/diff/diff.go':[
132,
],
'go-project:sources/go/kubernetes/staging/src/k8s.io/apimachinery/third_party/forked/golang/reflect/deep_equal.go':[
103,
246,
],
'go-project:sources/go/kubernetes/staging/src/k8s.io/apiserver/pkg/endpoints/handlers/proxy.go':[
55,
],
'go-project:sources/go/kubernetes/staging/src/k8s.io/apiserver/pkg/endpoints/handlers/response.go':[
36,
],
'go-project:sources/go/kubernetes/staging/src/k8s.io/apiserver/pkg/endpoints/handlers/rest.go':[
613,
645,
],
'go-project:sources/go/kubernetes/staging/src/k8s.io/apiserver/pkg/endpoints/installer.go':[
191,
],
'go-project:sources/go/kubernetes/staging/src/k8s.io/apiserver/pkg/registry/generic/registry/store.go':[
463,
1171,
],
'go-project:sources/go/kubernetes/staging/src/k8s.io/client-go/pkg/api/v1/conversion.go':[
131,
],
'go-project:sources/go/kubernetes/staging/src/k8s.io/client-go/tools/clientcmd/api/v1/conversion.go':[
27,
],
'go-project:sources/go/kubernetes/staging/src/k8s.io/client-go/tools/clientcmd/config.go':[
156,
],
'go-project:sources/go/kubernetes/test/e2e/autoscaling/cluster_size_autoscaling.go':[
70,
],
'go-project:sources/go/kubernetes/test/e2e/autoscaling/dns_autoscaling.go':[
44,
],
'go-project:sources/go/kubernetes/test/e2e/common/configmap.go':[
33,
157,
],
'go-project:sources/go/kubernetes/test/e2e/common/container_probe.go':[
42,
],
'go-project:sources/go/kubernetes/test/e2e/common/downward_api.go':[
31,
],
'go-project:sources/go/kubernetes/test/e2e/common/downwardapi_volume.go':[
33,
],
'go-project:sources/go/kubernetes/test/e2e/common/host_path.go':[
34,
],
'go-project:sources/go/kubernetes/test/e2e/common/init_container.go':[
37,
200,
333,
],
'go-project:sources/go/kubernetes/test/e2e/common/pods.go':[
123,
147,
],
'go-project:sources/go/kubernetes/test/e2e/common/projected.go':[
34,
173,
511,
],
'go-project:sources/go/kubernetes/test/e2e/common/secrets.go':[
34,
156,
],
'go-project:sources/go/kubernetes/test/e2e/common/sysctl.go':[
31,
],
'go-project:sources/go/kubernetes/test/e2e/common/volumes.go':[
56,
],
'go-project:sources/go/kubernetes/test/e2e/cronjob.go':[
55,
],
'go-project:sources/go/kubernetes/test/e2e/daemon_restart.go':[
180,
],
'go-project:sources/go/kubernetes/test/e2e/daemon_set.go':[
65,
],
'go-project:sources/go/kubernetes/test/e2e/deployment.go':[
964,
],
'go-project:sources/go/kubernetes/test/e2e/disruption.go':[
44,
],
'go-project:sources/go/kubernetes/test/e2e/dns.go':[
314,
],
'go-project:sources/go/kubernetes/test/e2e/examples.go':[
51,
],
'go-project:sources/go/kubernetes/test/e2e/extension/initializers.go':[
37,
],
'go-project:sources/go/kubernetes/test/e2e/firewall.go':[
34,
],
'go-project:sources/go/kubernetes/test/e2e/framework/firewall_util.go':[
154,
],
'go-project:sources/go/kubernetes/test/e2e/garbage_collector.go':[
211,
567,
],
'go-project:sources/go/kubernetes/test/e2e/ha_master.go':[
116,
],
'go-project:sources/go/kubernetes/test/e2e/ingress.go':[
33,
],
'go-project:sources/go/kubernetes/test/e2e/kube_proxy.go':[
39,
49,
],
'go-project:sources/go/kubernetes/test/e2e/kubectl.go':[
232,
340,
545,
],
'go-project:sources/go/kubernetes/test/e2e/kubelet.go':[
286,
],
'go-project:sources/go/kubernetes/test/e2e/network_partition.go':[
97,
452,
453,
466,
],
'go-project:sources/go/kubernetes/test/e2e/network_policy.go':[
41,
],
'go-project:sources/go/kubernetes/test/e2e/networking.go':[
30,
],
'go-project:sources/go/kubernetes/test/e2e/perf/density.go':[
298,
447,
],
'go-project:sources/go/kubernetes/test/e2e/perf/load.go':[
80,
],
'go-project:sources/go/kubernetes/test/e2e/podpreset.go':[
36,
],
'go-project:sources/go/kubernetes/test/e2e/pods.go':[
40,
43,
49,
],
'go-project:sources/go/kubernetes/test/e2e/pre_stop.go':[
39,
],
'go-project:sources/go/kubernetes/test/e2e/proxy.go':[
52,
54,
72,
],
'go-project:sources/go/kubernetes/test/e2e/resource_quota.go':[
43,
],
'go-project:sources/go/kubernetes/test/e2e/scheduling/opaque_resource.go':[
36,
],
'go-project:sources/go/kubernetes/test/e2e/scheduling/predicates.go':[
55,
],
'go-project:sources/go/kubernetes/test/e2e/scheduling/priorities.go':[
60,
],
'go-project:sources/go/kubernetes/test/e2e/service.go':[
42,
470,
1024,
1326,
],
'go-project:sources/go/kubernetes/test/e2e/service_accounts.go':[
40,
245,
],
'go-project:sources/go/kubernetes/test/e2e/statefulset.go':[
53,
63,
246,
361,
],
'go-project:sources/go/kubernetes/test/e2e/storage/pd.go':[
51,
],
'go-project:sources/go/kubernetes/test/e2e/storage/persistent_volumes-vsphere.go':[
34,
],
'go-project:sources/go/kubernetes/test/e2e/storage/persistent_volumes.go':[
100,
126,
],
'go-project:sources/go/kubernetes/test/e2e/storage/volume_provisioning.go':[
214,
226,
227,
],
'go-project:sources/go/kubernetes/test/e2e/storage/volumes.go':[
83,
],
'go-project:sources/go/kubernetes/test/e2e/storage/vsphere_volume_placement.go':[
35,
],
'go-project:sources/go/kubernetes/test/e2e/storage/vsphere_volume_vsan_policy.go':[
86,
],
'go-project:sources/go/kubernetes/test/e2e/third-party.go':[
61,
74,
75,
],
'go-project:sources/go/kubernetes/test/e2e_federation/ingress.go':[
120,
146,
],
'go-project:sources/go/kubernetes/test/e2e_federation/namespace.go':[
43,
46,
],
'go-project:sources/go/kubernetes/test/e2e_federation/replicaset.go':[
48,
],
'go-project:sources/go/kubernetes/test/e2e_federation/service.go':[
48,
77,
171,
],
'go-project:sources/go/kubernetes/test/e2e_node/node_problem_detector_linux.go':[
43,
66,
97,
234,
],
'go-project:sources/go/kubernetes/test/e2e_node/runner/remote/run_remote.go':[
161,
505,
],
'go-project:sources/go/kubernetes/test/e2e_node/services/server.go':[
146,
165,
],
'go-project:sources/go/kubernetes/test/integration/framework/master_utils.go':[
181,
],
'go-project:sources/go/kubernetes/test/soak/cauldron/cauldron.go':[
59,
],
'go-project:sources/go/kubernetes/test/soak/serve_hostnames/serve_hostnames.go':[
64,
],
'go-project:sources/go/kubernetes/third_party/forked/golang/reflect/deep_equal.go':[
103,
246,
],
}
