{
'go-project:ruling/src/test/resources/sources/go/S2757.go':[
6,
7,
],
}
