{
'go-project:sources/go/kubernetes/cluster/gce/gci/mounter/mounter.go':[
32,
],
'go-project:sources/go/kubernetes/cmd/cloud-controller-manager/app/controllermanager.go':[
197,
],
'go-project:sources/go/kubernetes/cmd/gke-certificates-controller/app/options.go':[
50,
51,
53,
],
'go-project:sources/go/kubernetes/cmd/kube-apiserver/app/aggregator.go':[
51,
91,
],
'go-project:sources/go/kubernetes/cmd/kube-apiserver/app/options/validation.go':[
39,
],
'go-project:sources/go/kubernetes/cmd/kube-apiserver/app/server.go':[
181,
240,
335,
456,
495,
596,
],
'go-project:sources/go/kubernetes/cmd/kube-controller-manager/app/options/options.go':[
137,
138,
139,
140,
141,
142,
143,
144,
146,
149,
152,
164,
165,
166,
167,
168,
169,
170,
171,
172,
173,
174,
175,
176,
221,
222,
223,
225,
226,
227,
228,
],
'go-project:sources/go/kubernetes/cmd/kube-proxy/app/server.go':[
134,
135,
137,
138,
140,
141,
142,
143,
144,
146,
150,
158,
],
'go-project:sources/go/kubernetes/cmd/kubeadm/app/cmd/defaults.go':[
57,
],
'go-project:sources/go/kubernetes/cmd/kubeadm/app/cmd/phases/certs.go':[
71,
],
'go-project:sources/go/kubernetes/cmd/kubelet/app/options/container_runtime.go':[
120,
124,
128,
130,
139,
144,
145,
],
'go-project:sources/go/kubernetes/cmd/kubelet/app/options/options.go':[
122,
150,
152,
157,
200,
202,
206,
208,
210,
217,
220,
221,
222,
226,
228,
229,
231,
233,
239,
243,
245,
249,
256,
258,
260,
267,
271,
272,
278,
279,
280,
281,
282,
283,
284,
285,
286,
289,
290,
292,
295,
296,
297,
298,
299,
300,
302,
],
'go-project:sources/go/kubernetes/cmd/kubelet/app/server.go':[
340,
979,
],
'go-project:sources/go/kubernetes/cmd/libs/go2idl/client-gen/generators/client_generator.go':[
68,
],
'go-project:sources/go/kubernetes/cmd/libs/go2idl/client-gen/main.go':[
53,
],
'go-project:sources/go/kubernetes/cmd/libs/go2idl/go-to-protobuf/protobuf/cmd.go':[
108,
110,
],
'go-project:sources/go/kubernetes/cmd/libs/go2idl/informer-gen/generators/packages.go':[
221,
],
'go-project:sources/go/kubernetes/federation/apis/federation/types.go':[
43,
],
'go-project:sources/go/kubernetes/federation/apis/federation/v1beta1/types.go':[
44,
],
'go-project:sources/go/kubernetes/federation/cmd/federation-apiserver/app/install.go':[
33,
],
'go-project:sources/go/kubernetes/federation/cmd/federation-controller-manager/app/options/options.go':[
116,
117,
],
'go-project:sources/go/kubernetes/federation/pkg/dnsprovider/providers/google/clouddns/internal/managed_zones_service.go':[
49,
],
'go-project:sources/go/kubernetes/federation/pkg/dnsprovider/providers/google/clouddns/rrchangeset.go':[
107,
111,
],
'go-project:sources/go/kubernetes/federation/pkg/federatedtypes/crudtester/crudtester.go':[
57,
],
'go-project:sources/go/kubernetes/federation/pkg/federation-controller/ingress/ingress_controller.go':[
55,
611,
621,
632,
646,
799,
808,
811,
824,
825,
835,
],
'go-project:sources/go/kubernetes/federation/pkg/federation-controller/service/servicecontroller.go':[
545,
],
'go-project:sources/go/kubernetes/federation/pkg/federation-controller/sync/controller.go':[
359,
432,
494,
514,
],
'go-project:sources/go/kubernetes/federation/pkg/federation-controller/util/federated_informer.go':[
209,
],
'go-project:sources/go/kubernetes/federation/pkg/kubefed/init/init.go':[
163,
167,
168,
299,
308,
321,
348,
375,
383,
449,
684,
858,
],
'go-project:sources/go/kubernetes/federation/pkg/kubefed/join.go':[
86,
131,
233,
321,
344,
492,
537,
646,
],
'go-project:sources/go/kubernetes/pkg/api/endpoints/util.go':[
90,
],
'go-project:sources/go/kubernetes/pkg/api/types.go':[
1009,
1120,
],
'go-project:sources/go/kubernetes/pkg/api/v1/types.go':[
517,
1185,
2167,
2178,
2201,
2212,
2265,
2276,
4089,
4464,
],
'go-project:sources/go/kubernetes/pkg/api/validation/validation.go':[
1497,
2746,
3237,
3561,
3565,
3569,
3573,
3577,
],
'go-project:sources/go/kubernetes/pkg/apis/apps/validation/validation.go':[
75,
161,
],
'go-project:sources/go/kubernetes/pkg/apis/autoscaling/v1/conversion.go':[
236,
255,
],
'go-project:sources/go/kubernetes/pkg/apis/componentconfig/types.go':[
436,
],
'go-project:sources/go/kubernetes/pkg/apis/componentconfig/v1alpha1/types.go':[
499,
],
'go-project:sources/go/kubernetes/pkg/client/clientset_generated/clientset/typed/admissionregistration/v1alpha1/externaladmissionhookconfiguration.go':[
59,
],
'go-project:sources/go/kubernetes/pkg/client/clientset_generated/clientset/typed/admissionregistration/v1alpha1/fake/fake_externaladmissionhookconfiguration.go':[
38,
47,
],
'go-project:sources/go/kubernetes/pkg/client/clientset_generated/internalclientset/typed/admissionregistration/internalversion/externaladmissionhookconfiguration.go':[
59,
60,
71,
135,
],
'go-project:sources/go/kubernetes/pkg/client/clientset_generated/internalclientset/typed/admissionregistration/internalversion/fake/fake_externaladmissionhookconfiguration.go':[
38,
47,
105,
],
'go-project:sources/go/kubernetes/pkg/cloudprovider/providers/aws/aws_loadbalancer.go':[
65,
],
'go-project:sources/go/kubernetes/pkg/cloudprovider/providers/azure/azure_loadbalancer.go':[
501,
],
'go-project:sources/go/kubernetes/pkg/cloudprovider/providers/gce/gce_loadbalancer_internal.go':[
150,
],
'go-project:sources/go/kubernetes/pkg/cloudprovider/providers/openstack/openstack_loadbalancer.go':[
599,
1228,
],
'go-project:sources/go/kubernetes/pkg/cloudprovider/providers/vsphere/vsphere.go':[
1710,
],
'go-project:sources/go/kubernetes/pkg/controller/daemon/daemoncontroller.go':[
126,
855,
946,
],
'go-project:sources/go/kubernetes/pkg/controller/deployment/deployment_controller.go':[
101,
],
'go-project:sources/go/kubernetes/pkg/controller/deployment/rolling.go':[
82,
],
'go-project:sources/go/kubernetes/pkg/controller/deployment/sync.go':[
112,
618,
],
'go-project:sources/go/kubernetes/pkg/controller/deployment/util/deployment_util.go':[
583,
],
'go-project:sources/go/kubernetes/pkg/controller/deployment/util/replicaset_util.go':[
41,
],
'go-project:sources/go/kubernetes/pkg/controller/endpoint/endpoints_controller.go':[
479,
],
'go-project:sources/go/kubernetes/pkg/controller/garbagecollector/errors.go':[
23,
],
'go-project:sources/go/kubernetes/pkg/controller/garbagecollector/garbagecollector.go':[
356,
],
'go-project:sources/go/kubernetes/pkg/controller/garbagecollector/graph_builder.go':[
471,
],
'go-project:sources/go/kubernetes/pkg/controller/podautoscaler/horizontal.go':[
250,
266,
283,
310,
607,
614,
],
'go-project:sources/go/kubernetes/pkg/controller/podautoscaler/replica_calculator.go':[
48,
157,
170,
181,
270,
],
'go-project:sources/go/kubernetes/pkg/controller/replicaset/options/options.go':[
34,
],
'go-project:sources/go/kubernetes/pkg/controller/serviceaccount/serviceaccounts_controller.go':[
64,
],
'go-project:sources/go/kubernetes/pkg/controller/volume/attachdetach/reconciler/reconciler.go':[
233,
],
'go-project:sources/go/kubernetes/pkg/controller/volume/attachdetach/util/util.go':[
181,
],
'go-project:sources/go/kubernetes/pkg/controller/volume/persistentvolume/pv_controller.go':[
355,
372,
666,
],
'go-project:sources/go/kubernetes/pkg/credentialprovider/keyring.go':[
312,
],
'go-project:sources/go/kubernetes/pkg/generated/bindata.go':[
209,
3686,
7162,
7292,
9553,
9676,
9799,
9861,
],
'go-project:sources/go/kubernetes/pkg/kubeapiserver/default_storage_factory_builder.go':[
49,
59,
],
'go-project:sources/go/kubernetes/pkg/kubectl/cmd/annotate.go':[
135,
],
'go-project:sources/go/kubernetes/pkg/kubectl/cmd/apply.go':[
116,
117,
118,
120,
148,
507,
],
'go-project:sources/go/kubernetes/pkg/kubectl/cmd/attach.go':[
98,
],
'go-project:sources/go/kubernetes/pkg/kubectl/cmd/autoscale.go':[
71,
],
'go-project:sources/go/kubernetes/pkg/kubectl/cmd/certificates.go':[
163,
],
'go-project:sources/go/kubernetes/pkg/kubectl/cmd/config/config.go':[
47,
],
'go-project:sources/go/kubernetes/pkg/kubectl/cmd/config/create_authinfo.go':[
103,
],
'go-project:sources/go/kubernetes/pkg/kubectl/cmd/create_configmap.go':[
78,
],
'go-project:sources/go/kubernetes/pkg/kubectl/cmd/create_secret.go':[
89,
],
'go-project:sources/go/kubernetes/pkg/kubectl/cmd/delete.go':[
247,
],
'go-project:sources/go/kubernetes/pkg/kubectl/cmd/drain.go':[
189,
],
'go-project:sources/go/kubernetes/pkg/kubectl/cmd/exec.go':[
103,
],
'go-project:sources/go/kubernetes/pkg/kubectl/cmd/expose.go':[
99,
104,
109,
110,
],
'go-project:sources/go/kubernetes/pkg/kubectl/cmd/get.go':[
116,
135,
],
'go-project:sources/go/kubernetes/pkg/kubectl/cmd/label.go':[
133,
],
'go-project:sources/go/kubernetes/pkg/kubectl/cmd/replace.go':[
84,
228,
],
'go-project:sources/go/kubernetes/pkg/kubectl/cmd/rollingupdate.go':[
96,
98,
99,
],
'go-project:sources/go/kubernetes/pkg/kubectl/cmd/run.go':[
119,
126,
127,
128,
130,
131,
134,
572,
],
'go-project:sources/go/kubernetes/pkg/kubectl/cmd/scale.go':[
84,
],
'go-project:sources/go/kubernetes/pkg/kubectl/cmd/set/set_resources.go':[
40,
119,
123,
124,
],
'go-project:sources/go/kubernetes/pkg/kubectl/cmd/set/set_selector.go':[
94,
],
'go-project:sources/go/kubernetes/pkg/kubectl/cmd/taint.go':[
398,
],
'go-project:sources/go/kubernetes/pkg/kubectl/cmd/top_pod.go':[
98,
],
'go-project:sources/go/kubernetes/pkg/kubectl/cmd/util/helpers.go':[
158,
401,
407,
426,
439,
443,
538,
542,
],
'go-project:sources/go/kubernetes/pkg/kubectl/cmd/util/printing.go':[
38,
48,
50,
66,
67,
112,
],
'go-project:sources/go/kubernetes/pkg/kubectl/resource/builder.go':[
408,
],
'go-project:sources/go/kubernetes/pkg/kubectl/rolling_updater.go':[
313,
682,
696,
],
'go-project:sources/go/kubernetes/pkg/kubelet/apis/stats/v1alpha1/types.go':[
120,
],
'go-project:sources/go/kubernetes/pkg/kubelet/cadvisor/cadvisor_linux.go':[
109,
],
'go-project:sources/go/kubernetes/pkg/kubelet/container/testing/fake_runtime.go':[
314,
],
'go-project:sources/go/kubernetes/pkg/kubelet/dockershim/docker_sandbox.go':[
518,
],
'go-project:sources/go/kubernetes/pkg/kubelet/dockershim/exec.go':[
39,
66,
137,
],
'go-project:sources/go/kubernetes/pkg/kubelet/images/image_gc_manager.go':[
132,
270,
],
'go-project:sources/go/kubernetes/pkg/kubelet/kubelet.go':[
199,
295,
523,
778,
1124,
1387,
],
'go-project:sources/go/kubernetes/pkg/kubelet/kubelet_pods.go':[
483,
518,
1274,
1443,
1461,
],
'go-project:sources/go/kubernetes/pkg/kubelet/kuberuntime/fake_kuberuntime_manager.go':[
74,
],
'go-project:sources/go/kubernetes/pkg/kubelet/kuberuntime/kuberuntime_container.go':[
81,
],
'go-project:sources/go/kubernetes/pkg/kubelet/kuberuntime/kuberuntime_manager.go':[
554,
],
'go-project:sources/go/kubernetes/pkg/kubelet/pod_container_deletor.go':[
61,
],
'go-project:sources/go/kubernetes/pkg/kubelet/rkt/rkt.go':[
2156,
],
'go-project:sources/go/kubernetes/pkg/kubelet/server/portforward/httpstream.go':[
36,
],
'go-project:sources/go/kubernetes/pkg/kubelet/server/portforward/portforward.go':[
41,
],
'go-project:sources/go/kubernetes/pkg/kubelet/server/portforward/websocket.go':[
96,
],
'go-project:sources/go/kubernetes/pkg/kubelet/server/remotecommand/attach.go':[
41,
],
'go-project:sources/go/kubernetes/pkg/kubelet/server/remotecommand/exec.go':[
44,
],
'go-project:sources/go/kubernetes/pkg/kubelet/server/streaming/server.go':[
334,
],
'go-project:sources/go/kubernetes/pkg/kubelet/util/csr/csr.go':[
79,
],
'go-project:sources/go/kubernetes/pkg/kubelet/volumemanager/reconciler/reconciler.go':[
209,
],
'go-project:sources/go/kubernetes/pkg/master/thirdparty/thirdparty.go':[
88,
],
'go-project:sources/go/kubernetes/pkg/master/thirdparty/tprregistration_controller.go':[
73,
],
'go-project:sources/go/kubernetes/pkg/printers/internalversion/describe.go':[
2795,
],
'go-project:sources/go/kubernetes/pkg/printers/internalversion/printers.go':[
251,
1245,
],
'go-project:sources/go/kubernetes/pkg/printers/printers.go':[
32,
],
'go-project:sources/go/kubernetes/pkg/proxy/userspace/proxier.go':[
156,
164,
185,
986,
],
'go-project:sources/go/kubernetes/pkg/proxy/winuserspace/proxysocket.go':[
565,
594,
],
'go-project:sources/go/kubernetes/pkg/registry/admissionregistration/externaladmissionhookconfiguration/strategy.go':[
87,
],
'go-project:sources/go/kubernetes/pkg/registry/core/namespace/storage/storage.go':[
201,
],
'go-project:sources/go/kubernetes/pkg/registry/core/pod/rest/subresources.go':[
192,
],
'go-project:sources/go/kubernetes/pkg/registry/rbac/validation/policy_comparator.go':[
29,
],
'go-project:sources/go/kubernetes/pkg/registry/rbac/validation/rule.go':[
227,
],
'go-project:sources/go/kubernetes/pkg/version/prometheus/prometheus.go':[
30,
],
'go-project:sources/go/kubernetes/pkg/volume/azure_dd/azure_mounter.go':[
140,
],
'go-project:sources/go/kubernetes/plugin/cmd/kube-scheduler/app/options/options.go':[
73,
74,
76,
92,
],
'go-project:sources/go/kubernetes/plugin/pkg/admission/antiaffinity/admission.go':[
71,
],
'go-project:sources/go/kubernetes/plugin/pkg/admission/gc/gc_admission.go':[
117,
],
'go-project:sources/go/kubernetes/plugin/pkg/admission/initialresources/data_source.go':[
28,
],
'go-project:sources/go/kubernetes/plugin/pkg/admission/initialresources/influxdb.go':[
31,
32,
68,
],
'go-project:sources/go/kubernetes/plugin/pkg/admission/resourcequota/controller.go':[
108,
],
'go-project:sources/go/kubernetes/plugin/pkg/admission/serviceaccount/admission.go':[
330,
340,
],
'go-project:sources/go/kubernetes/plugin/pkg/auth/authorizer/rbac/rbac.go':[
124,
],
'go-project:sources/go/kubernetes/plugin/pkg/auth/authorizer/rbac/subject_locator.go':[
42,
],
'go-project:sources/go/kubernetes/plugin/pkg/scheduler/algorithm/predicates/predicates.go':[
619,
],
'go-project:sources/go/kubernetes/staging/src/k8s.io/apiextensions-apiserver/pkg/apiserver/apiserver.go':[
181,
],
'go-project:sources/go/kubernetes/staging/src/k8s.io/apiextensions-apiserver/pkg/apiserver/customresource_discovery_controller.go':[
54,
],
'go-project:sources/go/kubernetes/staging/src/k8s.io/apiextensions-apiserver/pkg/controller/status/naming_controller.go':[
123,
],
'go-project:sources/go/kubernetes/staging/src/k8s.io/apiextensions-apiserver/pkg/registry/customresource/etcd.go':[
33,
],
'go-project:sources/go/kubernetes/staging/src/k8s.io/apimachinery/pkg/api/testing/roundtrip.go':[
111,
130,
134,
138,
181,
313,
],
'go-project:sources/go/kubernetes/staging/src/k8s.io/apimachinery/pkg/apis/meta/v1/validation/validation.go':[
87,
],
'go-project:sources/go/kubernetes/staging/src/k8s.io/apimachinery/pkg/util/httpstream/spdy/roundtripper.go':[
293,
],
'go-project:sources/go/kubernetes/staging/src/k8s.io/apimachinery/pkg/util/validation/validation.go':[
152,
],
'go-project:sources/go/kubernetes/staging/src/k8s.io/apiserver/pkg/admission/attributes.go':[
37,
],
'go-project:sources/go/kubernetes/staging/src/k8s.io/apiserver/pkg/endpoints/discovery/version.go':[
53,
],
'go-project:sources/go/kubernetes/staging/src/k8s.io/apiserver/pkg/endpoints/handlers/rest.go':[
799,
800,
],
'go-project:sources/go/kubernetes/staging/src/k8s.io/apiserver/pkg/endpoints/installer.go':[
863,
],
'go-project:sources/go/kubernetes/staging/src/k8s.io/apiserver/pkg/registry/generic/registry/store.go':[
786,
],
'go-project:sources/go/kubernetes/staging/src/k8s.io/apiserver/pkg/registry/rest/delete.go':[
75,
],
'go-project:sources/go/kubernetes/staging/src/k8s.io/apiserver/pkg/server/filters/timeout.go':[
36,
],
'go-project:sources/go/kubernetes/staging/src/k8s.io/apiserver/pkg/server/handler.go':[
76,
182,
],
'go-project:sources/go/kubernetes/staging/src/k8s.io/apiserver/pkg/server/routes/data/swagger/datafile.go':[
1631,
1660,
1663,
1665,
1666,
1668,
1669,
1671,
1672,
1673,
1675,
1676,
1677,
1681,
1683,
1686,
1688,
1689,
1691,
1692,
1694,
1695,
1698,
1699,
1700,
1702,
1703,
1705,
1707,
1712,
1713,
1715,
1716,
1717,
1718,
1719,
1720,
1721,
1722,
1724,
1728,
1732,
1735,
1737,
1738,
1740,
1741,
1742,
1744,
1746,
1747,
1750,
1752,
1753,
1764,
1766,
1767,
1768,
1770,
1772,
1774,
1775,
1776,
1777,
1779,
1781,
1783,
1787,
1789,
1791,
1793,
1795,
1796,
1797,
1799,
1800,
1802,
1803,
1805,
1806,
1808,
1811,
1814,
1816,
1819,
1821,
1823,
1825,
1826,
1830,
1831,
1832,
1834,
1836,
1837,
1838,
1840,
1841,
1845,
1846,
1847,
1849,
1852,
1854,
1855,
1857,
1858,
1860,
1861,
1862,
1864,
1865,
1868,
1870,
1871,
1873,
1874,
1876,
1877,
1879,
1881,
1883,
1885,
1886,
1888,
1889,
1891,
1892,
1895,
1896,
1898,
1899,
1901,
1903,
1904,
1906,
1908,
1910,
1912,
1913,
1915,
1917,
1918,
1920,
1921,
1923,
1924,
1926,
1927,
1929,
1930,
1932,
1933,
1934,
1937,
1938,
1940,
1942,
1944,
1946,
1947,
1949,
1951,
1953,
1954,
1956,
1957,
1959,
1960,
1962,
1963,
1965,
1966,
1967,
1968,
1969,
1970,
1972,
1973,
1974,
1976,
1977,
1978,
1979,
1980,
1982,
1983,
1985,
1986,
1988,
1989,
1991,
1992,
1993,
1995,
1996,
1997,
1999,
2000,
2001,
2002,
2004,
2005,
2007,
2008,
2009,
2010,
2012,
2013,
2015,
2016,
2018,
2019,
2020,
2021,
2023,
2024,
2025,
2027,
2029,
2031,
2032,
2034,
2035,
2036,
2037,
2039,
2040,
2041,
2047,
2049,
2051,
2053,
2076,
2093,
2110,
2127,
2156,
2159,
2161,
2162,
2164,
2165,
2167,
2168,
2169,
2172,
2173,
2174,
2178,
2180,
2183,
2185,
2186,
2188,
2189,
2191,
2192,
2195,
2196,
2197,
2198,
2199,
2201,
2203,
2208,
2209,
2211,
2212,
2213,
2214,
2216,
2217,
2218,
2219,
2221,
2225,
2229,
2232,
2233,
2234,
2236,
2238,
2239,
2241,
2243,
2244,
2247,
2249,
2260,
2261,
2262,
2263,
2264,
2266,
2267,
2268,
2270,
2272,
2273,
2274,
2276,
2277,
2278,
2282,
2284,
2285,
2287,
2289,
2290,
2291,
2292,
2293,
2295,
2297,
2299,
2302,
2305,
2308,
2310,
2313,
2315,
2317,
2319,
2320,
2324,
2325,
2326,
2328,
2330,
2331,
2332,
2334,
2335,
2339,
2340,
2341,
2344,
2347,
2349,
2350,
2352,
2354,
2355,
2356,
2359,
2362,
2364,
2365,
2367,
2368,
2370,
2371,
2373,
2375,
2377,
2379,
2380,
2382,
2383,
2385,
2386,
2389,
2390,
2392,
2393,
2394,
2396,
2398,
2400,
2402,
2404,
2406,
2408,
2409,
2411,
2412,
2414,
2415,
2417,
2418,
2420,
2421,
2422,
2423,
2424,
2425,
2427,
2428,
2430,
2432,
2434,
2436,
2437,
2439,
2440,
2442,
2443,
2444,
2445,
2446,
2448,
2449,
2451,
2452,
2454,
2455,
2456,
2458,
2459,
2460,
2462,
2463,
2464,
2466,
2467,
2468,
2470,
2471,
2473,
2474,
2476,
2477,
2479,
2480,
2482,
2483,
2485,
2486,
2487,
2489,
2491,
2492,
2494,
2495,
2497,
2498,
2499,
2500,
2501,
2502,
2504,
2505,
2507,
2508,
2510,
2511,
2512,
2513,
2514,
2516,
2518,
2520,
2521,
2523,
2524,
2525,
2526,
2527,
2528,
2535,
2537,
2539,
2541,
2564,
2581,
2598,
2615,
2632,
2649,
2666,
2683,
2812,
3031,
3032,
3033,
3143,
3226,
3499,
3500,
5162,
5163,
5180,
5198,
5223,
5232,
5249,
5273,
8120,
12570,
14524,
14780,
14970,
14971,
14972,
14980,
14983,
15057,
15118,
15121,
15124,
15127,
15130,
15172,
15174,
15176,
15178,
15184,
15185,
15187,
15200,
15224,
15227,
15229,
15233,
15235,
15236,
15238,
15240,
15242,
15244,
15246,
15248,
15250,
15255,
15257,
15259,
15261,
15264,
15266,
15272,
15279,
15283,
15295,
15298,
15334,
15344,
15346,
15351,
15366,
15368,
15373,
15377,
15382,
15385,
15390,
15478,
15480,
15485,
15487,
15491,
15496,
15500,
15503,
15506,
15511,
15626,
15628,
15638,
15644,
15649,
15652,
15657,
15721,
16013,
16270,
16272,
16282,
16288,
16293,
16296,
16301,
16337,
16347,
16349,
16354,
16364,
16374,
16376,
16381,
16385,
16390,
16393,
16398,
16528,
16605,
16608,
16609,
16611,
16613,
16615,
16618,
16621,
16623,
16625,
16627,
16629,
16631,
16635,
16639,
16689,
16761,
16762,
16765,
16769,
16812,
16814,
16835,
16836,
],
'go-project:sources/go/kubernetes/staging/src/k8s.io/apiserver/pkg/server/storage/storage_factory.go':[
159,
217,
],
'go-project:sources/go/kubernetes/staging/src/k8s.io/apiserver/pkg/util/webhook/webhook.go':[
41,
],
'go-project:sources/go/kubernetes/staging/src/k8s.io/client-go/kubernetes/typed/admissionregistration/v1alpha1/externaladmissionhookconfiguration.go':[
59,
],
'go-project:sources/go/kubernetes/staging/src/k8s.io/client-go/kubernetes/typed/admissionregistration/v1alpha1/fake/fake_externaladmissionhookconfiguration.go':[
38,
47,
],
'go-project:sources/go/kubernetes/staging/src/k8s.io/client-go/pkg/api/types.go':[
1009,
1120,
],
'go-project:sources/go/kubernetes/staging/src/k8s.io/client-go/pkg/api/v1/types.go':[
517,
1185,
2167,
2178,
2201,
2212,
2265,
2276,
4089,
4464,
],
'go-project:sources/go/kubernetes/staging/src/k8s.io/client-go/pkg/apis/autoscaling/v1/conversion.go':[
236,
255,
],
'go-project:sources/go/kubernetes/staging/src/k8s.io/client-go/rest/request.go':[
122,
],
'go-project:sources/go/kubernetes/staging/src/k8s.io/client-go/tools/clientcmd/client_config.go':[
210,
],
'go-project:sources/go/kubernetes/staging/src/k8s.io/client-go/tools/clientcmd/config.go':[
41,
],
'go-project:sources/go/kubernetes/staging/src/k8s.io/client-go/tools/clientcmd/overrides.go':[
159,
],
'go-project:sources/go/kubernetes/staging/src/k8s.io/kube-aggregator/pkg/apiserver/apiservice_controller.go':[
62,
],
'go-project:sources/go/kubernetes/staging/src/k8s.io/kube-aggregator/pkg/apiserver/handler_proxy.go':[
215,
],
'go-project:sources/go/kubernetes/staging/src/k8s.io/metrics/pkg/apis/metrics/v1alpha1/types.go':[
40,
88,
],
'go-project:sources/go/kubernetes/test/e2e/e2e.go':[
184,
],
'go-project:sources/go/kubernetes/test/e2e/framework/pods.go':[
180,
],
'go-project:sources/go/kubernetes/test/e2e/framework/test_context.go':[
172,
175,
179,
187,
221,
227,
230,
235,
236,
237,
238,
254,
],
'go-project:sources/go/kubernetes/test/e2e/framework/util.go':[
2027,
],
'go-project:sources/go/kubernetes/test/e2e/ingress.go':[
160,
],
'go-project:sources/go/kubernetes/test/e2e/kubectl.go':[
489,
497,
1415,
],
'go-project:sources/go/kubernetes/test/e2e/storage/pd.go':[
353,
458,
],
'go-project:sources/go/kubernetes/test/e2e/storage/persistent_volumes-disruptive.go':[
212,
],
'go-project:sources/go/kubernetes/test/e2e/storage/persistent_volumes-gce.go':[
41,
],
'go-project:sources/go/kubernetes/test/e2e/storage/pv_reclaimpolicy.go':[
150,
],
'go-project:sources/go/kubernetes/test/e2e/storage/pvc_label_selector.go':[
104,
],
'go-project:sources/go/kubernetes/test/e2e/storage/vsphere_volume_vsan_policy.go':[
187,
],
'go-project:sources/go/kubernetes/test/e2e_federation/ingress.go':[
339,
610,
],
'go-project:sources/go/kubernetes/test/e2e_federation/replicaset.go':[
223,
],
'go-project:sources/go/kubernetes/test/e2e_federation/util.go':[
103,
],
'go-project:sources/go/kubernetes/test/e2e_node/node_problem_detector_linux.go':[
197,
],
'go-project:sources/go/kubernetes/test/e2e_node/runner/local/run_local.go':[
35,
],
'go-project:sources/go/kubernetes/test/e2e_node/runner/remote/run_remote.go':[
58,
61,
],
'go-project:sources/go/kubernetes/test/integration/framework/master_utils.go':[
129,
345,
],
'go-project:sources/go/kubernetes/test/utils/deployment.go':[
203,
],
'go-project:sources/go/kubernetes/test/utils/runners.go':[
718,
],
}
