{
'go-project:sources/go/kubernetes/pkg/api/testing/fuzzer.go':[
56,
169,
],
'go-project:sources/go/kubernetes/staging/src/k8s.io/apimachinery/pkg/api/testing/fuzzer.go':[
80,
],
'go-project:sources/go/kubernetes/staging/src/k8s.io/apiserver/pkg/apis/example/fuzzer/fuzzer.go':[
35,
],
}
