{
'kotlin-intellij-rust-project:sources/kotlin/intellij-rust/src/main/kotlin/org/rust/ide/intentions/IfLetToMatchIntention.kt':[
51,
],
'kotlin-intellij-rust-project:sources/kotlin/intellij-rust/src/main/kotlin/org/rust/ide/intentions/UnElideLifetimesIntention.kt':[
40,
],
'kotlin-intellij-rust-project:sources/kotlin/intellij-rust/src/main/kotlin/org/rust/ide/template/RsContextType.kt':[
57,
],
'kotlin-intellij-rust-project:sources/kotlin/intellij-rust/src/main/kotlin/org/rust/lang/core/types/infer/TypeInference.kt':[
1520,
],
}
