{
'go-project:ruling/src/integrationTest/resources/sources/ParsingError.go':[
0,
],
}
