{
'go-project:ruling/src/integrationTest/resources/sources/S1313.go':[
4,
],
}
