{
'go-project:ruling/src/integrationTest/resources/sources/S3923.go':[
4,
],
}
