{
'go-project:ruling/src/integrationTest/resources/sources/S4663.go':[
7,
],
}
