{
'go-project:ruling/src/integrationTest/resources/sources/S1314.go':[
6,
],
}
