{
'go-project:ruling/src/integrationTest/resources/sources/S108.go':[
18,
],
'go-project:sources/kubernetes-client-go/applyconfigurations/utils.go':[
133,
],
'go-project:sources/kubernetes-client-go/dynamic/fake/simple.go':[
168,
216,
252,
279,
302,
319,
360,
408,
426,
466,
],
'go-project:sources/kubernetes-client-go/informers/generic.go':[
102,
],
'go-project:sources/kubernetes-client-go/metadata/fake/simple.go':[
124,
172,
208,
235,
259,
277,
312,
357,
375,
],
'go-project:sources/kubernetes-client-go/rest/client.go':[
304,
],
'go-project:sources/kubernetes-client-go/rest/request.go':[
209,
613,
1109,
1122,
1358,
1373,
1403,
1553,
1600,
1635,
],
'go-project:sources/kubernetes-client-go/third_party/forked/golang/template/exec.go':[
45,
],
'go-project:sources/kubernetes-client-go/third_party/forked/golang/template/funcs.go':[
31,
],
'go-project:sources/kubernetes-client-go/tools/cache/controller.go':[
552,
],
'go-project:sources/kubernetes-client-go/tools/cache/reflector.go':[
524,
],
'go-project:sources/kubernetes-client-go/tools/cache/store.go':[
144,
],
'go-project:sources/kubernetes-client-go/tools/cache/testing/fake_controller_source.go':[
152,
],
'go-project:sources/kubernetes-client-go/tools/clientcmd/merged_client_builder.go':[
105,
],
'go-project:sources/kubernetes-client-go/tools/clientcmd/validation.go':[
74,
144,
],
'go-project:sources/kubernetes-client-go/tools/portforward/portforward.go':[
367,
],
'go-project:sources/kubernetes-client-go/tools/record/util/util.go':[
28,
],
'go-project:sources/kubernetes-client-go/tools/remotecommand/spdy.go':[
124,
],
'go-project:sources/kubernetes-client-go/tools/remotecommand/websocket.go':[
136,
],
'go-project:sources/kubernetes-client-go/transport/round_trippers.go':[
47,
73,
],
'go-project:sources/kubernetes-client-go/util/jsonpath/jsonpath.go':[
522,
534,
],
'go-project:sources/kubernetes-client-go/util/jsonpath/parser.go':[
262,
351,
404,
454,
],
'go-project:sources/kubernetes-client-go/util/keyutil/key.go':[
168,
],
'go-project:sources/minio/cmd/admin-bucket-handlers.go':[
219,
429,
799,
],
'go-project:sources/minio/cmd/admin-handlers-config-kv.go':[
499,
],
'go-project:sources/minio/cmd/admin-handlers-idp-config.go':[
74,
178,
292,
],
'go-project:sources/minio/cmd/admin-handlers-users.go':[
2068,
],
'go-project:sources/minio/cmd/admin-handlers.go':[
491,
514,
575,
640,
1442,
],
'go-project:sources/minio/cmd/api-errors.go':[
2153,
2446,
],
'go-project:sources/minio/cmd/api-response.go':[
508,
585,
719,
946,
953,
],
'go-project:sources/minio/cmd/api-utils.go':[
33,
],
'go-project:sources/minio/cmd/auth-handler.go':[
366,
376,
682,
753,
],
'go-project:sources/minio/cmd/batch-handlers.go':[
775,
1476,
1490,
1953,
2077,
2109,
2260,
],
'go-project:sources/minio/cmd/bucket-handlers.go':[
1301,
1718,
],
'go-project:sources/minio/cmd/bucket-lifecycle.go':[
359,
431,
589,
1067,
],
'go-project:sources/minio/cmd/bucket-metadata.go':[
410,
],
'go-project:sources/minio/cmd/bucket-object-lock.go':[
106,
194,
],
'go-project:sources/minio/cmd/bucket-policy.go':[
111,
119,
],
'go-project:sources/minio/cmd/bucket-replication-stats.go':[
185,
227,
271,
],
'go-project:sources/minio/cmd/bucket-replication-utils.go':[
108,
127,
460,
480,
],
'go-project:sources/minio/cmd/bucket-replication.go':[
381,
3189,
3440,
],
'go-project:sources/minio/cmd/bucket-targets.go':[
330,
],
'go-project:sources/minio/cmd/common-main.go':[
387,
396,
],
'go-project:sources/minio/cmd/config-current.go':[
565,
],
'go-project:sources/minio/cmd/config-migrate.go':[
119,
],
'go-project:sources/minio/cmd/consolelogger.go':[
186,
],
'go-project:sources/minio/cmd/data-scanner.go':[
95,
312,
1021,
1232,
1351,
1377,
1415,
1557,
],
'go-project:sources/minio/cmd/data-usage-cache.go':[
896,
900,
],
'go-project:sources/minio/cmd/encryption-v1.go':[
447,
1004,
1122,
],
'go-project:sources/minio/cmd/erasure-decode.go':[
194,
],
'go-project:sources/minio/cmd/erasure-healing.go':[
881,
],
'go-project:sources/minio/cmd/erasure-metadata-utils.go':[
120,
],
'go-project:sources/minio/cmd/erasure-metadata.go':[
185,
210,
663,
],
'go-project:sources/minio/cmd/erasure-multipart.go':[
626,
1153,
],
'go-project:sources/minio/cmd/erasure-object.go':[
689,
1149,
1363,
1977,
],
'go-project:sources/minio/cmd/erasure-server-pool-rebalance.go':[
813,
],
'go-project:sources/minio/cmd/erasure-sets.go':[
988,
],
'go-project:sources/minio/cmd/format-erasure.go':[
216,
],
'go-project:sources/minio/cmd/ftp-server.go':[
86,
],
'go-project:sources/minio/cmd/generic-handlers.go':[
249,
323,
],
'go-project:sources/minio/cmd/healthcheck-handler.go':[
143,
158,
176,
203,
],
'go-project:sources/minio/cmd/http-stats.go':[
163,
440,
],
'go-project:sources/minio/cmd/iam-etcd-store.go':[
484,
],
'go-project:sources/minio/cmd/iam-store.go':[
1878,
2425,
2676,
],
'go-project:sources/minio/cmd/iam.go':[
510,
],
'go-project:sources/minio/cmd/metacache-set.go':[
340,
465,
479,
606,
1105,
],
'go-project:sources/minio/cmd/metacache-stream.go':[
301,
346,
416,
500,
617,
673,
719,
],
'go-project:sources/minio/cmd/metacache-walk.go':[
339,
],
'go-project:sources/minio/cmd/metacache.go':[
87,
],
'go-project:sources/minio/cmd/metrics-v2.go':[
3750,
],
'go-project:sources/minio/cmd/metrics-v3-system-drive.go':[
157,
],
'go-project:sources/minio/cmd/net.go':[
70,
],
'go-project:sources/minio/cmd/object-api-errors.go':[
42,
],
'go-project:sources/minio/cmd/object-api-utils.go':[
544,
1257,
],
'go-project:sources/minio/cmd/object-handlers.go':[
279,
506,
851,
925,
1042,
1450,
1786,
1841,
2073,
2229,
],
'go-project:sources/minio/cmd/object-multipart-handlers.go':[
619,
672,
875,
],
'go-project:sources/minio/cmd/os-reliable.go':[
39,
],
'go-project:sources/minio/cmd/os_windows.go':[
83,
151,
],
'go-project:sources/minio/cmd/postpolicyform.go':[
266,
],
'go-project:sources/minio/cmd/server-main.go':[
335,
],
'go-project:sources/minio/cmd/setup-type.go':[
41,
],
'go-project:sources/minio/cmd/sftp-server-driver.go':[
309,
405,
],
'go-project:sources/minio/cmd/sftp-server.go':[
409,
],
'go-project:sources/minio/cmd/signals.go':[
107,
],
'go-project:sources/minio/cmd/signature-v4-utils.go':[
69,
],
'go-project:sources/minio/cmd/site-replication-metrics.go':[
154,
],
'go-project:sources/minio/cmd/site-replication-utils.go':[
207,
236,
281,
],
'go-project:sources/minio/cmd/site-replication.go':[
1340,
5911,
],
'go-project:sources/minio/cmd/storage-rest-client.go':[
65,
91,
],
'go-project:sources/minio/cmd/sts-errors.go':[
41,
],
'go-project:sources/minio/cmd/sts-handlers.go':[
427,
429,
568,
],
'go-project:sources/minio/cmd/tier-handlers.go':[
100,
],
'go-project:sources/minio/cmd/tier-sweeper.go':[
116,
],
'go-project:sources/minio/cmd/tier.go':[
334,
],
'go-project:sources/minio/cmd/untar.go':[
184,
206,
],
'go-project:sources/minio/cmd/utils.go':[
123,
],
'go-project:sources/minio/cmd/warm-backend-azure.go':[
132,
234,
],
'go-project:sources/minio/cmd/warm-backend-gcs.go':[
158,
192,
],
'go-project:sources/minio/cmd/warm-backend-s3.go':[
116,
],
'go-project:sources/minio/cmd/warm-backend.go':[
103,
],
'go-project:sources/minio/cmd/xl-storage-format-v2-legacy.go':[
29,
],
'go-project:sources/minio/cmd/xl-storage-format-v2.go':[
325,
340,
407,
420,
433,
654,
662,
1266,
1378,
1522,
1646,
1688,
],
'go-project:sources/minio/cmd/xl-storage-free-version.go':[
54,
],
'go-project:sources/minio/cmd/xl-storage.go':[
383,
668,
1775,
1965,
],
'go-project:sources/minio/docs/debugging/inspect/main.go':[
137,
],
'go-project:sources/minio/internal/bucket/encryption/bucket-sse-config.go':[
100,
146,
],
'go-project:sources/minio/internal/bucket/lifecycle/filter.go':[
195,
],
'go-project:sources/minio/internal/bucket/lifecycle/lifecycle.go':[
444,
489,
494,
534,
],
'go-project:sources/minio/internal/bucket/lifecycle/noncurrentversion.go':[
86,
],
'go-project:sources/minio/internal/bucket/object/lock/lock.go':[
64,
72,
94,
102,
],
'go-project:sources/minio/internal/bucket/replication/replication.go':[
140,
],
'go-project:sources/minio/internal/config/bool-flag.go':[
72,
],
'go-project:sources/minio/internal/config/heal/heal.go':[
128,
],
'go-project:sources/minio/internal/config/identity/openid/provider/keycloak.go':[
105,
],
'go-project:sources/minio/internal/config/lambda/target/webhook.go':[
122,
184,
],
'go-project:sources/minio/internal/config/notify/parse.go':[
98,
],
'go-project:sources/minio/internal/event/config.go':[
129,
],
'go-project:sources/minio/internal/event/errors.go':[
27,
],
'go-project:sources/minio/internal/event/name.go':[
158,
],
'go-project:sources/minio/internal/event/target/kafka.go':[
256,
],
'go-project:sources/minio/internal/event/target/mysql.go':[
337,
],
'go-project:sources/minio/internal/event/target/postgresql.go':[
339,
],
'go-project:sources/minio/internal/event/target/webhook.go':[
187,
],
'go-project:sources/minio/internal/grid/connection.go':[
1723,
],
'go-project:sources/minio/internal/hash/checksum.go':[
92,
107,
127,
144,
162,
461,
],
'go-project:sources/minio/internal/jwt/parser.go':[
125,
],
'go-project:sources/minio/internal/kms/config.go':[
335,
],
'go-project:sources/minio/internal/logger/config.go':[
317,
633,
],
'go-project:sources/minio/internal/logger/logger.go':[
318,
],
'go-project:sources/minio/internal/mountinfo/mountinfo_windows.go':[
53,
],
'go-project:sources/minio/internal/rest/client.go':[
295,
],
'go-project:sources/minio/internal/s3select/jstream/decoder.go':[
362,
],
'go-project:sources/minio/internal/s3select/select.go':[
352,
381,
468,
731,
],
'go-project:sources/minio/internal/s3select/simdj/record.go':[
47,
],
'go-project:sources/minio/internal/s3select/sql/aggregation.go':[
265,
],
'go-project:sources/minio/internal/s3select/sql/analysis.go':[
226,
],
'go-project:sources/minio/internal/s3select/sql/evaluate.go':[
417,
469,
496,
],
'go-project:sources/minio/internal/s3select/sql/funceval.go':[
90,
516,
],
'go-project:sources/minio/internal/s3select/sql/jsonpath.go':[
43,
],
'go-project:sources/minio/internal/s3select/sql/record.go':[
76,
],
'go-project:sources/minio/internal/s3select/sql/statement.go':[
165,
],
'go-project:sources/minio/internal/s3select/sql/utils.go':[
62,
],
'go-project:sources/minio/internal/s3select/sql/value.go':[
65,
166,
247,
268,
332,
491,
806,
826,
845,
915,
939,
],
'go-project:sources/minio/internal/s3select/sql/value_contrib.go':[
22,
],
'go-project:sources/prometheus/cmd/promtool/main.go':[
303,
338,
629,
669,
],
'go-project:sources/prometheus/cmd/promtool/tsdb.go':[
659,
],
'go-project:sources/prometheus/discovery/azure/azure.go':[
295,
],
'go-project:sources/prometheus/discovery/dns/dns.go':[
132,
302,
],
'go-project:sources/prometheus/discovery/hetzner/hetzner.go':[
161,
],
'go-project:sources/prometheus/discovery/kubernetes/kubernetes.go':[
365,
714,
743,
],
'go-project:sources/prometheus/discovery/marathon/marathon.go':[
119,
154,
422,
],
'go-project:sources/prometheus/discovery/openstack/openstack.go':[
209,
],
'go-project:sources/prometheus/discovery/ovhcloud/ovhcloud.go':[
141,
],
'go-project:sources/prometheus/discovery/puppetdb/resources.go':[
61,
],
'go-project:sources/prometheus/discovery/scaleway/scaleway.go':[
215,
],
'go-project:sources/prometheus/model/histogram/float_histogram.go':[
234,
396,
448,
1083,
1151,
1155,
1175,
],
'go-project:sources/prometheus/model/histogram/generic.go':[
717,
],
'go-project:sources/prometheus/model/labels/matcher.go':[
109,
124,
],
'go-project:sources/prometheus/model/labels/regexp.go':[
423,
511,
537,
593,
],
'go-project:sources/prometheus/model/relabel/relabel.go':[
76,
],
'go-project:sources/prometheus/model/textparse/interface.go':[
109,
],
'go-project:sources/prometheus/model/textparse/nhcbparse.go':[
166,
199,
283,
],
'go-project:sources/prometheus/model/textparse/openmetricsparse.go':[
467,
494,
699,
],
'go-project:sources/prometheus/model/textparse/promlex.l.go':[
648,
],
'go-project:sources/prometheus/model/textparse/promparse.go':[
72,
322,
346,
],
'go-project:sources/prometheus/model/textparse/protobufparse.go':[
271,
582,
629,
],
'go-project:sources/prometheus/prompb/io/prometheus/write/v2/codec.go':[
35,
],
'go-project:sources/prometheus/promql/engine.go':[
558,
678,
870,
956,
987,
1014,
1358,
1565,
1658,
1895,
2006,
2031,
2363,
2408,
2479,
2609,
2763,
2797,
2800,
2831,
2840,
2851,
2922,
3198,
3242,
3258,
3327,
3577,
3579,
3639,
3684,
],
'go-project:sources/prometheus/promql/functions.go':[
1409,
1425,
1454,
1470,
],
'go-project:sources/prometheus/promql/parser/ast.go':[
273,
],
'go-project:sources/prometheus/promql/parser/lex.go':[
34,
94,
229,
397,
511,
803,
826,
846,
],
'go-project:sources/prometheus/promql/parser/parse.go':[
322,
360,
753,
964,
],
'go-project:sources/prometheus/promql/parser/printer.go':[
83,
152,
159,
207,
214,
258,
265,
],
'go-project:sources/prometheus/promql/promqltest/test.go':[
325,
536,
1007,
1128,
1182,
],
'go-project:sources/prometheus/promql/quantile.go':[
245,
393,
],
'go-project:sources/prometheus/rules/alerting.go':[
64,
],
'go-project:sources/prometheus/scrape/manager.go':[
289,
],
'go-project:sources/prometheus/scrape/scrape.go':[
449,
988,
1566,
],
'go-project:sources/prometheus/storage/buffer.go':[
350,
441,
457,
477,
779,
],
'go-project:sources/prometheus/storage/fanout.go':[
264,
],
'go-project:sources/prometheus/storage/memoized_iterator.go':[
84,
108,
],
'go-project:sources/prometheus/storage/merge.go':[
50,
97,
],
'go-project:sources/prometheus/storage/remote/codec.go':[
436,
],
'go-project:sources/prometheus/storage/remote/ewma.go':[
58,
],
'go-project:sources/prometheus/storage/remote/otlptranslator/prometheus/helpers_from_stdlib.go':[
74,
],
'go-project:sources/prometheus/storage/remote/otlptranslator/prometheusremotewrite/helper.go':[
231,
421,
],
'go-project:sources/prometheus/storage/remote/otlptranslator/prometheusremotewrite/number_data_points.go':[
52,
88,
],
'go-project:sources/prometheus/storage/remote/otlptranslator/prometheusremotewrite/otlp_to_openmetrics_metadata.go':[
26,
],
'go-project:sources/prometheus/storage/remote/queue_manager.go':[
1176,
1325,
1538,
1614,
1941,
1994,
],
'go-project:sources/prometheus/storage/series.go':[
458,
],
'go-project:sources/prometheus/tracing/tracing.go':[
181,
],
'go-project:sources/prometheus/tsdb/agent/db.go':[
956,
1036,
],
'go-project:sources/prometheus/tsdb/chunkenc/chunk.go':[
36,
357,
370,
],
'go-project:sources/prometheus/tsdb/chunkenc/float_histogram.go':[
385,
743,
],
'go-project:sources/prometheus/tsdb/chunkenc/histogram.go':[
403,
777,
],
'go-project:sources/prometheus/tsdb/chunkenc/histogram_meta.go':[
345,
416,
],
'go-project:sources/prometheus/tsdb/chunkenc/xor.go':[
350,
],
'go-project:sources/prometheus/tsdb/chunks/head_chunks.go':[
1029,
],
'go-project:sources/prometheus/tsdb/db.go':[
1158,
1804,
],
'go-project:sources/prometheus/tsdb/head_append.go':[
364,
389,
684,
706,
743,
790,
],
'go-project:sources/prometheus/tsdb/index/index.go':[
85,
377,
],
'go-project:sources/prometheus/tsdb/index/postings.go':[
919,
],
'go-project:sources/prometheus/tsdb/ooo_head.go':[
126,
],
'go-project:sources/prometheus/tsdb/ooo_head_read.go':[
192,
],
'go-project:sources/prometheus/tsdb/querier.go':[
995,
],
'go-project:sources/prometheus/tsdb/record/record.go':[
209,
260,
],
'go-project:sources/prometheus/tsdb/testutil.go':[
147,
203,
],
'go-project:sources/prometheus/tsdb/tombstones/tombstones.go':[
192,
],
'go-project:sources/prometheus/tsdb/wlog/live_reader.go':[
134,
],
'go-project:sources/prometheus/util/httputil/compression.go':[
61,
],
'go-project:sources/prometheus/util/stats/query_stats.go':[
138,
],
'go-project:sources/prometheus/util/strutil/quote.go':[
129,
165,
246,
],
'go-project:sources/prometheus/util/treecache/treecache.go':[
178,
216,
233,
],
'go-project:sources/prometheus/web/api/v1/api.go':[
650,
2035,
],
'go-project:sources/prometheus/web/api/v1/translate_ast.go':[
32,
],
'go-project:sources/prometheus/web/ui/ui.go':[
36,
],
'go-project:sources/prometheus/web/web.go':[
822,
],
'go-project:sources/traefik/integration/fake_dns_server.go':[
27,
],
'go-project:sources/traefik/pkg/api/handler_overview.go':[
73,
92,
111,
130,
149,
168,
187,
206,
],
'go-project:sources/traefik/pkg/collector/hydratation/hydration.go':[
27,
],
'go-project:sources/traefik/pkg/healthcheck/healthcheck.go':[
230,
247,
],
'go-project:sources/traefik/pkg/muxer/tcp/matcher_v2.go':[
223,
],
'go-project:sources/traefik/pkg/provider/kubernetes/crd/generated/informers/externalversions/generic.go':[
62,
],
'go-project:sources/traefik/pkg/provider/kubernetes/crd/kubernetes.go':[
574,
],
'go-project:sources/traefik/pkg/provider/kubernetes/crd/kubernetes_http.go':[
664,
],
'go-project:sources/traefik/pkg/provider/kubernetes/gateway/grpcroute.go':[
412,
],
'go-project:sources/traefik/pkg/provider/kubernetes/gateway/httproute.go':[
659,
678,
752,
786,
],
'go-project:sources/traefik/pkg/provider/kubernetes/gateway/kubernetes.go':[
781,
865,
979,
],
'go-project:sources/traefik/pkg/provider/kv/redis/redis.go':[
63,
],
'go-project:sources/traefik/pkg/proxy/fast/connpool.go':[
451,
],
'go-project:sources/traefik/pkg/proxy/fast/dialer.go':[
186,
],
'go-project:sources/traefik/pkg/proxy/fast/proxy.go':[
318,
],
'go-project:sources/traefik/pkg/proxy/httputil/observability.go':[
88,
],
'go-project:sources/traefik/pkg/proxy/httputil/proxy.go':[
164,
176,
],
'go-project:sources/traefik/pkg/redactor/redactor.go':[
78,
],
'go-project:sources/traefik/pkg/server/cookie/cookie.go':[
39,
],
'go-project:sources/traefik/pkg/tls/version.go':[
8,
],
'go-project:sources/traefik/pkg/tracing/tracing.go':[
179,
],
}
