{
'go-project:sources/go/kubernetes/cmd/libs/go2idl/client-gen/generators/client_generator.go':[
289,
],
'go-project:sources/go/kubernetes/cmd/libs/go2idl/go-to-protobuf/protobuf/generator.go':[
312,
322,
],
'go-project:sources/go/kubernetes/cmd/libs/go2idl/go-to-protobuf/protobuf/parser.go':[
203,
232,
],
'go-project:sources/go/kubernetes/cmd/linkcheck/links.go':[
146,
149,
],
'go-project:sources/go/kubernetes/cmd/mungedocs/links.go':[
228,
],
'go-project:sources/go/kubernetes/federation/cmd/federation-controller-manager/app/controllermanager.go':[
227,
],
'go-project:sources/go/kubernetes/federation/pkg/dnsprovider/providers/coredns/rrchangeset.go':[
99,
],
'go-project:sources/go/kubernetes/federation/pkg/federation-controller/cluster/clustercontroller.go':[
199,
],
'go-project:sources/go/kubernetes/federation/pkg/federation-controller/ingress/ingress_controller.go':[
834,
841,
],
'go-project:sources/go/kubernetes/federation/pkg/federation-controller/service/dns/dns.go':[
268,
424,
429,
],
'go-project:sources/go/kubernetes/federation/pkg/federation-controller/util/podanalyzer/pod_helper.go':[
65,
69,
],
'go-project:sources/go/kubernetes/federation/pkg/kubefed/util/util.go':[
312,
315,
],
'go-project:sources/go/kubernetes/pkg/api/pod/util.go':[
68,
138,
],
'go-project:sources/go/kubernetes/pkg/api/v1/pod/util.go':[
156,
226,
],
'go-project:sources/go/kubernetes/pkg/api/validation/validation.go':[
888,
911,
930,
],
'go-project:sources/go/kubernetes/pkg/apis/extensions/validation/validation.go':[
957,
961,
],
'go-project:sources/go/kubernetes/pkg/apis/networking/validation/validation.go':[
51,
55,
],
'go-project:sources/go/kubernetes/pkg/cloudprovider/providers/aws/aws.go':[
1514,
3186,
],
'go-project:sources/go/kubernetes/pkg/cloudprovider/providers/azure/azure_loadbalancer.go':[
361,
384,
402,
422,
],
'go-project:sources/go/kubernetes/pkg/cloudprovider/providers/gce/gce_instances.go':[
556,
],
'go-project:sources/go/kubernetes/pkg/cloudprovider/providers/gce/gce_loadbalancer_external.go':[
144,
437,
],
'go-project:sources/go/kubernetes/pkg/cloudprovider/providers/openstack/openstack_loadbalancer.go':[
799,
],
'go-project:sources/go/kubernetes/pkg/cloudprovider/providers/photon/photon.go':[
196,
327,
389,
],
'go-project:sources/go/kubernetes/pkg/cloudprovider/providers/vsphere/vsphere.go':[
487,
],
'go-project:sources/go/kubernetes/pkg/controller/cloud/nodecontroller.go':[
242,
],
'go-project:sources/go/kubernetes/pkg/controller/daemon/daemoncontroller.go':[
930,
],
'go-project:sources/go/kubernetes/pkg/controller/disruption/disruption.go':[
564,
570,
],
'go-project:sources/go/kubernetes/pkg/controller/node/nodecontroller.go':[
598,
610,
625,
637,
652,
655,
659,
689,
747,
902,
909,
],
'go-project:sources/go/kubernetes/pkg/controller/podautoscaler/horizontal.go':[
421,
433,
438,
441,
449,
482,
498,
],
'go-project:sources/go/kubernetes/pkg/controller/volume/attachdetach/reconciler/reconciler.go':[
261,
],
'go-project:sources/go/kubernetes/pkg/controller/volume/persistentvolume/pv_controller.go':[
321,
324,
337,
345,
529,
537,
],
'go-project:sources/go/kubernetes/pkg/kubectl/cmd/config/set.go':[
224,
],
'go-project:sources/go/kubernetes/pkg/kubectl/cmd/create_role.go':[
254,
],
'go-project:sources/go/kubernetes/pkg/kubectl/cmd/drain.go':[
500,
641,
],
'go-project:sources/go/kubernetes/pkg/kubectl/cmd/get.go':[
506,
],
'go-project:sources/go/kubernetes/pkg/kubectl/cmd/help.go':[
61,
],
'go-project:sources/go/kubernetes/pkg/kubectl/cmd/set/set_image.go':[
189,
],
'go-project:sources/go/kubernetes/pkg/kubectl/cmd/util/shortcut_restmapper.go':[
88,
],
'go-project:sources/go/kubernetes/pkg/kubectl/configmap.go':[
193,
],
'go-project:sources/go/kubernetes/pkg/kubectl/secret.go':[
192,
],
'go-project:sources/go/kubernetes/pkg/kubelet/config/config.go':[
246,
],
'go-project:sources/go/kubernetes/pkg/kubelet/dockershim/docker_sandbox.go':[
203,
],
'go-project:sources/go/kubernetes/pkg/kubelet/kubelet.go':[
343,
],
'go-project:sources/go/kubernetes/pkg/kubelet/kubelet_node_status.go':[
444,
488,
495,
],
'go-project:sources/go/kubernetes/pkg/kubelet/kubelet_pods.go':[
166,
173,
461,
496,
545,
550,
554,
563,
578,
590,
605,
],
'go-project:sources/go/kubernetes/pkg/kubelet/network/hostport/fake_iptables.go':[
272,
279,
285,
288,
],
'go-project:sources/go/kubernetes/pkg/kubelet/volumemanager/reconciler/reconciler.go':[
256,
296,
303,
],
'go-project:sources/go/kubernetes/pkg/master/controller.go':[
372,
],
'go-project:sources/go/kubernetes/pkg/printers/common.go':[
35,
],
'go-project:sources/go/kubernetes/pkg/printers/humanreadable.go':[
329,
338,
352,
],
'go-project:sources/go/kubernetes/pkg/printers/internalversion/printers.go':[
221,
225,
326,
],
'go-project:sources/go/kubernetes/pkg/proxy/iptables/proxier.go':[
1229,
1332,
1343,
],
'go-project:sources/go/kubernetes/pkg/proxy/userspace/proxier.go':[
273,
],
'go-project:sources/go/kubernetes/pkg/registry/core/service/rest.go':[
146,
160,
378,
498,
],
'go-project:sources/go/kubernetes/pkg/registry/rbac/validation/policy_comparator.go':[
64,
],
'go-project:sources/go/kubernetes/pkg/registry/rbac/validation/rule.go':[
157,
163,
],
'go-project:sources/go/kubernetes/pkg/util/ipconfig/ipconfig.go':[
80,
83,
],
'go-project:sources/go/kubernetes/pkg/util/iptables/save_restore.go':[
97,
],
'go-project:sources/go/kubernetes/pkg/util/oom/oom_linux.go':[
106,
],
'go-project:sources/go/kubernetes/pkg/volume/azure_dd/azure_common.go':[
292,
299,
],
'go-project:sources/go/kubernetes/pkg/volume/downwardapi/downwardapi.go':[
249,
],
'go-project:sources/go/kubernetes/pkg/volume/projected/projected.go':[
265,
288,
292,
],
'go-project:sources/go/kubernetes/pkg/volume/rbd/rbd_util.go':[
159,
],
'go-project:sources/go/kubernetes/pkg/volume/util.go':[
115,
],
'go-project:sources/go/kubernetes/plugin/pkg/admission/limitranger/admission.go':[
472,
477,
482,
490,
495,
500,
521,
530,
],
'go-project:sources/go/kubernetes/plugin/pkg/admission/resourcequota/controller.go':[
356,
],
'go-project:sources/go/kubernetes/plugin/pkg/scheduler/algorithm/predicates/predicates.go':[
553,
],
'go-project:sources/go/kubernetes/staging/src/k8s.io/apimachinery/pkg/api/resource/quantity.go':[
332,
336,
],
'go-project:sources/go/kubernetes/staging/src/k8s.io/apimachinery/pkg/api/resource/quantity_proto.go':[
245,
248,
254,
],
'go-project:sources/go/kubernetes/staging/src/k8s.io/apimachinery/pkg/util/net/interface.go':[
175,
],
'go-project:sources/go/kubernetes/staging/src/k8s.io/apimachinery/pkg/util/strategicpatch/patch.go':[
1430,
1572,
1575,
],
'go-project:sources/go/kubernetes/staging/src/k8s.io/apimachinery/third_party/forked/golang/json/fields.go':[
194,
205,
406,
],
'go-project:sources/go/kubernetes/staging/src/k8s.io/apiserver/pkg/endpoints/handlers/response.go':[
128,
135,
],
'go-project:sources/go/kubernetes/staging/src/k8s.io/apiserver/pkg/endpoints/installer.go':[
811,
],
'go-project:sources/go/kubernetes/staging/src/k8s.io/apiserver/pkg/registry/generic/registry/store.go':[
371,
],
'go-project:sources/go/kubernetes/staging/src/k8s.io/apiserver/pkg/util/proxy/dial.go':[
68,
],
'go-project:sources/go/kubernetes/staging/src/k8s.io/apiserver/pkg/util/proxy/transport.go':[
180,
],
'go-project:sources/go/kubernetes/staging/src/k8s.io/client-go/tools/cache/reflector.go':[
312,
],
'go-project:sources/go/kubernetes/staging/src/k8s.io/client-go/util/jsonpath/jsonpath.go':[
388,
416,
],
'go-project:sources/go/kubernetes/test/e2e/framework/resource_usage_gatherer.go':[
332,
342,
],
'go-project:sources/go/kubernetes/test/e2e/framework/service_util.go':[
1039,
],
'go-project:sources/go/kubernetes/test/e2e/framework/util.go':[
3981,
3987,
4005,
4008,
4173,
],
'go-project:sources/go/kubernetes/test/e2e/perf/density.go':[
107,
580,
587,
681,
698,
],
'go-project:sources/go/kubernetes/test/e2e/stackdriver_monitoring.go':[
130,
],
'go-project:sources/go/kubernetes/test/e2e_node/services/server.go':[
241,
],
'go-project:sources/go/kubernetes/test/images/netexec/netexec.go':[
391,
],
'go-project:sources/go/kubernetes/test/utils/runners.go':[
671,
],
}
