{
'go-project:sources/go/kubernetes/federation/client/clientset_generated/federation_clientset/clientset.go':[
71,
88,
105,
122,
139,
],
'go-project:sources/go/kubernetes/pkg/client/clientset_generated/clientset/clientset.go':[
134,
151,
168,
185,
210,
235,
260,
285,
302,
319,
336,
353,
378,
403,
],
'go-project:sources/go/kubernetes/pkg/cloudprovider/providers/aws/aws_loadbalancer.go':[
370,
],
'go-project:sources/go/kubernetes/pkg/cloudprovider/providers/rackspace/rackspace.go':[
427,
],
'go-project:sources/go/kubernetes/pkg/kubelet/cadvisor/testing/cadvisor_mock.go':[
77,
],
'go-project:sources/go/kubernetes/pkg/kubelet/container/testing/os.go':[
76,
],
'go-project:sources/go/kubernetes/pkg/kubelet/container/testing/runtime_mock.go':[
53,
],
'go-project:sources/go/kubernetes/pkg/kubelet/dockershim/libdocker/fake_client.go':[
481,
],
'go-project:sources/go/kubernetes/pkg/registry/authorization/rest/storage_authorization.go':[
77,
],
'go-project:sources/go/kubernetes/staging/src/k8s.io/apiextensions-apiserver/pkg/client/clientset/clientset/clientset.go':[
51,
],
'go-project:sources/go/kubernetes/staging/src/k8s.io/client-go/kubernetes/clientset.go':[
134,
151,
168,
185,
210,
235,
260,
285,
302,
319,
336,
353,
378,
403,
],
'go-project:sources/go/kubernetes/staging/src/k8s.io/client-go/tools/cache/thread_safe_store.go':[
76,
],
'go-project:sources/go/kubernetes/staging/src/k8s.io/client-go/util/flowcontrol/backoff.go':[
133,
],
'go-project:sources/go/kubernetes/staging/src/k8s.io/kube-aggregator/pkg/client/clientset_generated/clientset/clientset.go':[
51,
],
'go-project:sources/go/kubernetes/staging/src/k8s.io/metrics/pkg/client/clientset_generated/clientset/clientset.go':[
51,
],
}
