{
'kotlin-kotlin-project:sources/kotlin/kotlin/libraries/stdlib/jvm/src/kotlin/ranges/RangesJVM.kt':[
30,
],
'kotlin-kotlin-project:sources/kotlin/kotlin/libraries/stdlib/src/kotlin/ranges/Ranges.kt':[
68,
],
}
