{
'scala-project:sources/scala/cats/core/src/main/scala/cats/arrow/FunctionK.scala':[
142,
],
'scala-project:sources/scala/cats/project/Boilerplate.scala':[
296,
],
'scala-project:sources/scala/finagle/finagle-core/src/main/scala/com/twitter/finagle/builder/ClientBuilder.scala':[
1154,
1177,
],
'scala-project:sources/scala/finagle/finagle-core/src/main/scala/com/twitter/finagle/builder/ServerBuilder.scala':[
698,
708,
720,
733,
749,
790,
],
'scala-project:sources/scala/finagle/finagle-http/src/main/scala/com/twitter/finagle/http/RequestBuilder.scala':[
273,
288,
298,
308,
318,
328,
338,
],
'scala-project:sources/scala/finagle/finagle-mux/src/main/scala/com/twitter/finagle/mux/pushsession/MuxClientSession.scala':[
39,
40,
],
'scala-project:sources/scala/finagle/finagle-mux/src/main/scala/com/twitter/finagle/mux/pushsession/MuxServerSession.scala':[
23,
24,
],
'scala-project:sources/scala/finagle/finagle-mux/src/main/scala/com/twitter/finagle/mux/pushsession/ServerTracker.scala':[
29,
],
'scala-project:sources/scala/finagle/finagle-thrift/src/main/scala/com/twitter/finagle/thrift/TTwitterServerFilter.scala':[
44,
],
'scala-project:sources/scala/gitbucket/src/main/scala/gitbucket/core/api/ApiBranchProtection.scala':[
7,
24,
],
'scala-project:sources/scala/gitbucket/src/main/scala/gitbucket/core/api/ApiCombinedCommitStatus.scala':[
11,
],
'scala-project:sources/scala/gitbucket/src/main/scala/gitbucket/core/api/ApiComment.scala':[
11,
11,
],
'scala-project:sources/scala/gitbucket/src/main/scala/gitbucket/core/api/ApiCommitStatus.scala':[
13,
14,
16,
],
'scala-project:sources/scala/gitbucket/src/main/scala/gitbucket/core/api/ApiCommits.scala':[
12,
13,
28,
49,
50,
],
'scala-project:sources/scala/gitbucket/src/main/scala/gitbucket/core/api/ApiEndPoint.scala':[
3,
],
'scala-project:sources/scala/gitbucket/src/main/scala/gitbucket/core/api/ApiError.scala':[
3,
],
'scala-project:sources/scala/gitbucket/src/main/scala/gitbucket/core/api/ApiIssue.scala':[
17,
18,
],
'scala-project:sources/scala/gitbucket/src/main/scala/gitbucket/core/api/ApiPullRequest.scala':[
12,
13,
18,
19,
],
'scala-project:sources/scala/gitbucket/src/main/scala/gitbucket/core/api/ApiPullRequestReviewComment.scala':[
17,
21,
22,
],
'scala-project:sources/scala/gitbucket/src/main/scala/gitbucket/core/api/ApiRepository.scala':[
9,
14,
],
'scala-project:sources/scala/gitbucket/src/main/scala/gitbucket/core/api/ApiUser.scala':[
7,
7,
],
'scala-project:sources/scala/gitbucket/src/main/scala/gitbucket/core/api/CreateARepository.scala':[
11,
],
'scala-project:sources/scala/gitbucket/src/main/scala/gitbucket/core/api/CreateAStatus.scala':[
15,
],
'scala-project:sources/scala/gitbucket/src/main/scala/gitbucket/core/model/ReleaseAsset.scala':[
13,
],
'scala-project:sources/scala/gitbucket/src/main/scala/gitbucket/core/model/ReleaseTag.scala':[
11,
],
'scala-project:sources/scala/gitbucket/src/main/scala/gitbucket/core/service/WebHookService.scala':[
536,
537,
635,
718,
775,
780,
],
'scala-project:sources/scala/gitbucket/src/main/scala/gitbucket/core/servlet/GitRepositoryServlet.scala':[
518,
],
'scala-project:sources/scala/http4s/jetty/src/main/scala/org/http4s/server/jetty/JettyBuilder.scala':[
140,
],
'scala-project:sources/scala/http4s/server-metrics/src/main/scala/org/http4s/server/metrics/Metrics.scala':[
150,
],
'scala-project:sources/scala/incubator-openwhisk/common/scala/src/main/scala/whisk/core/database/DocumentHandler.scala':[
288,
],
'scala-project:sources/scala/kafka-manager/app/controllers/Logkafka.scala':[
200,
200,
226,
261,
261,
272,
272,
295,
295,
313,
313,
],
'scala-project:sources/scala/kafka-manager/app/kafka/manager/KafkaManager.scala':[
536,
537,
550,
551,
570,
571,
881,
],
'scala-project:sources/scala/kafka-manager/app/kafka/manager/logkafka/LogkafkaStateActor.scala':[
102,
108,
120,
121,
125,
126,
],
'scala-project:sources/scala/kafka-manager/app/kafka/manager/model/ActorModel.scala':[
98,
100,
101,
104,
105,
109,
109,
717,
718,
721,
722,
724,
725,
735,
736,
737,
738,
743,
744,
749,
756,
],
'scala-project:sources/scala/kafka-manager/app/kafka/manager/utils/Logkafka.scala':[
53,
65,
86,
126,
128,
131,
145,
146,
148,
],
'scala-project:sources/scala/kafka-manager/app/kafka/manager/utils/LogkafkaAdminUtils.scala':[
41,
42,
55,
56,
64,
65,
113,
114,
125,
],
'scala-project:sources/scala/kafka-manager/app/kafka/manager/utils/LogkafkaZkUtils.scala':[
31,
34,
],
'scala-project:sources/scala/kafka-manager/app/models/form/LogkafkaOperation.scala':[
16,
16,
17,
17,
18,
18,
],
'scala-project:sources/scala/kafka-manager/app/models/navigation/BreadCrumbs.scala':[
166,
166,
178,
178,
],
'scala-project:sources/scala/kafka-manager/app/models/navigation/QuickRoutes.scala':[
101,
102,
],
'scala-project:sources/scala/linkerd/istio/src/main/scala/io/buoyant/k8s/istio/DiscoveryClient.scala':[
56,
58,
],
'scala-project:sources/scala/linkerd/linkerd/protocol/h2/src/main/scala/io/buoyant/linkerd/protocol/h2/ZipkinTracePropagator.scala':[
78,
79,
80,
81,
],
'scala-project:sources/scala/linkerd/linkerd/protocol/http/src/main/scala/io/buoyant/linkerd/protocol/ZipkinTracePropagator.scala':[
80,
81,
82,
83,
],
'scala-project:sources/scala/linkerd/linkerd/protocol/thrift/src/main/scala/com/twitter/finagle/buoyant/linkerd/TTwitterServerFilter.scala':[
51,
],
'scala-project:sources/scala/linkerd/namer/marathon/src/main/scala/io/buoyant/namer/marathon/BasicAuthenticatorFilter.scala':[
7,
],
'scala-project:sources/scala/linkerd/namer/marathon/src/main/scala/io/buoyant/namer/marathon/MarathonInitializer.scala':[
39,
40,
],
'scala-project:sources/scala/linkerd/namerd/iface/control-http/src/main/scala/io/buoyant/namerd/iface/HttpControlService.scala':[
99,
],
'scala-project:sources/scala/linkerd/telemetry/statsd/src/test/scala/io/buoyant/telemetry/statsd/MockStatsDClient.scala':[
28,
28,
28,
29,
29,
29,
30,
30,
31,
31,
31,
32,
32,
33,
33,
33,
33,
34,
34,
34,
35,
35,
35,
35,
36,
36,
36,
37,
37,
37,
37,
38,
38,
38,
39,
39,
39,
39,
40,
40,
40,
41,
41,
41,
42,
42,
43,
43,
43,
44,
44,
45,
45,
46,
46,
46,
47,
47,
47,
47,
48,
48,
48,
49,
49,
49,
49,
50,
50,
50,
50,
51,
51,
51,
52,
52,
52,
52,
53,
53,
53,
54,
55,
55,
55,
56,
57,
57,
57,
57,
58,
58,
58,
],
'scala-project:sources/scala/mmlspark/src/core/schema/src/test/scala/TestCategoricals.scala':[
24,
39,
],
'scala-project:sources/scala/mmlspark/src/image-featurizer/src/main/scala/Superpixel.scala':[
273,
273,
273,
308,
308,
308,
331,
334,
],
'scala-project:sources/scala/mmlspark/src/lightgbm/src/main/scala/LightGBMBooster.scala':[
58,
85,
88,
94,
],
'scala-project:sources/scala/mmlspark/src/lightgbm/src/main/scala/LightGBMUtils.scala':[
287,
292,
],
'scala-project:sources/scala/playframework/framework/src/play-jdbc-evolutions/src/main/scala/play/api/db/evolutions/Evolutions.scala':[
27,
27,
],
'scala-project:sources/scala/playframework/framework/src/sbt-plugin/src/sbt-test/routes-compiler-plugin/injected-routes-compilation/app/controllers/Application.scala':[
39,
42,
42,
],
'scala-project:sources/scala/reforest/src/main/scala/reforest/ReForeStTrainer.scala':[
370,
387,
],
'scala-project:sources/scala/reforest/src/main/scala/reforest/data/tree/Forest.scala':[
441,
],
'scala-project:sources/scala/reforest/src/main/scala/reforest/data/tree/Tree.scala':[
92,
111,
137,
],
'scala-project:sources/scala/reforest/src/main/scala/reforest/data/tree/TreeFull.scala':[
61,
131,
131,
153,
168,
177,
187,
187,
197,
201,
201,
210,
220,
230,
],
'scala-project:sources/scala/reforest/src/main/scala/reforest/data/tree/TreeSparse.scala':[
60,
114,
114,
136,
151,
160,
170,
170,
180,
190,
190,
199,
209,
219,
],
'scala-project:sources/scala/rocket-chip/src/main/scala/amba/ahb/RegisterRouter.scala':[
34,
35,
36,
37,
38,
],
'scala-project:sources/scala/rocket-chip/src/main/scala/amba/axi4/Fragmenter.scala':[
59,
60,
98,
100,
],
'scala-project:sources/scala/rocket-chip/src/main/scala/amba/axi4/RegisterRouter.scala':[
45,
46,
47,
67,
],
'scala-project:sources/scala/rocket-chip/src/main/scala/amba/axi4/Xbar.scala':[
97,
97,
],
'scala-project:sources/scala/rocket-chip/src/main/scala/devices/debug/Periphery.scala':[
112,
],
'scala-project:sources/scala/rocket-chip/src/main/scala/diplomacy/AddressDecoder.scala':[
80,
81,
83,
84,
89,
91,
92,
97,
98,
99,
100,
],
'scala-project:sources/scala/rocket-chip/src/main/scala/diplomacy/Nodes.scala':[
553,
554,
559,
565,
],
'scala-project:sources/scala/rocket-chip/src/main/scala/diplomacy/Parameters.scala':[
147,
148,
204,
205,
],
'scala-project:sources/scala/rocket-chip/src/main/scala/diplomacy/Resources.scala':[
113,
],
'scala-project:sources/scala/rocket-chip/src/main/scala/interrupts/NullIntSource.scala':[
21,
],
'scala-project:sources/scala/rocket-chip/src/main/scala/regmapper/RegMapper.scala':[
144,
145,
146,
147,
],
'scala-project:sources/scala/rocket-chip/src/main/scala/regmapper/RegisterCrossing.scala':[
193,
194,
195,
196,
200,
204,
209,
221,
],
'scala-project:sources/scala/rocket-chip/src/main/scala/rocket/DCache.scala':[
362,
371,
],
'scala-project:sources/scala/rocket-chip/src/main/scala/rocket/Frontend.scala':[
206,
],
'scala-project:sources/scala/rocket-chip/src/main/scala/rocket/IBuf.scala':[
93,
],
'scala-project:sources/scala/rocket-chip/src/main/scala/rocket/RVC.scala':[
113,
134,
135,
138,
139,
],
'scala-project:sources/scala/rocket-chip/src/main/scala/rocket/RocketCore.scala':[
858,
859,
863,
864,
],
'scala-project:sources/scala/rocket-chip/src/main/scala/subsystem/FrontBus.scala':[
31,
],
'scala-project:sources/scala/rocket-chip/src/main/scala/subsystem/PeripheryBus.scala':[
44,
51,
],
'scala-project:sources/scala/rocket-chip/src/main/scala/subsystem/Ports.scala':[
119,
],
'scala-project:sources/scala/rocket-chip/src/main/scala/tile/Interrupts.scala':[
64,
65,
72,
],
'scala-project:sources/scala/rocket-chip/src/main/scala/tilelink/Metadata.scala':[
100,
100,
104,
105,
107,
108,
109,
],
'scala-project:sources/scala/rocket-chip/src/main/scala/tilelink/Monitor.scala':[
36,
37,
117,
118,
120,
191,
192,
193,
258,
259,
260,
261,
317,
336,
359,
382,
405,
442,
443,
445,
451,
452,
476,
477,
479,
485,
],
'scala-project:sources/scala/rocket-chip/src/main/scala/tilelink/WidthWidget.scala':[
36,
37,
38,
167,
],
'scala-project:sources/scala/rocket-chip/src/main/scala/util/Annotations.scala':[
19,
21,
24,
110,
111,
114,
],
'scala-project:sources/scala/rocket-chip/src/main/scala/util/ClockDivider.scala':[
58,
],
'scala-project:sources/scala/rocket-chip/src/main/scala/util/ECC.scala':[
165,
166,
],
'scala-project:sources/scala/rocket-chip/src/main/scala/util/Misc.scala':[
199,
],
'scala-project:sources/scala/rocket-chip/src/main/scala/util/Property.scala':[
38,
],
'scala-project:sources/scala/rocket-chip/src/main/scala/util/Replacement.scala':[
30,
46,
57,
60,
67,
67,
79,
],
'scala-project:sources/scala/snowplow/3-enrich/scala-common-enrich/src/main/scala/com.snowplowanalytics.snowplow.enrich/common/adapters/registry/UrbanAirshipAdapter.scala':[
89,
],
'scala-project:sources/scala/snowplow/3-enrich/scala-common-enrich/src/main/scala/com.snowplowanalytics.snowplow.enrich/common/enrichments/EnrichmentManager.scala':[
540,
],
'scala-project:sources/scala/snowplow/3-enrich/scala-common-enrich/src/test/scala/com.snowplowanalytics.snowplow.enrich.common/enrichments/registry/sqlquery/SqlQueryEnrichmentIntegrationTest.scala':[
286,
293,
300,
308,
],
}
