{
'scala-project:ruling/src/test/resources/sources/scala/S2068.scala':[
3,
6,
7,
44,
],
'scala-project:sources/scala/finagle/finagle-http/src/test/scala/com/twitter/finagle/http/RequestBuilderTest.scala':[
8,
10,
],
'scala-project:sources/scala/finagle/finagle-netty3/src/test/scala/com/twitter/finagle/netty3/socks/SocksConnectHandlerTest.scala':[
221,
273,
],
'scala-project:sources/scala/http4s/tests/src/test/scala/org/http4s/UriSpec.scala':[
236,
246,
],
'scala-project:sources/scala/http4s/tests/src/test/scala/org/http4s/UriTemplateSpec.scala':[
282,
284,
293,
],
}
