{
'scala-project:sources/scala/finagle/finagle-core/src/main/scala/com/twitter/finagle/pool/WatermarkPool.scala':[
119,
],
'scala-project:sources/scala/mmlspark/src/featurize/src/main/scala/AssembleFeatures.scala':[
363,
],
}
