{
'apex-project:ruling/src/test/resources/sources/S117.cls':[
6,
6,
],
'apex-project:sources/projects/Automated-Testing-for-Force.com/src/classes/TestRunner.cls':[
13,
],
'apex-project:sources/projects/Automated-Testing-for-Force.com/src/classes/TestRunnerResults.cls':[
3,
],
'apex-project:sources/projects/Batch-Entry-for-Salesforce.com/src/classes/CTRL_BatchEntrySettings.cls':[
396,
401,
402,
],
'apex-project:sources/projects/Cumulus/src/classes/ACCT_IndividualAccounts_TDTM.cls':[
505,
],
'apex-project:sources/projects/Cumulus/src/classes/ACCT_IndividualAccounts_TEST.cls':[
620,
],
'apex-project:sources/projects/Cumulus/src/classes/ADDR_Validator_Batch_TEST.cls':[
151,
],
'apex-project:sources/projects/Cumulus/src/classes/ALLO_MakeDefaultAllocations_BATCH.cls':[
61,
82,
147,
],
'apex-project:sources/projects/Cumulus/src/classes/BDI_ContactService.cls':[
275,
],
'apex-project:sources/projects/Cumulus/src/classes/BDI_DataImport_TEST.cls':[
87,
118,
163,
193,
226,
260,
313,
357,
391,
421,
451,
488,
530,
607,
661,
726,
794,
872,
930,
994,
1040,
1124,
1188,
1245,
1286,
1326,
1375,
1417,
1479,
],
'apex-project:sources/projects/Cumulus/src/classes/BDI_DataImport_TEST2.cls':[
65,
108,
153,
209,
259,
314,
374,
419,
468,
522,
570,
618,
658,
713,
765,
803,
849,
901,
949,
1032,
1079,
1138,
1195,
1247,
1290,
1336,
1378,
1427,
1468,
1514,
],
'apex-project:sources/projects/Cumulus/src/classes/BDI_Donations_TEST.cls':[
157,
224,
299,
380,
472,
564,
815,
1863,
],
'apex-project:sources/projects/Cumulus/src/classes/BDI_DryRun_TEST.cls':[
59,
95,
133,
184,
222,
268,
320,
376,
413,
457,
519,
587,
655,
726,
797,
859,
908,
],
'apex-project:sources/projects/Cumulus/src/classes/BDI_PostProcess_TEST.cls':[
67,
],
'apex-project:sources/projects/Cumulus/src/classes/CONV_Account_Conversion_BATCH.cls':[
377,
403,
589,
598,
716,
],
'apex-project:sources/projects/Cumulus/src/classes/CONV_Account_Conversion_BATCH_TEST.cls':[
86,
173,
236,
325,
404,
],
'apex-project:sources/projects/Cumulus/src/classes/CONV_Account_Conversion_CTRL.cls':[
204,
205,
258,
277,
],
'apex-project:sources/projects/Cumulus/src/classes/CONV_Account_Conversion_CTRL_TEST.cls':[
55,
],
'apex-project:sources/projects/Cumulus/src/classes/CON_AddToCampaign.cls':[
54,
54,
54,
79,
79,
81,
156,
156,
156,
187,
],
'apex-project:sources/projects/Cumulus/src/classes/CON_DoNotContact_TDTM.cls':[
56,
],
'apex-project:sources/projects/Cumulus/src/classes/ERR_AsyncErrors.cls':[
211,
212,
213,
214,
215,
216,
],
'apex-project:sources/projects/Cumulus/src/classes/HH_CampaignDedupeBTN_CTRL.cls':[
101,
196,
199,
214,
],
'apex-project:sources/projects/Cumulus/src/classes/HH_HouseholdNaming.cls':[
224,
240,
256,
],
'apex-project:sources/projects/Cumulus/src/classes/HH_HouseholdNaming_BATCH.cls':[
145,
],
'apex-project:sources/projects/Cumulus/src/classes/HH_HouseholdNaming_TEST.cls':[
72,
],
'apex-project:sources/projects/Cumulus/src/classes/HH_NameSpec.cls':[
328,
330,
388,
390,
409,
411,
],
'apex-project:sources/projects/Cumulus/src/classes/HH_OppContactRoles_TDTM.cls':[
51,
],
'apex-project:sources/projects/Cumulus/src/classes/LVL_LevelAssign_BATCH.cls':[
61,
69,
235,
],
'apex-project:sources/projects/Cumulus/src/classes/OPP_MatchingDonationsBTN_CTRL.cls':[
55,
],
'apex-project:sources/projects/Cumulus/src/classes/OPP_MatchingDonationsBTN_TEST.cls':[
55,
],
'apex-project:sources/projects/Cumulus/src/classes/OPP_OpportunityNaming.cls':[
337,
340,
362,
365,
],
'apex-project:sources/projects/Cumulus/src/classes/OPP_OpportunityNaming_BATCH.cls':[
48,
61,
83,
],
'apex-project:sources/projects/Cumulus/src/classes/OPP_PrimaryContactRoleMerge_BATCH.cls':[
50,
],
'apex-project:sources/projects/Cumulus/src/classes/OPP_PrimaryContact_BATCH.cls':[
47,
55,
79,
],
'apex-project:sources/projects/Cumulus/src/classes/PMT_PaymentCreator.cls':[
146,
],
'apex-project:sources/projects/Cumulus/src/classes/PMT_PaymentCreator_BATCH.cls':[
74,
81,
93,
],
'apex-project:sources/projects/Cumulus/src/classes/PMT_PaymentCreator_TEST.cls':[
58,
143,
455,
490,
528,
],
'apex-project:sources/projects/Cumulus/src/classes/PMT_PaymentWizard_CTRL.cls':[
275,
296,
297,
],
'apex-project:sources/projects/Cumulus/src/classes/PMT_PaymentWizard_TEST.cls':[
48,
365,
],
'apex-project:sources/projects/Cumulus/src/classes/PMT_Payment_TDTM.cls':[
123,
],
'apex-project:sources/projects/Cumulus/src/classes/RD_InstallScript_BATCH.cls':[
42,
46,
74,
],
'apex-project:sources/projects/Cumulus/src/classes/RD_RecurringDonations.cls':[
151,
162,
163,
290,
333,
362,
492,
571,
725,
743,
929,
1042,
1217,
],
'apex-project:sources/projects/Cumulus/src/classes/RD_RecurringDonations_TEST.cls':[
431,
],
'apex-project:sources/projects/Cumulus/src/classes/RD_RecurringDonations_TEST2.cls':[
717,
],
'apex-project:sources/projects/Cumulus/src/classes/REL_Relationships_Cm_TDTM.cls':[
48,
49,
50,
],
'apex-project:sources/projects/Cumulus/src/classes/REL_Relationships_Con_TDTM.cls':[
57,
58,
59,
168,
168,
168,
],
'apex-project:sources/projects/Cumulus/src/classes/REL_Relationships_TDTM.cls':[
190,
208,
239,
],
'apex-project:sources/projects/Cumulus/src/classes/RLLP_OppRollup.cls':[
120,
129,
215,
218,
372,
375,
532,
535,
],
'apex-project:sources/projects/Cumulus/src/classes/RLLP_OppRollup_TEST.cls':[
204,
262,
288,
289,
358,
386,
387,
454,
481,
482,
548,
577,
578,
782,
823,
824,
854,
855,
889,
890,
922,
923,
956,
957,
988,
989,
1026,
1035,
1036,
1073,
1088,
1089,
],
'apex-project:sources/projects/Cumulus/src/classes/RLLP_OppRollup_TEST2.cls':[
96,
166,
186,
187,
233,
247,
260,
427,
438,
539,
611,
625,
626,
795,
803,
804,
],
'apex-project:sources/projects/Cumulus/src/classes/STG_PanelHealthCheck_CTRL.cls':[
697,
],
'apex-project:sources/projects/Cumulus/src/classes/STG_PanelHealthCheck_TEST.cls':[
46,
73,
],
'apex-project:sources/projects/Cumulus/src/classes/STG_PanelRDCustomFieldMapping_CTRL.cls':[
97,
97,
104,
105,
269,
],
'apex-project:sources/projects/Cumulus/src/classes/STG_PanelRDCustomInstallment_CTRL.cls':[
158,
159,
],
'apex-project:sources/projects/Cumulus/src/classes/STG_PanelUserRollup_CTRL.cls':[
465,
465,
465,
465,
],
'apex-project:sources/projects/Cumulus/src/classes/STG_SettingsManager_TEST.cls':[
894,
],
'apex-project:sources/projects/Cumulus/src/classes/UTIL_AbstractRollup_BATCH.cls':[
141,
141,
369,
],
'apex-project:sources/projects/Cumulus/src/classes/UTIL_Currency.cls':[
91,
],
'apex-project:sources/projects/Cumulus/src/classes/UTIL_CustomSettingsFacade.cls':[
506,
507,
],
'apex-project:sources/projects/Cumulus/src/classes/UTIL_OrgTelemetry_BATCH.cls':[
61,
],
'apex-project:sources/projects/Cumulus/src/classes/UTIL_UnitTestData_TEST.cls':[
138,
166,
166,
166,
166,
166,
171,
171,
171,
171,
171,
177,
201,
201,
201,
201,
201,
209,
209,
209,
209,
209,
214,
236,
236,
236,
236,
241,
241,
241,
241,
246,
269,
294,
311,
],
'apex-project:sources/projects/CustomMetadataLoader/custom_md_loader/classes/MetadataService.cls':[
9190,
9361,
9361,
],
'apex-project:sources/projects/HEDAP/src/classes/ADDR_Account_TDTM.cls':[
159,
160,
],
'apex-project:sources/projects/HEDAP/src/classes/ADDR_Addresses_TDTM.cls':[
339,
],
'apex-project:sources/projects/HEDAP/src/classes/ADDR_Contact_TEST.cls':[
172,
423,
450,
480,
637,
717,
770,
850,
944,
984,
1073,
],
'apex-project:sources/projects/HEDAP/src/classes/CCON_ConnectionBackfill_TEST.cls':[
142,
],
'apex-project:sources/projects/HEDAP/src/classes/CON_Email_BATCH.cls':[
49,
53,
58,
77,
],
'apex-project:sources/projects/HEDAP/src/classes/CON_EthnicityRace_BATCH.cls':[
44,
52,
69,
],
'apex-project:sources/projects/HEDAP/src/classes/COUR_DescriptionCopy_BATCH.cls':[
44,
52,
68,
],
'apex-project:sources/projects/HEDAP/src/classes/ERR_AsyncErrors.cls':[
209,
210,
211,
212,
213,
214,
],
'apex-project:sources/projects/HEDAP/src/classes/REL_Relationships_Cm_TDTM.cls':[
48,
49,
50,
],
'apex-project:sources/projects/HEDAP/src/classes/REL_Relationships_Con_TDTM.cls':[
57,
58,
59,
160,
160,
160,
],
'apex-project:sources/projects/HEDAP/src/classes/REL_Relationships_TDTM.cls':[
168,
184,
214,
],
'apex-project:sources/projects/HEDAP/src/classes/STG_CourseConnections.cls':[
44,
],
'apex-project:sources/projects/HEDAP/src/classes/STG_InstallScript.cls':[
187,
],
'apex-project:sources/projects/HEDAP/src/classes/UTIL_UnitTestData_TEST.cls':[
51,
64,
],
'apex-project:sources/projects/Milestones-PM/src/classes/DNP_Milestone1_Test_Move_LongRunning.cls':[
33,
34,
128,
194,
],
'apex-project:sources/projects/Milestones-PM/src/classes/Milestone1_Milestone_Batch_Delete.cls':[
40,
50,
54,
],
'apex-project:sources/projects/Milestones-PM/src/classes/Milestone1_Milestone_Batch_Update.cls':[
40,
44,
48,
],
'apex-project:sources/projects/Milestones-PM/src/classes/Milestone1_Project_Batch_Update.cls':[
39,
43,
47,
],
'apex-project:sources/projects/Milestones-PM/src/classes/Milestone1_Test_Clone.cls':[
33,
34,
111,
161,
162,
233,
],
'apex-project:sources/projects/Milestones-PM/src/classes/Milestone1_Test_Field_Values.cls':[
33,
34,
35,
36,
],
'apex-project:sources/projects/Milestones-PM/src/classes/Milestone1_Test_Import_Export.cls':[
33,
34,
35,
36,
],
'apex-project:sources/projects/Milestones-PM/src/classes/Milestone1_Test_Move.cls':[
33,
34,
35,
36,
],
'apex-project:sources/projects/Milestones-PM/src/classes/Milestone1_Test_Task_Dependency.cls':[
8,
9,
10,
],
'apex-project:sources/projects/Milestones-PM/src/classes/Milestone1_Test_Utility.cls':[
123,
],
'apex-project:sources/projects/SmartFactory-for-Force.com/src/classes/SmartFactory.cls':[
134,
135,
],
'apex-project:sources/projects/apex-mdapi/apex-mdapi/src/classes/MetadataService.cls':[
13363,
13447,
13447,
],
'apex-project:sources/projects/apex-toolingapi/src/classes/ToolingAPI.cls':[
55,
102,
138,
146,
150,
],
'apex-project:sources/projects/apex-toolingapi/src/classes/ToolingAPIWSDL.cls':[
4515,
4536,
4599,
4620,
],
'apex-project:sources/projects/declarative-lookup-rollup-summaries/force-app/libs/metadataservice/classes/MetadataService.cls':[
9617,
9703,
9703,
],
'apex-project:sources/projects/declarative-lookup-rollup-summaries/force-app/main/classes/RollupCalculateJob.cls':[
47,
53,
73,
],
'apex-project:sources/projects/declarative-lookup-rollup-summaries/force-app/main/classes/RollupJob.cls':[
39,
45,
67,
],
'apex-project:sources/projects/twilio-salesforce/src/classes/TwilioAccount.cls':[
215,
],
'apex-project:sources/projects/twilio-salesforce/src/classes/TwilioTwiML.cls':[
768,
],
}
