{
'apex-project:ruling/src/test/resources/sources/S1192.cls':[
3,
],
'apex-project:sources/projects/Batch-Entry-for-Salesforce.com/src/classes/CTRL_BatchEntry.cls':[
487,
],
'apex-project:sources/projects/Cumulus/scripts/CRLP_TEST_VALIDATE_ROLLUPS.cls':[
226,
341,
341,
364,
395,
],
'apex-project:sources/projects/Cumulus/src/classes/ACCT_HHAccounts_TEST.cls':[
85,
],
'apex-project:sources/projects/Cumulus/src/classes/ACCT_IndividualAccounts_TEST.cls':[
158,
160,
337,
367,
671,
],
'apex-project:sources/projects/Cumulus/src/classes/ADDR_Addresses_TEST.cls':[
191,
192,
324,
325,
549,
613,
614,
678,
927,
928,
942,
943,
1251,
1266,
1785,
1786,
],
'apex-project:sources/projects/Cumulus/src/classes/ADDR_Addresses_TEST2.cls':[
119,
120,
676,
677,
820,
821,
1143,
1184,
],
'apex-project:sources/projects/Cumulus/src/classes/ADDR_Cicero_TEST.cls':[
66,
68,
69,
70,
71,
74,
76,
78,
80,
93,
117,
126,
149,
169,
183,
311,
],
'apex-project:sources/projects/Cumulus/src/classes/ADDR_CopyAddrHHObjBTN_TEST.cls':[
72,
],
'apex-project:sources/projects/Cumulus/src/classes/ADDR_GoogleGeoAPI_Validator_TEST.cls':[
47,
61,
71,
],
'apex-project:sources/projects/Cumulus/src/classes/ADDR_MockGoogleGeoAPIResponse_TEST.cls':[
42,
43,
44,
47,
48,
52,
55,
56,
57,
60,
61,
62,
65,
66,
67,
70,
71,
72,
75,
76,
77,
80,
81,
82,
83,
84,
86,
87,
88,
89,
91,
92,
93,
94,
95,
96,
97,
98,
99,
100,
102,
104,
],
'apex-project:sources/projects/Cumulus/src/classes/ADDR_MockHttpRespGenerator_TEST.cls':[
61,
],
'apex-project:sources/projects/Cumulus/src/classes/ADDR_SmartyStreets_Gateway.cls':[
205,
],
'apex-project:sources/projects/Cumulus/src/classes/ADDR_Validation_Gateway_TEST.cls':[
71,
],
'apex-project:sources/projects/Cumulus/src/classes/ADDR_Validator_Batch_TEST.cls':[
71,
75,
103,
105,
],
'apex-project:sources/projects/Cumulus/src/classes/ADDR_Validator_TEST.cls':[
77,
81,
95,
],
'apex-project:sources/projects/Cumulus/src/classes/AFFL_Affiliations_TEST.cls':[
797,
],
'apex-project:sources/projects/Cumulus/src/classes/ALLO_Allocations_TEST.cls':[
206,
],
'apex-project:sources/projects/Cumulus/src/classes/ALLO_ManageAllocations_CTRL.cls':[
120,
],
'apex-project:sources/projects/Cumulus/src/classes/ALLO_ManageAllocations_TEST.cls':[
86,
],
'apex-project:sources/projects/Cumulus/src/classes/ALLO_Rollup_SCHED.cls':[
132,
133,
],
'apex-project:sources/projects/Cumulus/src/classes/BDE_BatchEntry_TEST.cls':[
59,
],
'apex-project:sources/projects/Cumulus/src/classes/BDI_BatchOverride_TEST.cls':[
67,
70,
],
'apex-project:sources/projects/Cumulus/src/classes/BDI_DataImport_TEST.cls':[
153,
300,
301,
],
'apex-project:sources/projects/Cumulus/src/classes/BDI_DataImport_TEST2.cls':[
57,
96,
103,
191,
192,
193,
245,
252,
304,
356,
694,
747,
1069,
],
'apex-project:sources/projects/Cumulus/src/classes/BDI_Donations_TEST.cls':[
847,
1383,
],
'apex-project:sources/projects/Cumulus/src/classes/BDI_DryRun_TEST.cls':[
51,
165,
166,
167,
300,
],
'apex-project:sources/projects/Cumulus/src/classes/BDI_PerfLogger_TEST.cls':[
72,
],
'apex-project:sources/projects/Cumulus/src/classes/CMT_FilterRuleEvaluation_TEST.cls':[
77,
85,
],
'apex-project:sources/projects/Cumulus/src/classes/CONV_Account_Conversion_BATCH.cls':[
133,
],
'apex-project:sources/projects/Cumulus/src/classes/CONV_Account_Conversion_BATCH_TEST.cls':[
173,
229,
229,
230,
291,
],
'apex-project:sources/projects/Cumulus/src/classes/CON_ContactMerge_CTRL.cls':[
325,
],
'apex-project:sources/projects/Cumulus/src/classes/CON_ContactMerge_TEST.cls':[
78,
],
'apex-project:sources/projects/Cumulus/src/classes/CON_ContactMerge_TEST2.cls':[
102,
248,
],
'apex-project:sources/projects/Cumulus/src/classes/CON_DeleteContactOverride_TEST.cls':[
69,
86,
87,
],
'apex-project:sources/projects/Cumulus/src/classes/CON_DoNotContact_TEST.cls':[
60,
62,
72,
],
'apex-project:sources/projects/Cumulus/src/classes/CRLP_Batch_Base_NonSkew.cls':[
102,
],
'apex-project:sources/projects/Cumulus/src/classes/CRLP_DefaultConfigBuilder.cls':[
170,
172,
],
'apex-project:sources/projects/Cumulus/src/classes/CRLP_DefaultConfigBuilder_SVC.cls':[
110,
113,
451,
],
'apex-project:sources/projects/Cumulus/src/classes/CRLP_Query_SEL.cls':[
84,
101,
],
'apex-project:sources/projects/Cumulus/src/classes/CRLP_Query_SEL_TEST.cls':[
51,
],
'apex-project:sources/projects/Cumulus/src/classes/CRLP_RecalculateBTN_TEST.cls':[
127,
193,
],
'apex-project:sources/projects/Cumulus/src/classes/CRLP_RollupBatch_SVC.cls':[
109,
],
'apex-project:sources/projects/Cumulus/src/classes/CRLP_RollupProcessor_SVC.cls':[
211,
],
'apex-project:sources/projects/Cumulus/src/classes/CRLP_RollupScheduler_TEST.cls':[
109,
],
'apex-project:sources/projects/Cumulus/src/classes/CRLP_RollupSoftCredit_TEST.cls':[
62,
],
'apex-project:sources/projects/Cumulus/src/classes/EP_EngagementPlans_TEST.cls':[
63,
99,
103,
112,
159,
308,
],
'apex-project:sources/projects/Cumulus/src/classes/EP_ManageEPTemplate_CTRL.cls':[
418,
469,
472,
472,
],
'apex-project:sources/projects/Cumulus/src/classes/EP_ManageEPTemplate_CTRL_TEST.cls':[
82,
171,
],
'apex-project:sources/projects/Cumulus/src/classes/EP_TaskDependency_TEST.cls':[
63,
77,
120,
133,
209,
],
'apex-project:sources/projects/Cumulus/src/classes/ERR_AsyncErrors_TEST.cls':[
170,
],
'apex-project:sources/projects/Cumulus/src/classes/ERR_Handler_TEST.cls':[
96,
],
'apex-project:sources/projects/Cumulus/src/classes/HH_Container_TEST.cls':[
53,
],
'apex-project:sources/projects/Cumulus/src/classes/HH_HouseholdNamingSettingValidator_TEST.cls':[
261,
],
'apex-project:sources/projects/Cumulus/src/classes/HH_HouseholdNaming_TEST.cls':[
390,
434,
],
'apex-project:sources/projects/Cumulus/src/classes/HH_Households_TEST.cls':[
56,
60,
88,
],
'apex-project:sources/projects/Cumulus/src/classes/HH_NameSpec_TEST.cls':[
68,
69,
71,
74,
77,
80,
83,
120,
123,
162,
164,
167,
244,
256,
],
'apex-project:sources/projects/Cumulus/src/classes/HH_OppContactRoles_TEST.cls':[
83,
124,
],
'apex-project:sources/projects/Cumulus/src/classes/LD_LeadConvertOverride_TEST.cls':[
82,
85,
126,
251,
774,
973,
],
'apex-project:sources/projects/Cumulus/src/classes/LVL_LevelAssignBATCH_TEST.cls':[
218,
369,
],
'apex-project:sources/projects/Cumulus/src/classes/LVL_LevelEdit_TEST.cls':[
48,
],
'apex-project:sources/projects/Cumulus/src/classes/OPP_CampaignMember_TEST.cls':[
80,
85,
],
'apex-project:sources/projects/Cumulus/src/classes/OPP_OpportunityContactRoles_TEST.cls':[
72,
386,
435,
436,
437,
439,
440,
441,
545,
],
'apex-project:sources/projects/Cumulus/src/classes/PMT_PaymentCreator_TEST.cls':[
63,
68,
208,
456,
571,
],
'apex-project:sources/projects/Cumulus/src/classes/PSC_ManageSoftCredits_TEST.cls':[
95,
],
'apex-project:sources/projects/Cumulus/src/classes/PSC_PartialSoftCredit_TEST.cls':[
117,
],
'apex-project:sources/projects/Cumulus/src/classes/RD_CascadeDeleteLookups_TEST.cls':[
125,
126,
127,
],
'apex-project:sources/projects/Cumulus/src/classes/RD_RecurringDonations_TEST.cls':[
55,
],
'apex-project:sources/projects/Cumulus/src/classes/RD_RecurringDonations_TEST2.cls':[
57,
364,
544,
932,
],
'apex-project:sources/projects/Cumulus/src/classes/REL_Relationships_TEST.cls':[
67,
129,
353,
],
'apex-project:sources/projects/Cumulus/src/classes/RLLP_OppPartialSoftCreditRollup_TEST.cls':[
85,
],
'apex-project:sources/projects/Cumulus/src/classes/RLLP_OppRollup_TEST.cls':[
301,
301,
1017,
],
'apex-project:sources/projects/Cumulus/src/classes/RLLP_OppRollup_UTIL.cls':[
465,
470,
539,
550,
551,
645,
646,
647,
648,
650,
652,
654,
672,
743,
],
'apex-project:sources/projects/Cumulus/src/classes/STG_InstallScript_TEST.cls':[
272,
],
'apex-project:sources/projects/Cumulus/src/classes/STG_InstallScript_TEST2.cls':[
48,
51,
64,
],
'apex-project:sources/projects/Cumulus/src/classes/STG_PanelHealthCheck_TEST.cls':[
276,
],
'apex-project:sources/projects/Cumulus/src/classes/STG_PanelHouseholds_CTRL.cls':[
166,
],
'apex-project:sources/projects/Cumulus/src/classes/STG_PanelHouseholds_TEST.cls':[
91,
110,
112,
152,
],
'apex-project:sources/projects/Cumulus/src/classes/STG_SettingsManager_TEST.cls':[
290,
296,
567,
935,
],
'apex-project:sources/projects/Cumulus/src/classes/TDTM_DMLgt200_TEST.cls':[
82,
82,
],
'apex-project:sources/projects/Cumulus/src/classes/TDTM_DefaultConfig.cls':[
120,
130,
140,
175,
185,
255,
313,
],
'apex-project:sources/projects/Cumulus/src/classes/UTIL_AbstractRollup_BATCH.cls':[
107,
107,
],
'apex-project:sources/projects/Cumulus/src/classes/UTIL_DMLService_TEST.cls':[
597,
597,
656,
],
'apex-project:sources/projects/Cumulus/src/classes/UTIL_Finder_TEST.cls':[
111,
179,
199,
290,
347,
372,
],
'apex-project:sources/projects/Cumulus/src/classes/UTIL_MasterSchedulableHelper.cls':[
79,
88,
],
'apex-project:sources/projects/Cumulus/src/classes/UTIL_Namespace_TEST.cls':[
48,
],
'apex-project:sources/projects/Cumulus/src/classes/UTIL_OrderBy_TEST.cls':[
406,
],
'apex-project:sources/projects/Cumulus/src/classes/UTIL_PerfLogger_TEST.cls':[
70,
],
'apex-project:sources/projects/Cumulus/src/classes/UTIL_RecordTypeSettingsUpdate_TEST.cls':[
331,
],
'apex-project:sources/projects/Cumulus/src/classes/UTIL_UnitTestData_TEST.cls':[
178,
182,
545,
],
'apex-project:sources/projects/Cumulus/src/classes/UTIL_Where_TEST.cls':[
83,
293,
438,
440,
441,
498,
501,
502,
],
'apex-project:sources/projects/CustomMetadataLoader/custom_md_loader/classes/MetadataLoader.cls':[
33,
],
'apex-project:sources/projects/CustomMetadataLoader/custom_md_loader/classes/MetadataService.cls':[
32,
56,
57,
],
'apex-project:sources/projects/HEDAP/src/classes/ACCT_IndividualAccounts_TEST.cls':[
92,
129,
369,
378,
],
'apex-project:sources/projects/HEDAP/src/classes/ADDR_AdminAcc_TEST.cls':[
63,
64,
260,
261,
371,
372,
387,
523,
808,
],
'apex-project:sources/projects/HEDAP/src/classes/ADDR_Contact_TDTM.cls':[
329,
],
'apex-project:sources/projects/HEDAP/src/classes/ADDR_Contact_TEST.cls':[
198,
199,
401,
402,
510,
556,
557,
646,
853,
924,
],
'apex-project:sources/projects/HEDAP/src/classes/ADDR_HouseholdAcc_TEST.cls':[
99,
137,
138,
225,
226,
454,
519,
520,
592,
785,
786,
832,
833,
901,
916,
1195,
1196,
1749,
1935,
2030,
],
'apex-project:sources/projects/HEDAP/src/classes/ADDR_Seasonal_TEST.cls':[
63,
64,
664,
857,
858,
867,
1068,
1083,
],
'apex-project:sources/projects/HEDAP/src/classes/AFFL_MultiRecordType_TEST.cls':[
47,
],
'apex-project:sources/projects/HEDAP/src/classes/COFF_Affiliation_TEST.cls':[
93,
],
'apex-project:sources/projects/HEDAP/src/classes/CON_DoNotContact_TEST.cls':[
53,
],
'apex-project:sources/projects/HEDAP/src/classes/CON_Preferred_TEST.cls':[
44,
],
'apex-project:sources/projects/HEDAP/src/classes/CON_PrimaryAffls_TEST.cls':[
47,
],
'apex-project:sources/projects/HEDAP/src/classes/ERR_AsyncErrors_TEST.cls':[
170,
],
'apex-project:sources/projects/HEDAP/src/classes/REL_Relationships_TEST.cls':[
60,
122,
],
'apex-project:sources/projects/HEDAP/src/classes/STG_Base_CTRL_TEST.cls':[
54,
91,
],
'apex-project:sources/projects/HEDAP/src/classes/STG_InstallScript.cls':[
160,
172,
],
'apex-project:sources/projects/HEDAP/src/classes/TDTM_DMLgt200_TEST.cls':[
333,
483,
],
'apex-project:sources/projects/HEDAP/src/classes/TDTM_DefaultConfig.cls':[
52,
107,
],
'apex-project:sources/projects/HEDAP/src/classes/TDTM_Filter_TEST.cls':[
525,
],
'apex-project:sources/projects/HEDAP/src/classes/TDTM_Manager_TEST.cls':[
112,
113,
114,
231,
],
'apex-project:sources/projects/HEDAP/src/classes/UTIL_Namespace_TEST.cls':[
50,
],
'apex-project:sources/projects/Milestones-PM/src/classes/Milestone1_Email_Handler_Tst.cls':[
47,
50,
],
'apex-project:sources/projects/Milestones-PM/src/classes/Milestone1_Import_Project_Controller_Tst.cls':[
35,
],
'apex-project:sources/projects/Milestones-PM/src/classes/Milestone1_Task_Chatter_Tst.cls':[
58,
],
'apex-project:sources/projects/Milestones-PM/src/classes/Milestone1_Test_Utility.cls':[
52,
],
'apex-project:sources/projects/Milestones-PM/src/classes/Milestone1_TimelineCon.cls':[
51,
],
'apex-project:sources/projects/Milestones-PM/src/classes/Milestone1_repeatCon.cls':[
316,
321,
505,
],
'apex-project:sources/projects/Salesforce-Lookup-Rollup-Summaries/classes/TestLREngine.cls':[
339,
567,
],
'apex-project:sources/projects/apex-lambda/src/classes/PickTest.cls':[
18,
],
'apex-project:sources/projects/apex-lambda/src/classes/RelationFieldReader.cls':[
13,
],
'apex-project:sources/projects/apex-mdapi/apex-mdapi/src/classes/MetadataService.cls':[
33,
80,
],
'apex-project:sources/projects/apex-mdapi/apex-mdapi/src/classes/MetadataServiceExamples.cls':[
44,
121,
270,
570,
801,
902,
1357,
1358,
1649,
1649,
1650,
1655,
1660,
],
'apex-project:sources/projects/apex-mdapi/apex-mdapi/src/classes/MetadataServicePatcher.cls':[
312,
466,
468,
468,
545,
],
'apex-project:sources/projects/apex-toolingapi/src/classes/ToolingAPIWSDL.cls':[
30,
1827,
],
'apex-project:sources/projects/apex-toolingapi/src/classes/ToolingAPIWSDLMetadata.cls':[
32,
],
'apex-project:sources/projects/declarative-lookup-rollup-summaries/force-app/libs/fflib-apexmocks/classes/fflib_AnswerTest.cls':[
22,
56,
106,
107,
144,
144,
280,
],
'apex-project:sources/projects/declarative-lookup-rollup-summaries/force-app/libs/fflib-apexmocks/classes/fflib_AnyOrderTest.cls':[
221,
400,
404,
404,
407,
660,
],
'apex-project:sources/projects/declarative-lookup-rollup-summaries/force-app/libs/fflib-apexmocks/classes/fflib_ApexMocksTest.cls':[
63,
178,
222,
225,
493,
500,
543,
835,
835,
899,
900,
901,
1227,
1249,
1250,
1271,
1344,
1434,
1439,
1440,
],
'apex-project:sources/projects/declarative-lookup-rollup-summaries/force-app/libs/fflib-apexmocks/classes/fflib_ArgumentCaptorTest.cls':[
24,
53,
103,
105,
174,
175,
271,
272,
320,
],
'apex-project:sources/projects/declarative-lookup-rollup-summaries/force-app/libs/fflib-apexmocks/classes/fflib_InOrderTest.cls':[
388,
413,
421,
452,
645,
885,
921,
1079,
1569,
],
'apex-project:sources/projects/declarative-lookup-rollup-summaries/force-app/libs/fflib-apexmocks/classes/fflib_MatchTest.cls':[
143,
],
'apex-project:sources/projects/declarative-lookup-rollup-summaries/force-app/libs/fflib-apexmocks/classes/fflib_MatcherDefinitionsTest.cls':[
74,
149,
153,
],
'apex-project:sources/projects/declarative-lookup-rollup-summaries/force-app/libs/fflib-apexmocks/classes/fflib_SystemTest.cls':[
12,
13,
17,
25,
26,
77,
],
'apex-project:sources/projects/declarative-lookup-rollup-summaries/force-app/libs/fflib-common/classes/fflib_ApplicationTest.cls':[
41,
149,
],
'apex-project:sources/projects/declarative-lookup-rollup-summaries/force-app/libs/fflib-common/classes/fflib_QueryFactoryTest.cls':[
55,
258,
261,
452,
634,
],
'apex-project:sources/projects/declarative-lookup-rollup-summaries/force-app/libs/fflib-common/classes/fflib_SObjectDomain.cls':[
203,
],
'apex-project:sources/projects/declarative-lookup-rollup-summaries/force-app/libs/fflib-common/classes/fflib_SObjectDomainTest.cls':[
33,
36,
66,
116,
],
'apex-project:sources/projects/declarative-lookup-rollup-summaries/force-app/libs/fflib-common/classes/fflib_SObjectSelectorTest.cls':[
180,
],
'apex-project:sources/projects/declarative-lookup-rollup-summaries/force-app/libs/fflib-common/classes/fflib_SObjectUnitOfWork.cls':[
209,
],
'apex-project:sources/projects/declarative-lookup-rollup-summaries/force-app/libs/fflib-common/classes/fflib_SecurityUtilsTest.cls':[
56,
109,
],
'apex-project:sources/projects/declarative-lookup-rollup-summaries/force-app/libs/lrengine/classes/TestLREngine.cls':[
152,
410,
675,
799,
811,
],
'apex-project:sources/projects/declarative-lookup-rollup-summaries/force-app/libs/metadataservice/classes/MetadataService.cls':[
34,
58,
59,
],
'apex-project:sources/projects/declarative-lookup-rollup-summaries/force-app/main/classes/RollupCalculateControllerTest.cls':[
91,
],
'apex-project:sources/projects/declarative-lookup-rollup-summaries/force-app/main/classes/RollupController.cls':[
97,
98,
99,
99,
100,
106,
107,
107,
108,
109,
112,
162,
162,
163,
179,
180,
434,
434,
],
'apex-project:sources/projects/declarative-lookup-rollup-summaries/force-app/main/classes/RollupControllerTest.cls':[
36,
43,
79,
80,
81,
81,
82,
87,
88,
88,
89,
90,
93,
101,
101,
102,
167,
168,
178,
179,
182,
183,
186,
],
'apex-project:sources/projects/declarative-lookup-rollup-summaries/force-app/main/classes/RollupScheduledCalculateControllerTest.cls':[
39,
],
'apex-project:sources/projects/declarative-lookup-rollup-summaries/force-app/main/classes/RollupServiceTest.cls':[
75,
99,
128,
135,
146,
172,
258,
1265,
1311,
1314,
1675,
1687,
1693,
],
'apex-project:sources/projects/declarative-lookup-rollup-summaries/force-app/main/classes/RollupServiceTest2.cls':[
55,
64,
93,
99,
110,
226,
],
'apex-project:sources/projects/declarative-lookup-rollup-summaries/force-app/main/classes/RollupServiceTest3.cls':[
103,
136,
484,
498,
502,
511,
],
'apex-project:sources/projects/declarative-lookup-rollup-summaries/force-app/main/classes/RollupServiceTest4.cls':[
164,
171,
186,
252,
1189,
1226,
],
'apex-project:sources/projects/declarative-lookup-rollup-summaries/force-app/main/classes/RollupServiceTest5.cls':[
39,
64,
67,
75,
447,
449,
],
'apex-project:sources/projects/declarative-lookup-rollup-summaries/force-app/main/classes/RollupServiceTest6.cls':[
41,
54,
246,
261,
],
'apex-project:sources/projects/declarative-lookup-rollup-summaries/force-app/main/classes/RollupSummaries.cls':[
237,
],
'apex-project:sources/projects/declarative-lookup-rollup-summaries/force-app/main/classes/RollupSummariesTest.cls':[
47,
75,
89,
246,
428,
440,
],
'apex-project:sources/projects/df12-apex-enterprise-patterns/df12/src/classes/OpportunitiesTest.cls':[
35,
],
'apex-project:sources/projects/df12-apex-enterprise-patterns/df12/src/classes/SObjectDomain.cls':[
143,
389,
392,
455,
],
'apex-project:sources/projects/df12-apex-enterprise-patterns/df12/src/classes/SObjectUnitOfWork.cls':[
108,
246,
253,
],
'apex-project:sources/projects/dreamhouse-sfdx/force-app/main/default/classes/EinsteinVisionController.cls':[
90,
91,
91,
102,
166,
167,
168,
],
'apex-project:sources/projects/dreamhouse-sfdx/force-app/main/default/classes/EinsteinVisionControllerTest.cls':[
5,
8,
],
'apex-project:sources/projects/fflib-apex-common/fflib/src/classes/fflib_ApplicationTest.cls':[
41,
149,
],
'apex-project:sources/projects/fflib-apex-common/fflib/src/classes/fflib_QueryFactoryTest.cls':[
55,
64,
176,
181,
193,
302,
305,
678,
],
'apex-project:sources/projects/fflib-apex-common/fflib/src/classes/fflib_SObjectDomain.cls':[
203,
],
'apex-project:sources/projects/fflib-apex-common/fflib/src/classes/fflib_SObjectDomainTest.cls':[
33,
36,
66,
116,
],
'apex-project:sources/projects/fflib-apex-common/fflib/src/classes/fflib_SObjectSelectorTest.cls':[
154,
180,
],
'apex-project:sources/projects/fflib-apex-common/fflib/src/classes/fflib_SObjectUnitOfWork.cls':[
209,
],
'apex-project:sources/projects/fflib-apex-common/fflib/src/classes/fflib_SecurityUtilsTest.cls':[
56,
109,
],
'apex-project:sources/projects/fflib-apex-mocks/src/classes/fflib_AnswerTest.cls':[
22,
56,
106,
107,
144,
144,
280,
],
'apex-project:sources/projects/fflib-apex-mocks/src/classes/fflib_AnyOrderTest.cls':[
221,
400,
404,
404,
407,
660,
],
'apex-project:sources/projects/fflib-apex-mocks/src/classes/fflib_ApexMocksTest.cls':[
63,
178,
222,
225,
493,
500,
543,
835,
835,
899,
900,
901,
1227,
1249,
1250,
1271,
1344,
1434,
1439,
1440,
],
'apex-project:sources/projects/fflib-apex-mocks/src/classes/fflib_ArgumentCaptorTest.cls':[
24,
53,
103,
105,
174,
175,
271,
272,
320,
],
'apex-project:sources/projects/fflib-apex-mocks/src/classes/fflib_InOrderTest.cls':[
388,
413,
421,
452,
645,
885,
921,
1079,
1569,
],
'apex-project:sources/projects/fflib-apex-mocks/src/classes/fflib_MatchTest.cls':[
143,
],
'apex-project:sources/projects/fflib-apex-mocks/src/classes/fflib_MatcherDefinitionsTest.cls':[
74,
149,
153,
],
'apex-project:sources/projects/fflib-apex-mocks/src/classes/fflib_SystemTest.cls':[
12,
13,
17,
25,
26,
77,
],
'apex-project:sources/projects/sfdc-trigger-framework/src/classes/TriggerHandler_Test.cls':[
79,
93,
],
'apex-project:sources/projects/sfdx-dreamhouse/force-app/main/default/classes/EinsteinVisionController.cls':[
90,
91,
91,
102,
166,
167,
168,
],
'apex-project:sources/projects/sfdx-dreamhouse/force-app/main/default/classes/EinsteinVisionControllerTest.cls':[
5,
8,
],
'apex-project:sources/projects/sfdx-dreamhouse/force-app/main/default/classes/HandlerNext.cls':[
12,
],
'apex-project:sources/projects/twilio-salesforce/src/classes/TwilioCapability.cls':[
276,
],
'apex-project:sources/projects/twilio-salesforce/src/classes/TwilioClient.cls':[
425,
595,
],
'apex-project:sources/projects/twilio-salesforce/src/classes/TwilioParser.cls':[
49,
49,
],
'apex-project:sources/projects/twilio-salesforce/src/classes/TwilioTRTest.cls':[
35,
188,
],
'apex-project:sources/projects/twilio-salesforce/src/classes/Twilio_TestAccounts.cls':[
35,
36,
37,
38,
39,
41,
],
'apex-project:sources/projects/twilio-salesforce/src/classes/Twilio_TestApplication.cls':[
39,
68,
],
'apex-project:sources/projects/twilio-salesforce/src/classes/Twilio_TestCalls.cls':[
46,
62,
82,
83,
84,
86,
87,
88,
89,
90,
91,
92,
93,
94,
95,
96,
97,
98,
99,
101,
143,
152,
156,
171,
173,
174,
181,
299,
383,
384,
385,
386,
387,
396,
397,
402,
600,
601,
],
'apex-project:sources/projects/twilio-salesforce/src/classes/Twilio_TestConference.cls':[
38,
44,
45,
46,
47,
48,
49,
50,
51,
52,
54,
75,
76,
191,
192,
193,
194,
195,
197,
198,
251,
],
'apex-project:sources/projects/twilio-salesforce/src/classes/Twilio_TestConnectApps.cls':[
32,
81,
82,
],
'apex-project:sources/projects/twilio-salesforce/src/classes/Twilio_TestMessage.cls':[
10,
15,
16,
17,
18,
19,
23,
24,
40,
49,
50,
57,
58,
],
'apex-project:sources/projects/twilio-salesforce/src/classes/Twilio_TestNotification.cls':[
62,
65,
66,
],
'apex-project:sources/projects/twilio-salesforce/src/classes/Twilio_TestPhoneNumbers.cls':[
82,
84,
85,
86,
162,
166,
170,
174,
344,
388,
389,
515,
],
'apex-project:sources/projects/twilio-salesforce/src/classes/Twilio_TestQueue.cls':[
9,
10,
11,
12,
16,
],
'apex-project:sources/projects/twilio-salesforce/src/classes/Twilio_TestRecording.cls':[
66,
],
'apex-project:sources/projects/twilio-salesforce/src/classes/Twilio_TestRest.cls':[
32,
],
'apex-project:sources/projects/twilio-salesforce/src/classes/Twilio_TestSandbox.cls':[
51,
],
'apex-project:sources/projects/twilio-salesforce/src/classes/Twilio_TestSms.cls':[
38,
39,
41,
42,
43,
44,
45,
46,
47,
49,
50,
59,
70,
73,
74,
75,
136,
203,
204,
206,
207,
208,
209,
210,
211,
212,
213,
237,
239,
327,
],
'apex-project:sources/projects/twilio-salesforce/src/classes/Twilio_TestTwiML.cls':[
43,
91,
161,
],
}
