{
'apex-project:ruling/src/test/resources/sources/S4144.cls':[
11,
20,
],
'apex-project:sources/projects/Cumulus/src/classes/UTIL_Where_TEST.cls':[
117,
],
'apex-project:sources/projects/apex-lambda/src/classes/FilterTest.cls':[
129,
171,
],
}
