{
'apex-project:sources/projects/Automated-Testing-for-Force.com/src/classes/TestRunner_Test.cls':[
39,
],
'apex-project:sources/projects/Batch-Entry-for-Salesforce.com/src/classes/BulkDataEntry.cls':[
123,
],
'apex-project:sources/projects/Batch-Entry-for-Salesforce.com/src/classes/CTRL_BatchEntry.cls':[
249,
340,
351,
],
'apex-project:sources/projects/Cumulus/scripts/CRLP_TEST_VALIDATE_ROLLUPS.cls':[
219,
],
'apex-project:sources/projects/Cumulus/src/classes/ACCT_IndividualAccounts_TDTM.cls':[
133,
191,
],
'apex-project:sources/projects/Cumulus/src/classes/ACCT_IndividualAccounts_TEST.cls':[
350,
383,
],
'apex-project:sources/projects/Cumulus/src/classes/ADDR_Addresses_TEST.cls':[
162,
163,
200,
201,
256,
257,
296,
297,
332,
333,
365,
366,
420,
421,
458,
459,
508,
509,
566,
567,
621,
622,
686,
687,
753,
754,
825,
826,
893,
894,
950,
951,
1003,
1004,
1260,
1261,
1334,
1335,
1526,
1527,
1555,
1616,
1617,
1684,
1685,
1793,
1794,
1845,
1846,
1960,
1961,
],
'apex-project:sources/projects/Cumulus/src/classes/ADDR_Addresses_TEST2.cls':[
133,
134,
182,
183,
202,
492,
493,
544,
545,
574,
694,
695,
758,
759,
828,
829,
906,
907,
970,
971,
1011,
1012,
1065,
1066,
1112,
1113,
1151,
1152,
1192,
1193,
1244,
1245,
1298,
1493,
1494,
1553,
],
'apex-project:sources/projects/Cumulus/src/classes/ADDR_CopyAddrHHObjBTN_CTRL.cls':[
168,
],
'apex-project:sources/projects/Cumulus/src/classes/ADDR_GoogleGeoAPI_Validator.cls':[
222,
],
'apex-project:sources/projects/Cumulus/src/classes/ADDR_GoogleGeoAPI_Validator_TEST.cls':[
206,
],
'apex-project:sources/projects/Cumulus/src/classes/ADDR_MockHttpRespGenerator_TEST.cls':[
136,
137,
139,
],
'apex-project:sources/projects/Cumulus/src/classes/ADDR_Validator_Batch.cls':[
49,
],
'apex-project:sources/projects/Cumulus/src/classes/ALLO_Allocations_TDTM.cls':[
505,
],
'apex-project:sources/projects/Cumulus/src/classes/ALLO_Allocations_TEST.cls':[
406,
411,
420,
447,
],
'apex-project:sources/projects/Cumulus/src/classes/ALLO_ManageAllocations_CTRL.cls':[
173,
],
'apex-project:sources/projects/Cumulus/src/classes/ALLO_Multicurrency_TEST.cls':[
199,
200,
],
'apex-project:sources/projects/Cumulus/src/classes/ALLO_Rollup_TEST.cls':[
92,
93,
134,
135,
],
'apex-project:sources/projects/Cumulus/src/classes/BDE_BatchDataEntry.cls':[
115,
],
'apex-project:sources/projects/Cumulus/src/classes/BDE_BatchEntry_CTRL.cls':[
264,
371,
383,
],
'apex-project:sources/projects/Cumulus/src/classes/BDI_DataImport_TEST2.cls':[
1069,
],
'apex-project:sources/projects/Cumulus/src/classes/BDI_Donations_TEST.cls':[
176,
399,
584,
],
'apex-project:sources/projects/Cumulus/src/classes/CMT_FilterRuleEvaluation_TEST.cls':[
77,
78,
79,
80,
],
'apex-project:sources/projects/Cumulus/src/classes/CONV_Account_Conversion_BATCH.cls':[
259,
],
'apex-project:sources/projects/Cumulus/src/classes/CONV_Account_Conversion_BATCH_TEST.cls':[
299,
307,
356,
357,
378,
386,
486,
489,
504,
507,
],
'apex-project:sources/projects/Cumulus/src/classes/CONV_Account_Conversion_CTRL.cls':[
34,
240,
266,
],
'apex-project:sources/projects/Cumulus/src/classes/CONV_Account_Conversion_CTRL_TEST.cls':[
118,
],
'apex-project:sources/projects/Cumulus/src/classes/CON_ContactMerge_TEST.cls':[
65,
165,
220,
280,
318,
379,
520,
595,
658,
708,
758,
824,
],
'apex-project:sources/projects/Cumulus/src/classes/CON_ContactMerge_TEST2.cls':[
177,
245,
],
'apex-project:sources/projects/Cumulus/src/classes/CON_DoNotContact_TEST.cls':[
114,
],
'apex-project:sources/projects/Cumulus/src/classes/CRLP_Batch_Base_NonSkew.cls':[
281,
],
'apex-project:sources/projects/Cumulus/src/classes/CRLP_DefaultConfigBuilder.cls':[
172,
256,
],
'apex-project:sources/projects/Cumulus/src/classes/CRLP_DefaultConfigBuilder_SVC.cls':[
379,
],
'apex-project:sources/projects/Cumulus/src/classes/CRLP_RollupCMT.cls':[
168,
],
'apex-project:sources/projects/Cumulus/src/classes/CRLP_RollupUI_SVC.cls':[
876,
],
'apex-project:sources/projects/Cumulus/src/classes/HH_HouseholdNaming_TEST.cls':[
136,
200,
],
'apex-project:sources/projects/Cumulus/src/classes/HH_Households_TEST.cls':[
51,
53,
116,
118,
197,
199,
224,
238,
254,
256,
279,
293,
309,
311,
334,
345,
347,
414,
416,
463,
465,
493,
495,
532,
533,
581,
582,
624,
626,
683,
],
'apex-project:sources/projects/Cumulus/src/classes/HH_NameSpec_TEST.cls':[
960,
],
'apex-project:sources/projects/Cumulus/src/classes/HH_OppContactRoles_TDTM.cls':[
208,
210,
],
'apex-project:sources/projects/Cumulus/src/classes/MTCH_FindGifts_CTRL.cls':[
107,
108,
],
'apex-project:sources/projects/Cumulus/src/classes/OPP_CampaignMember_TEST.cls':[
83,
130,
],
'apex-project:sources/projects/Cumulus/src/classes/OPP_OpportunityContactRoles_TDTM.cls':[
823,
824,
],
'apex-project:sources/projects/Cumulus/src/classes/OPP_OpportunityContactRoles_TEST.cls':[
196,
232,
269,
301,
],
'apex-project:sources/projects/Cumulus/src/classes/OPP_OpportunityNaming.cls':[
37,
],
'apex-project:sources/projects/Cumulus/src/classes/PMT_PaymentCreator.cls':[
301,
],
'apex-project:sources/projects/Cumulus/src/classes/PMT_PaymentCreator_BATCH.cls':[
47,
],
'apex-project:sources/projects/Cumulus/src/classes/PMT_PaymentCreator_TEST.cls':[
120,
123,
127,
161,
476,
511,
557,
929,
1023,
],
'apex-project:sources/projects/Cumulus/src/classes/RD_RecurringDonations.cls':[
718,
806,
],
'apex-project:sources/projects/Cumulus/src/classes/RD_RecurringDonations_TEST2.cls':[
411,
508,
],
'apex-project:sources/projects/Cumulus/src/classes/REL_Relationships_TEST.cls':[
182,
371,
401,
431,
],
'apex-project:sources/projects/Cumulus/src/classes/RLLP_OppRollup.cls':[
223,
380,
540,
890,
],
'apex-project:sources/projects/Cumulus/src/classes/RLLP_OppRollup_TEST.cls':[
289,
387,
403,
482,
500,
847,
914,
1030,
1078,
],
'apex-project:sources/projects/Cumulus/src/classes/RLLP_OppRollup_TEST2.cls':[
264,
265,
618,
621,
722,
],
'apex-project:sources/projects/Cumulus/src/classes/RLLP_OppRollup_UTIL.cls':[
935,
],
'apex-project:sources/projects/Cumulus/src/classes/STG_PanelHouseholds_CTRL.cls':[
144,
],
'apex-project:sources/projects/Cumulus/src/classes/STG_PanelOppNaming_CTRL.cls':[
175,
177,
],
'apex-project:sources/projects/Cumulus/src/classes/STG_PanelRDCustomInstallment_CTRL.cls':[
75,
121,
253,
],
'apex-project:sources/projects/Cumulus/src/classes/UTIL_Namespace_TEST.cls':[
48,
],
'apex-project:sources/projects/CustomMetadataLoader/custom_md_loader/classes/CustomMetadataLoaderController.cls':[
26,
],
'apex-project:sources/projects/CustomMetadataLoader/custom_md_loader/classes/MetadataService.cls':[
194,
264,
394,
524,
548,
644,
814,
870,
952,
978,
1174,
1278,
1378,
1408,
1496,
1580,
1634,
1754,
1832,
1856,
1976,
2046,
2094,
2242,
2356,
2382,
2642,
2688,
2792,
2914,
3046,
3116,
3174,
3328,
3412,
3506,
3632,
3692,
3806,
3942,
4062,
4108,
4192,
4230,
4292,
4350,
4374,
4584,
4686,
4996,
5034,
6876,
6916,
6990,
7122,
7242,
7546,
7624,
7764,
7834,
7938,
7978,
8166,
8198,
8422,
8481,
8482,
8494,
8606,
8636,
8766,
8810,
8836,
8898,
8958,
8998,
9068,
],
'apex-project:sources/projects/HEDAP/src/classes/ADDR_Account_TDTM.cls':[
72,
],
'apex-project:sources/projects/HEDAP/src/classes/ADDR_Addresses_UTIL.cls':[
737,
],
'apex-project:sources/projects/HEDAP/src/classes/ADDR_HouseholdAcc_TEST.cls':[
82,
84,
148,
149,
190,
191,
235,
236,
270,
271,
327,
328,
364,
365,
417,
418,
474,
475,
528,
529,
600,
601,
665,
666,
730,
745,
746,
794,
795,
842,
843,
910,
911,
979,
980,
1008,
1068,
1069,
1130,
1131,
1205,
1206,
1264,
1265,
1319,
1320,
1379,
1380,
1454,
1455,
1513,
1514,
1579,
1580,
1653,
1654,
1758,
1759,
1812,
1813,
1864,
1865,
1905,
1906,
1944,
1945,
1989,
1990,
2090,
],
'apex-project:sources/projects/HEDAP/src/classes/COFF_Affiliation_TDTM.cls':[
304,
386,
],
'apex-project:sources/projects/HEDAP/src/classes/CON_Preferred_TDTM.cls':[
46,
],
'apex-project:sources/projects/HEDAP/src/classes/STG_InstallScript.cls':[
136,
],
'apex-project:sources/projects/HEDAP/src/classes/TDTM_Config.cls':[
94,
101,
],
'apex-project:sources/projects/HEDAP/src/classes/TDTM_Filter.cls':[
112,
],
'apex-project:sources/projects/HEDAP/src/classes/TDTM_Filter_TEST.cls':[
166,
],
'apex-project:sources/projects/HEDAP/src/classes/TDTM_Global_API.cls':[
248,
266,
],
'apex-project:sources/projects/HEDAP/src/classes/TDTM_Manager.cls':[
57,
155,
],
'apex-project:sources/projects/HEDAP/src/classes/TDTM_Manager_TEST.cls':[
155,
394,
409,
438,
],
'apex-project:sources/projects/HEDAP/src/classes/UTIL_Namespace_TEST.cls':[
50,
],
'apex-project:sources/projects/Milestones-PM/src/classes/Milestone1_Import_Project_Controller_Tst.cls':[
36,
100,
],
'apex-project:sources/projects/Milestones-PM/src/classes/Milestone1_Summary2.cls':[
267,
],
'apex-project:sources/projects/Milestones-PM/src/classes/Milestone1_Task_Chatter_Tst.cls':[
102,
],
'apex-project:sources/projects/Milestones-PM/src/classes/Milestone1_Task_Trigger_Utility.cls':[
123,
],
'apex-project:sources/projects/Milestones-PM/src/classes/Milestone1_Test_Move.cls':[
619,
],
'apex-project:sources/projects/Milestones-PM/src/classes/Milestone1_XML_Export_Utility.cls':[
50,
58,
64,
70,
76,
],
'apex-project:sources/projects/Milestones-PM/src/classes/Milestone1_XML_Export_Utility_Test.cls':[
63,
],
'apex-project:sources/projects/Milestones-PM/src/classes/Milestone1_XML_Import_Utility.cls':[
384,
530,
],
'apex-project:sources/projects/Milestones-PM/src/classes/Milestone1_XML_Import_Utility_Test.cls':[
92,
],
'apex-project:sources/projects/Milestones-PM/src/classes/Milestone1_repeatCon.cls':[
130,
235,
274,
294,
],
'apex-project:sources/projects/SmartFactory-for-Force.com/src/classes/SmartFactory.cls':[
205,
],
'apex-project:sources/projects/apex-mdapi/apex-mdapi/src/classes/MetadataService.cls':[
81,
221,
329,
427,
467,
595,
651,
773,
927,
971,
1073,
1151,
1201,
1229,
1295,
1349,
1429,
1497,
1523,
1603,
1651,
1806,
1904,
2004,
2092,
2151,
2229,
2277,
2327,
2469,
2505,
2557,
2679,
2749,
2793,
2895,
2961,
3065,
3223,
3432,
3472,
3536,
3697,
3731,
3787,
3847,
4045,
4095,
4157,
4247,
4397,
4433,
4491,
4521,
4639,
4703,
4741,
4819,
4997,
5063,
5113,
5605,
5893,
5968,
6062,
6100,
6158,
6210,
6304,
6362,
6558,
6630,
6666,
6708,
6788,
6988,
7042,
7126,
7176,
7214,
7394,
7448,
7542,
7698,
7742,
7872,
7934,
7980,
8032,
10738,
10766,
10790,
10958,
11084,
11156,
11204,
11318,
11472,
11606,
11634,
11752,
11936,
12006,
12094,
12124,
12174,
12351,
12383,
12473,
12643,
12698,
12842,
12862,
12926,
13044,
13102,
13146,
13190,
],
'apex-project:sources/projects/apex-mdapi/apex-mdapi/src/classes/RemoteSiteHelperController.cls':[
19,
],
'apex-project:sources/projects/apex-toolingapi/examples/code_coverage_chart/src/classes/CodeCoverageChartCtrl.cls':[
29,
],
'apex-project:sources/projects/apex-toolingapi/src/classes/ToolingAPIWSDL.cls':[
661,
855,
1105,
1209,
1249,
1377,
1707,
1793,
1861,
1891,
1939,
1969,
2045,
2091,
2141,
2169,
2229,
2325,
2389,
2431,
2471,
2501,
2545,
2579,
2611,
2645,
2697,
2753,
2799,
2833,
2875,
2911,
2949,
2993,
3059,
3097,
3157,
3201,
3235,
3311,
3347,
3389,
3439,
3487,
3521,
3591,
3633,
3661,
3759,
3799,
3837,
3881,
3939,
3997,
4029,
4097,
4139,
4187,
4221,
4277,
],
'apex-project:sources/projects/apex-toolingapi/src/classes/ToolingAPIWSDLMetadata.cls':[
127,
711,
751,
809,
945,
1035,
1063,
1105,
1259,
1297,
1335,
1369,
1487,
1581,
],
'apex-project:sources/projects/declarative-lookup-rollup-summaries/force-app/libs/fflib-apexmocks/classes/fflib_ApexMocksTest.cls':[
245,
247,
],
'apex-project:sources/projects/declarative-lookup-rollup-summaries/force-app/libs/fflib-apexmocks/classes/fflib_Match.cls':[
136,
],
'apex-project:sources/projects/declarative-lookup-rollup-summaries/force-app/libs/fflib-apexmocks/classes/fflib_Mocks.cls':[
21,
],
'apex-project:sources/projects/declarative-lookup-rollup-summaries/force-app/libs/fflib-common/classes/fflib_QueryFactory.cls':[
363,
376,
],
'apex-project:sources/projects/declarative-lookup-rollup-summaries/force-app/libs/fflib-common/classes/fflib_QueryFactoryTest.cls':[
152,
],
'apex-project:sources/projects/declarative-lookup-rollup-summaries/force-app/libs/fflib-common/classes/fflib_SObjectDomain.cls':[
336,
],
'apex-project:sources/projects/declarative-lookup-rollup-summaries/force-app/libs/fflib-common/classes/fflib_SObjectDomainTest.cls':[
223,
],
'apex-project:sources/projects/declarative-lookup-rollup-summaries/force-app/libs/fflib-common/classes/fflib_SObjectSelectorTest.cls':[
272,
],
'apex-project:sources/projects/declarative-lookup-rollup-summaries/force-app/libs/fflib-common/classes/fflib_SObjectUnitOfWorkTest.cls':[
147,
174,
],
'apex-project:sources/projects/declarative-lookup-rollup-summaries/force-app/libs/metadataservice/classes/MetadataService.cls':[
168,
220,
350,
496,
520,
616,
788,
834,
928,
954,
1092,
1192,
1282,
1384,
1416,
1504,
1594,
1650,
1758,
1844,
1868,
1988,
2058,
2112,
2300,
2432,
2458,
2714,
2776,
2880,
3016,
3150,
3214,
3260,
3398,
3482,
3584,
3728,
3826,
3940,
4058,
4116,
4220,
4266,
4338,
4376,
4440,
4498,
4522,
4762,
4860,
4944,
4992,
5158,
5246,
5296,
7320,
7360,
7426,
7558,
7678,
7988,
8068,
8212,
8286,
8409,
8449,
8649,
8681,
8903,
8962,
8963,
8975,
9087,
9117,
9267,
9315,
9341,
9395,
9455,
9497,
9567,
],
'apex-project:sources/projects/declarative-lookup-rollup-summaries/force-app/main/classes/RollupCalculateController.cls':[
38,
],
'apex-project:sources/projects/declarative-lookup-rollup-summaries/force-app/main/classes/RollupController.cls':[
428,
],
'apex-project:sources/projects/declarative-lookup-rollup-summaries/force-app/main/classes/RollupScheduledCalculateController.cls':[
58,
],
'apex-project:sources/projects/declarative-lookup-rollup-summaries/force-app/main/classes/RollupService.cls':[
311,
],
'apex-project:sources/projects/declarative-lookup-rollup-summaries/force-app/main/classes/RollupServiceException.cls':[
53,
],
'apex-project:sources/projects/declarative-lookup-rollup-summaries/force-app/main/classes/RollupServiceTest.cls':[
1118,
1618,
],
'apex-project:sources/projects/declarative-lookup-rollup-summaries/force-app/main/classes/RollupServiceTest3.cls':[
123,
1108,
1210,
1225,
1320,
],
'apex-project:sources/projects/declarative-lookup-rollup-summaries/force-app/main/classes/RollupServiceTest4.cls':[
125,
252,
376,
498,
622,
749,
879,
1012,
1147,
1304,
1460,
1653,
1776,
1948,
1984,
],
'apex-project:sources/projects/declarative-lookup-rollup-summaries/force-app/main/classes/RollupSummaries.cls':[
271,
283,
285,
332,
363,
],
'apex-project:sources/projects/declarative-lookup-rollup-summaries/force-app/main/classes/RollupSummariesTest.cls':[
61,
174,
392,
413,
414,
440,
467,
494,
],
'apex-project:sources/projects/declarative-lookup-rollup-summaries/force-app/main/classes/RollupSummaryEnhancedController.cls':[
140,
],
'apex-project:sources/projects/declarative-lookup-rollup-summaries/force-app/main/classes/Utilities.cls':[
70,
],
'apex-project:sources/projects/declarative-lookup-rollup-summaries/force-app/main/classes/WelcomeController.cls':[
54,
],
'apex-project:sources/projects/df12-apex-enterprise-patterns/df12/src/classes/SObjectDomain.cls':[
216,
508,
],
'apex-project:sources/projects/df12-apex-enterprise-patterns/df12/src/classes/SObjectUnitOfWork.cls':[
306,
324,
],
'apex-project:sources/projects/dreamhouse-sfdx/force-app/main/default/classes/HandlerFindProperties.cls':[
63,
],
'apex-project:sources/projects/dreamhouse-sfdx/force-app/main/default/classes/PropertyController.cls':[
18,
],
'apex-project:sources/projects/fflib-apex-common/fflib/src/classes/fflib_QueryFactory.cls':[
371,
384,
],
'apex-project:sources/projects/fflib-apex-common/fflib/src/classes/fflib_QueryFactoryTest.cls':[
152,
],
'apex-project:sources/projects/fflib-apex-common/fflib/src/classes/fflib_SObjectDomain.cls':[
336,
],
'apex-project:sources/projects/fflib-apex-common/fflib/src/classes/fflib_SObjectDomainTest.cls':[
223,
],
'apex-project:sources/projects/fflib-apex-common/fflib/src/classes/fflib_SObjectSelectorTest.cls':[
296,
],
'apex-project:sources/projects/fflib-apex-common/fflib/src/classes/fflib_SObjectUnitOfWorkTest.cls':[
147,
174,
],
'apex-project:sources/projects/fflib-apex-mocks/src/classes/fflib_ApexMocksTest.cls':[
245,
247,
],
'apex-project:sources/projects/fflib-apex-mocks/src/classes/fflib_Match.cls':[
136,
],
'apex-project:sources/projects/fflib-apex-mocks/src/classes/fflib_Mocks.cls':[
21,
],
'apex-project:sources/projects/sfdx-dreamhouse/force-app/main/default/classes/HandlerFindProperties.cls':[
63,
],
'apex-project:sources/projects/twilio-salesforce/src/classes/TwilioAPI.cls':[
133,
],
'apex-project:sources/projects/twilio-salesforce/src/classes/TwilioLookupsTest.cls':[
10,
],
'apex-project:sources/projects/twilio-salesforce/src/classes/TwilioTRTest.cls':[
76,
92,
93,
108,
125,
257,
],
'apex-project:sources/projects/twilio-salesforce/src/classes/Twilio_TestCalls.cls':[
292,
293,
],
'apex-project:sources/projects/twilio-salesforce/src/classes/Twilio_TestMessage.cls':[
127,
],
'apex-project:sources/projects/twilio-salesforce/src/classes/Twilio_TestNotification.cls':[
66,
99,
137,
],
'apex-project:sources/projects/twilio-salesforce/src/classes/Twilio_TestPhoneNumbers.cls':[
375,
428,
],
'apex-project:sources/projects/twilio-salesforce/src/classes/Twilio_TestTwiML.cls':[
82,
],
}
