{
'apex-project:sources/projects/Cumulus/src/classes/ADDR_GoogleGeoAPI_Validator.cls':[
185,
],
'apex-project:sources/projects/Cumulus/src/classes/RLLP_OppRollup_TEST.cls':[
1038,
],
'apex-project:sources/projects/Cumulus/src/classes/STG_PanelADDRVerification_CTRL.cls':[
326,
],
}
