{
'apex-project:ruling/src/test/resources/sources/S1145.cls':[
3,
7,
11,
],
}
