{
'apex-project:ruling/src/test/resources/sources/S1821.cls':[
7,
],
}
