{
'apex-project:ruling/src/test/resources/sources/S108.cls':[
6,
],
'apex-project:sources/projects/Cumulus/src/classes/ADDR_Account_TDTM.cls':[
61,
65,
],
'apex-project:sources/projects/Cumulus/src/classes/BDI_DataImportAPI_TEST.cls':[
247,
],
'apex-project:sources/projects/Cumulus/src/classes/BDI_PerfLogger_TEST.cls':[
50,
],
'apex-project:sources/projects/Cumulus/src/classes/CMT_FilterRule.cls':[
262,
],
'apex-project:sources/projects/Cumulus/src/classes/CRLP_Operation_SVC.cls':[
114,
145,
],
'apex-project:sources/projects/Cumulus/src/classes/CRLP_RollupCMT.cls':[
77,
173,
340,
],
'apex-project:sources/projects/Cumulus/src/classes/CRLP_Rollup_SVC.cls':[
183,
200,
217,
235,
],
'apex-project:sources/projects/Cumulus/src/classes/OPP_OpportunityNaming.cls':[
187,
],
'apex-project:sources/projects/Cumulus/src/classes/RD_RecurringDonations_TEST2.cls':[
451,
],
'apex-project:sources/projects/Cumulus/src/classes/UTIL_DMLService_TEST.cls':[
150,
],
'apex-project:sources/projects/Cumulus/src/classes/UTIL_OrgTelemetry_SVC.cls':[
177,
243,
],
'apex-project:sources/projects/Cumulus/src/classes/UTIL_PerfLogger_TEST.cls':[
48,
],
'apex-project:sources/projects/Milestones-PM/src/classes/Milestone1_TimelineCon.cls':[
115,
],
'apex-project:sources/projects/dreamhouse-sfdx/force-app/main/default/classes/EinsteinVisionControllerTest.cls':[
101,
],
'apex-project:sources/projects/sfdx-dreamhouse/force-app/main/default/classes/EinsteinVisionControllerTest.cls':[
101,
],
'apex-project:sources/projects/visualforce-table-grid/src/classes/RowManager_Test.cls':[
198,
],
}
