{
'apex-project:sources/projects/Cumulus/src/classes/ACCT_HHAccounts_TEST.cls':[
56,
103,
189,
271,
331,
419,
522,
594,
689,
],
'apex-project:sources/projects/Cumulus/src/classes/ACCT_IndividualAccounts_TEST.cls':[
48,
],
'apex-project:sources/projects/Cumulus/src/classes/ADDR_Addresses_TEST.cls':[
1873,
1891,
1909,
],
'apex-project:sources/projects/Cumulus/src/classes/ADDR_CopyAddrHHObjBTN_TEST.cls':[
43,
],
'apex-project:sources/projects/Cumulus/src/classes/BDI_ContactService.cls':[
933,
949,
],
'apex-project:sources/projects/Cumulus/src/classes/BDI_DataImportCTRL_TEST.cls':[
47,
171,
],
'apex-project:sources/projects/Cumulus/src/classes/BDI_DataImportDeleteBTN_TEST.cls':[
64,
94,
118,
141,
156,
184,
199,
216,
229,
],
'apex-project:sources/projects/Cumulus/src/classes/BDI_DataImportService.cls':[
635,
896,
1153,
],
'apex-project:sources/projects/Cumulus/src/classes/BDI_DataImport_TEST.cls':[
79,
110,
141,
184,
217,
251,
294,
336,
382,
413,
442,
472,
509,
593,
647,
704,
770,
852,
908,
966,
1022,
1107,
1168,
1228,
1273,
1317,
1352,
1398,
1437,
],
'apex-project:sources/projects/Cumulus/src/classes/BDI_DataImport_TEST2.cls':[
53,
92,
138,
183,
237,
289,
344,
395,
442,
497,
546,
591,
639,
679,
742,
787,
822,
977,
981,
985,
989,
993,
997,
1001,
1005,
1009,
1013,
1065,
1124,
1176,
1232,
1277,
1321,
1365,
1403,
],
'apex-project:sources/projects/Cumulus/src/classes/BDI_Donations_TEST.cls':[
124,
198,
266,
342,
421,
522,
],
'apex-project:sources/projects/Cumulus/src/classes/CON_AddToCampaign.cls':[
54,
],
'apex-project:sources/projects/Cumulus/src/classes/HH_CampaignDedupeBTN_CTRL.cls':[
98,
154,
170,
194,
],
'apex-project:sources/projects/Cumulus/src/classes/HH_HouseholdNaming.cls':[
46,
68,
],
'apex-project:sources/projects/Cumulus/src/classes/HH_HouseholdNaming_TEST.cls':[
100,
162,
],
'apex-project:sources/projects/Cumulus/src/classes/HH_Households_TEST.cls':[
42,
],
'apex-project:sources/projects/Cumulus/src/classes/HH_NameSpec_TEST.cls':[
53,
94,
142,
184,
236,
296,
353,
454,
532,
883,
912,
971,
],
'apex-project:sources/projects/Cumulus/src/classes/OPP_MatchingDonationsBTN_CTRL.cls':[
46,
],
'apex-project:sources/projects/Cumulus/src/classes/OPP_MatchingDonationsBTN_TEST.cls':[
39,
],
'apex-project:sources/projects/Cumulus/src/classes/OPP_SendAcknowledgmentBTN_CTRL.cls':[
112,
],
'apex-project:sources/projects/Cumulus/src/classes/PMT_PaymentCreator_TEST.cls':[
55,
],
'apex-project:sources/projects/Cumulus/src/classes/REL_Relationships_TEST.cls':[
820,
],
'apex-project:sources/projects/Cumulus/src/classes/RLLP_OppRollup_TEST.cls':[
798,
801,
804,
830,
833,
836,
863,
866,
869,
897,
900,
903,
931,
934,
937,
964,
967,
970,
997,
1000,
1003,
],
'apex-project:sources/projects/Cumulus/src/classes/STG_PanelErrorLog_CTRL.cls':[
97,
103,
],
'apex-project:sources/projects/Cumulus/src/classes/STG_SettingsManager_TEST.cls':[
809,
],
'apex-project:sources/projects/Cumulus/src/classes/TDTM_ObjectDataGateway.cls':[
85,
],
'apex-project:sources/projects/Cumulus/src/classes/TDTM_TriggerHandler.cls':[
277,
],
'apex-project:sources/projects/Cumulus/src/classes/UTIL_Namespace.cls':[
67,
78,
91,
107,
],
'apex-project:sources/projects/Cumulus/src/classes/UTIL_Namespace_TEST.cls':[
40,
],
'apex-project:sources/projects/Cumulus/src/classes/UTIL_RecordTypes_API.cls':[
46,
56,
66,
],
'apex-project:sources/projects/Cumulus/src/classes/UTIL_RecordTypes_TEST.cls':[
65,
],
'apex-project:sources/projects/Cumulus/src/classes/UTIL_SoqlListView_CTRL.cls':[
141,
165,
178,
189,
],
'apex-project:sources/projects/Cumulus/src/classes/UTIL_UnitTestData_TEST.cls':[
136,
166,
171,
201,
209,
236,
241,
],
'apex-project:sources/projects/Cumulus/src/classes/UTIL_Where.cls':[
275,
283,
],
'apex-project:sources/projects/Cumulus/src/classes/UTIL_iSoqlListViewConsumer.cls':[
48,
50,
],
'apex-project:sources/projects/HEDAP/src/classes/TDTM_Filter_TEST.cls':[
165,
],
'apex-project:sources/projects/HEDAP/src/classes/UTIL_Namespace.cls':[
68,
79,
92,
109,
],
'apex-project:sources/projects/HEDAP/src/classes/UTIL_Namespace_TEST.cls':[
41,
],
'apex-project:sources/projects/Milestones-PM/src/classes/Milestone1_Charts_GanttController.cls':[
180,
217,
],
'apex-project:sources/projects/Salesforce-Lookup-Rollup-Summaries/classes/LREngine.cls':[
58,
],
'apex-project:sources/projects/Salesforce-Lookup-Rollup-Summaries/classes/TestLREngine.cls':[
61,
],
'apex-project:sources/projects/apex-mdapi/apex-mdapi/src/classes/MetadataServicePatcher.cls':[
613,
],
'apex-project:sources/projects/declarative-lookup-rollup-summaries/force-app/libs/fflib-common/classes/fflib_SObjectDescribeTest.cls':[
53,
71,
96,
],
'apex-project:sources/projects/declarative-lookup-rollup-summaries/force-app/libs/lrengine/classes/LREngine.cls':[
61,
],
'apex-project:sources/projects/declarative-lookup-rollup-summaries/force-app/libs/lrengine/classes/TestLREngine.cls':[
63,
],
'apex-project:sources/projects/dreamhouse-sfdx/force-app/main/default/classes/EinsteinVisionControllerTest.cls':[
90,
],
'apex-project:sources/projects/dreamhouse-sfdx/force-app/main/default/classes/HttpFormBuilder.cls':[
9,
16,
36,
46,
78,
],
'apex-project:sources/projects/fflib-apex-common/fflib/src/classes/fflib_SObjectDescribeTest.cls':[
53,
71,
96,
],
'apex-project:sources/projects/sfdx-dreamhouse/force-app/main/default/classes/EinsteinVisionControllerTest.cls':[
90,
],
'apex-project:sources/projects/sfdx-dreamhouse/force-app/main/default/classes/HttpFormBuilder.cls':[
9,
16,
36,
46,
78,
],
}
