{
'apex-project:ruling/src/test/resources/sources/S1134.cls':[
1,
4,
8,
9,
12,
15,
],
}
