{
'apex-project:ruling/src/test/resources/sources/S1172.cls':[
8,
12,
24,
29,
],
'apex-project:ruling/src/test/resources/sources/S1313.cls':[
6,
17,
],
'apex-project:ruling/src/test/resources/sources/S1481.cls':[
50,
],
'apex-project:sources/projects/Cumulus/src/classes/ACCT_IndividualAccounts_TDTM.cls':[
883,
],
'apex-project:sources/projects/Cumulus/src/classes/HH_HouseholdNaming_TEST.cls':[
789,
],
'apex-project:sources/projects/Cumulus/src/classes/HH_Households_TEST.cls':[
762,
],
'apex-project:sources/projects/Cumulus/src/classes/USER_UserService.cls':[
190,
],
'apex-project:sources/projects/Cumulus/src/classes/UTIL_RecordTypeSettingsUpdate_TEST.cls':[
304,
487,
],
'apex-project:sources/projects/declarative-lookup-rollup-summaries/force-app/libs/fflib-common/classes/fflib_SObjectSelectorTest.cls':[
219,
],
'apex-project:sources/projects/fflib-apex-common/fflib/src/classes/fflib_SObjectSelectorTest.cls':[
243,
],
'apex-project:sources/projects/twilio-salesforce/src/classes/TwilioClient.cls':[
441,
],
}
