{
'apex-project:sources/projects/Cumulus/src/classes/ALLO_Allocations_TDTM.cls':[
58,
],
'apex-project:sources/projects/Cumulus/src/classes/BDI_DataImportService.cls':[
660,
],
'apex-project:sources/projects/Cumulus/src/classes/HH_Container_LCTRL.cls':[
40,
],
'apex-project:sources/projects/Cumulus/src/classes/UTIL_Describe.cls':[
514,
],
'apex-project:sources/projects/CustomMetadataLoader/custom_md_loader/classes/MetadataService.cls':[
30,
92,
826,
980,
1004,
1410,
1516,
2758,
2932,
2938,
3048,
3642,
4396,
4442,
4482,
4614,
4700,
4852,
5054,
5081,
5095,
5109,
5123,
5137,
5151,
5165,
5179,
5193,
5207,
5221,
5235,
5249,
5263,
5277,
5291,
5305,
5319,
5333,
5347,
5361,
5375,
5389,
5403,
5417,
5431,
5445,
5459,
5473,
5487,
5501,
5515,
5529,
5543,
5557,
5571,
5585,
5599,
5613,
5627,
5641,
5655,
5669,
5683,
5697,
5711,
5725,
5739,
5753,
5767,
5781,
5795,
5809,
5823,
5837,
5851,
5865,
5879,
5893,
5907,
5921,
5935,
5949,
5963,
5977,
5991,
6005,
6019,
6033,
6047,
6061,
6075,
6089,
6103,
6117,
6131,
6145,
6159,
6173,
6187,
6201,
6215,
6229,
6243,
6257,
6271,
6285,
6299,
6313,
6327,
6341,
6355,
6369,
6383,
6397,
6411,
6425,
6439,
6453,
6467,
6481,
6495,
6509,
6523,
6537,
6551,
6565,
6579,
6593,
6607,
6621,
6635,
6649,
6663,
6677,
6691,
6705,
6719,
6733,
6747,
6761,
6775,
6789,
6803,
6817,
7276,
7784,
8240,
8256,
8502,
8608,
9024,
],
'apex-project:sources/projects/Milestones-PM/src/classes/Milestone1_TimelineCon.cls':[
148,
],
'apex-project:sources/projects/apex-mdapi/apex-mdapi/src/classes/MetadataService.cls':[
331,
653,
929,
2046,
2285,
3305,
3335,
4073,
4159,
4249,
4297,
5209,
5463,
5537,
6064,
6498,
6802,
6886,
7348,
7888,
8137,
8151,
8165,
8179,
8193,
8207,
8221,
8235,
8249,
8263,
8277,
8291,
8305,
8319,
8333,
8347,
8361,
8375,
8389,
8403,
8417,
8431,
8445,
8459,
8473,
8487,
8501,
8515,
8529,
8543,
8557,
8571,
8585,
8599,
8613,
8627,
8641,
8655,
8669,
8683,
8697,
8711,
8725,
8739,
8753,
8767,
8781,
8795,
8809,
8823,
8837,
8851,
8865,
8879,
8893,
8907,
8921,
8935,
8949,
8963,
8977,
8991,
9005,
9019,
9033,
9047,
9061,
9075,
9089,
9103,
9117,
9131,
9145,
9159,
9173,
9187,
9201,
9215,
9229,
9243,
9257,
9271,
9285,
9299,
9313,
9327,
9341,
9355,
9369,
9383,
9397,
9411,
9425,
9439,
9453,
9467,
9481,
9495,
9509,
9523,
9537,
9551,
9565,
9579,
9593,
9607,
9621,
9635,
9649,
9663,
9677,
9691,
9705,
9719,
9733,
9747,
9761,
9775,
9789,
9803,
9817,
9831,
9845,
9859,
9873,
9887,
9901,
9915,
9929,
9943,
9957,
9971,
9985,
9999,
10013,
10027,
10041,
10055,
10069,
10083,
10097,
10111,
10125,
10139,
10153,
10167,
10181,
10195,
10209,
10223,
10237,
10251,
10265,
10279,
10293,
10307,
10321,
10335,
10349,
10363,
10377,
10391,
10405,
10419,
10433,
10447,
10461,
10475,
10489,
10503,
10517,
10531,
10545,
10559,
10573,
10996,
11258,
11532,
11860,
12206,
12248,
12272,
12317,
12569,
12645,
],
'apex-project:sources/projects/apex-toolingapi/src/classes/ToolingAPIWSDL.cls':[
35,
57,
65,
71,
109,
127,
155,
175,
663,
741,
801,
865,
869,
875,
881,
905,
911,
917,
929,
933,
939,
957,
963,
979,
1107,
1211,
1225,
1251,
1309,
1315,
1343,
1393,
1409,
1421,
1437,
1465,
1481,
1499,
1527,
1555,
1561,
1577,
1583,
1625,
1643,
1659,
1733,
1795,
1807,
1813,
1819,
],
'apex-project:sources/projects/declarative-lookup-rollup-summaries/force-app/libs/fflib-apexmocks/classes/fflib_AnswerTest.cls':[
9,
],
'apex-project:sources/projects/declarative-lookup-rollup-summaries/force-app/libs/fflib-apexmocks/classes/fflib_AnyOrder.cls':[
10,
],
'apex-project:sources/projects/declarative-lookup-rollup-summaries/force-app/libs/fflib-apexmocks/classes/fflib_AnyOrderTest.cls':[
9,
1124,
1132,
],
'apex-project:sources/projects/declarative-lookup-rollup-summaries/force-app/libs/fflib-apexmocks/classes/fflib_ApexMocks.cls':[
8,
],
'apex-project:sources/projects/declarative-lookup-rollup-summaries/force-app/libs/fflib-apexmocks/classes/fflib_ApexMocksConfig.cls':[
5,
],
'apex-project:sources/projects/declarative-lookup-rollup-summaries/force-app/libs/fflib-apexmocks/classes/fflib_ApexMocksTest.cls':[
5,
1606,
1614,
],
'apex-project:sources/projects/declarative-lookup-rollup-summaries/force-app/libs/fflib-apexmocks/classes/fflib_ApexMocksUtils.cls':[
26,
],
'apex-project:sources/projects/declarative-lookup-rollup-summaries/force-app/libs/fflib-apexmocks/classes/fflib_ApexMocksUtilsTest.cls':[
27,
],
'apex-project:sources/projects/declarative-lookup-rollup-summaries/force-app/libs/fflib-apexmocks/classes/fflib_ArgumentCaptor.cls':[
34,
],
'apex-project:sources/projects/declarative-lookup-rollup-summaries/force-app/libs/fflib-apexmocks/classes/fflib_ArgumentCaptorTest.cls':[
8,
],
'apex-project:sources/projects/declarative-lookup-rollup-summaries/force-app/libs/fflib-apexmocks/classes/fflib_IDGenerator.cls':[
26,
],
'apex-project:sources/projects/declarative-lookup-rollup-summaries/force-app/libs/fflib-apexmocks/classes/fflib_IDGeneratorTest.cls':[
27,
],
'apex-project:sources/projects/declarative-lookup-rollup-summaries/force-app/libs/fflib-apexmocks/classes/fflib_InOrder.cls':[
9,
],
'apex-project:sources/projects/declarative-lookup-rollup-summaries/force-app/libs/fflib-apexmocks/classes/fflib_InOrderTest.cls':[
6,
],
'apex-project:sources/projects/declarative-lookup-rollup-summaries/force-app/libs/fflib-apexmocks/classes/fflib_Inheritor.cls':[
5,
],
'apex-project:sources/projects/declarative-lookup-rollup-summaries/force-app/libs/fflib-apexmocks/classes/fflib_InheritorTest.cls':[
5,
],
'apex-project:sources/projects/declarative-lookup-rollup-summaries/force-app/libs/fflib-apexmocks/classes/fflib_InvocationOnMock.cls':[
10,
],
'apex-project:sources/projects/declarative-lookup-rollup-summaries/force-app/libs/fflib-apexmocks/classes/fflib_Match.cls':[
26,
],
'apex-project:sources/projects/declarative-lookup-rollup-summaries/force-app/libs/fflib-apexmocks/classes/fflib_MatchTest.cls':[
27,
],
'apex-project:sources/projects/declarative-lookup-rollup-summaries/force-app/libs/fflib-apexmocks/classes/fflib_MatcherDefinitions.cls':[
33,
],
'apex-project:sources/projects/declarative-lookup-rollup-summaries/force-app/libs/fflib-apexmocks/classes/fflib_MatcherDefinitionsTest.cls':[
27,
],
'apex-project:sources/projects/declarative-lookup-rollup-summaries/force-app/libs/fflib-apexmocks/classes/fflib_MatchersReturnValue.cls':[
26,
],
'apex-project:sources/projects/declarative-lookup-rollup-summaries/force-app/libs/fflib-apexmocks/classes/fflib_MethodArgValues.cls':[
26,
],
'apex-project:sources/projects/declarative-lookup-rollup-summaries/force-app/libs/fflib-apexmocks/classes/fflib_MethodArgValuesTest.cls':[
27,
],
'apex-project:sources/projects/declarative-lookup-rollup-summaries/force-app/libs/fflib-apexmocks/classes/fflib_MethodCountRecorder.cls':[
8,
],
'apex-project:sources/projects/declarative-lookup-rollup-summaries/force-app/libs/fflib-apexmocks/classes/fflib_MethodReturnValue.cls':[
32,
],
'apex-project:sources/projects/declarative-lookup-rollup-summaries/force-app/libs/fflib-apexmocks/classes/fflib_MethodReturnValueRecorder.cls':[
30,
],
'apex-project:sources/projects/declarative-lookup-rollup-summaries/force-app/libs/fflib-apexmocks/classes/fflib_MethodVerifier.cls':[
9,
],
'apex-project:sources/projects/declarative-lookup-rollup-summaries/force-app/libs/fflib-apexmocks/classes/fflib_Mocks.cls':[
3,
],
'apex-project:sources/projects/declarative-lookup-rollup-summaries/force-app/libs/fflib-apexmocks/classes/fflib_MyList.cls':[
9,
],
'apex-project:sources/projects/declarative-lookup-rollup-summaries/force-app/libs/fflib-apexmocks/classes/fflib_QualifiedMethod.cls':[
4,
],
'apex-project:sources/projects/declarative-lookup-rollup-summaries/force-app/libs/fflib-apexmocks/classes/fflib_QualifiedMethodAndArgValues.cls':[
8,
],
'apex-project:sources/projects/declarative-lookup-rollup-summaries/force-app/libs/fflib-apexmocks/classes/fflib_QualifiedMethodTest.cls':[
5,
],
'apex-project:sources/projects/declarative-lookup-rollup-summaries/force-app/libs/fflib-apexmocks/classes/fflib_System.cls':[
10,
],
'apex-project:sources/projects/declarative-lookup-rollup-summaries/force-app/libs/fflib-apexmocks/classes/fflib_SystemTest.cls':[
5,
],
'apex-project:sources/projects/declarative-lookup-rollup-summaries/force-app/libs/fflib-apexmocks/classes/fflib_VerificationMode.cls':[
10,
],
'apex-project:sources/projects/declarative-lookup-rollup-summaries/force-app/libs/fflib-common/classes/fflib_Application.cls':[
32,
],
'apex-project:sources/projects/declarative-lookup-rollup-summaries/force-app/libs/fflib-common/classes/fflib_ApplicationTest.cls':[
29,
],
'apex-project:sources/projects/declarative-lookup-rollup-summaries/force-app/libs/fflib-common/classes/fflib_QueryFactory.cls':[
55,
],
'apex-project:sources/projects/declarative-lookup-rollup-summaries/force-app/libs/fflib-common/classes/fflib_QueryFactoryTest.cls':[
28,
],
'apex-project:sources/projects/declarative-lookup-rollup-summaries/force-app/libs/fflib-common/classes/fflib_SObjectDescribe.cls':[
39,
],
'apex-project:sources/projects/declarative-lookup-rollup-summaries/force-app/libs/fflib-common/classes/fflib_SObjectDescribeTest.cls':[
32,
],
'apex-project:sources/projects/declarative-lookup-rollup-summaries/force-app/libs/fflib-common/classes/fflib_SObjectDomain.cls':[
41,
],
'apex-project:sources/projects/declarative-lookup-rollup-summaries/force-app/libs/fflib-common/classes/fflib_SObjectDomainTest.cls':[
28,
],
'apex-project:sources/projects/declarative-lookup-rollup-summaries/force-app/libs/fflib-common/classes/fflib_SObjectMocks.cls':[
3,
],
'apex-project:sources/projects/declarative-lookup-rollup-summaries/force-app/libs/fflib-common/classes/fflib_SObjectSelector.cls':[
30,
],
'apex-project:sources/projects/declarative-lookup-rollup-summaries/force-app/libs/fflib-common/classes/fflib_SObjectSelectorTest.cls':[
28,
],
'apex-project:sources/projects/declarative-lookup-rollup-summaries/force-app/libs/fflib-common/classes/fflib_SObjectUnitOfWork.cls':[
54,
],
'apex-project:sources/projects/declarative-lookup-rollup-summaries/force-app/libs/fflib-common/classes/fflib_SObjectUnitOfWorkTest.cls':[
28,
],
'apex-project:sources/projects/declarative-lookup-rollup-summaries/force-app/libs/fflib-common/classes/fflib_SecurityUtils.cls':[
31,
],
'apex-project:sources/projects/declarative-lookup-rollup-summaries/force-app/libs/fflib-common/classes/fflib_SecurityUtilsTest.cls':[
28,
],
'apex-project:sources/projects/declarative-lookup-rollup-summaries/force-app/libs/fflib-common/classes/fflib_StringBuilder.cls':[
32,
],
'apex-project:sources/projects/declarative-lookup-rollup-summaries/force-app/libs/fflib-common/classes/fflib_StringBuilderTest.cls':[
28,
],
'apex-project:sources/projects/declarative-lookup-rollup-summaries/force-app/libs/metadataservice/classes/MetadataService.cls':[
32,
78,
380,
800,
956,
1002,
1418,
1524,
2152,
2846,
3034,
3040,
3152,
3748,
4068,
4544,
4616,
4644,
4792,
4874,
5060,
5254,
5316,
5343,
5357,
5371,
5385,
5399,
5413,
5427,
5441,
5455,
5469,
5483,
5497,
5511,
5525,
5539,
5553,
5567,
5581,
5595,
5609,
5623,
5637,
5651,
5665,
5679,
5693,
5707,
5721,
5735,
5749,
5763,
5777,
5791,
5805,
5819,
5833,
5847,
5861,
5875,
5889,
5903,
5917,
5931,
5945,
5959,
5973,
5987,
6001,
6015,
6029,
6043,
6057,
6071,
6085,
6099,
6113,
6127,
6141,
6155,
6169,
6183,
6197,
6211,
6225,
6239,
6253,
6267,
6281,
6295,
6309,
6323,
6337,
6351,
6365,
6379,
6393,
6407,
6421,
6435,
6449,
6463,
6477,
6491,
6505,
6519,
6533,
6547,
6561,
6575,
6589,
6603,
6617,
6631,
6645,
6659,
6673,
6687,
6701,
6715,
6729,
6743,
6757,
6771,
6785,
6799,
6813,
6827,
6841,
6855,
6869,
6883,
6897,
6911,
6925,
6939,
6953,
6967,
6981,
6995,
7009,
7023,
7037,
7051,
7065,
7079,
7093,
7107,
7121,
7135,
7149,
7163,
7177,
7191,
7205,
7219,
7233,
7247,
7261,
7726,
8232,
8733,
8749,
8983,
9089,
9523,
],
'apex-project:sources/projects/fflib-apex-common/fflib/src/classes/fflib_Application.cls':[
32,
],
'apex-project:sources/projects/fflib-apex-common/fflib/src/classes/fflib_ApplicationTest.cls':[
29,
],
'apex-project:sources/projects/fflib-apex-common/fflib/src/classes/fflib_QueryFactory.cls':[
55,
],
'apex-project:sources/projects/fflib-apex-common/fflib/src/classes/fflib_QueryFactoryTest.cls':[
28,
],
'apex-project:sources/projects/fflib-apex-common/fflib/src/classes/fflib_SObjectDescribe.cls':[
39,
],
'apex-project:sources/projects/fflib-apex-common/fflib/src/classes/fflib_SObjectDescribeTest.cls':[
32,
],
'apex-project:sources/projects/fflib-apex-common/fflib/src/classes/fflib_SObjectDomain.cls':[
41,
],
'apex-project:sources/projects/fflib-apex-common/fflib/src/classes/fflib_SObjectDomainTest.cls':[
28,
],
'apex-project:sources/projects/fflib-apex-common/fflib/src/classes/fflib_SObjectMocks.cls':[
3,
],
'apex-project:sources/projects/fflib-apex-common/fflib/src/classes/fflib_SObjectSelector.cls':[
30,
],
'apex-project:sources/projects/fflib-apex-common/fflib/src/classes/fflib_SObjectSelectorTest.cls':[
28,
],
'apex-project:sources/projects/fflib-apex-common/fflib/src/classes/fflib_SObjectUnitOfWork.cls':[
54,
],
'apex-project:sources/projects/fflib-apex-common/fflib/src/classes/fflib_SObjectUnitOfWorkTest.cls':[
28,
],
'apex-project:sources/projects/fflib-apex-common/fflib/src/classes/fflib_SecurityUtils.cls':[
31,
],
'apex-project:sources/projects/fflib-apex-common/fflib/src/classes/fflib_SecurityUtilsTest.cls':[
28,
],
'apex-project:sources/projects/fflib-apex-common/fflib/src/classes/fflib_StringBuilder.cls':[
32,
],
'apex-project:sources/projects/fflib-apex-common/fflib/src/classes/fflib_StringBuilderTest.cls':[
28,
],
'apex-project:sources/projects/fflib-apex-mocks/src/classes/fflib_AnswerTest.cls':[
9,
],
'apex-project:sources/projects/fflib-apex-mocks/src/classes/fflib_AnyOrder.cls':[
10,
],
'apex-project:sources/projects/fflib-apex-mocks/src/classes/fflib_AnyOrderTest.cls':[
9,
1124,
1132,
],
'apex-project:sources/projects/fflib-apex-mocks/src/classes/fflib_ApexMocks.cls':[
8,
],
'apex-project:sources/projects/fflib-apex-mocks/src/classes/fflib_ApexMocksConfig.cls':[
5,
],
'apex-project:sources/projects/fflib-apex-mocks/src/classes/fflib_ApexMocksTest.cls':[
5,
1606,
1614,
],
'apex-project:sources/projects/fflib-apex-mocks/src/classes/fflib_ApexMocksUtils.cls':[
26,
],
'apex-project:sources/projects/fflib-apex-mocks/src/classes/fflib_ApexMocksUtilsTest.cls':[
27,
],
'apex-project:sources/projects/fflib-apex-mocks/src/classes/fflib_ArgumentCaptor.cls':[
34,
],
'apex-project:sources/projects/fflib-apex-mocks/src/classes/fflib_ArgumentCaptorTest.cls':[
8,
],
'apex-project:sources/projects/fflib-apex-mocks/src/classes/fflib_IDGenerator.cls':[
26,
],
'apex-project:sources/projects/fflib-apex-mocks/src/classes/fflib_IDGeneratorTest.cls':[
27,
],
'apex-project:sources/projects/fflib-apex-mocks/src/classes/fflib_InOrder.cls':[
9,
],
'apex-project:sources/projects/fflib-apex-mocks/src/classes/fflib_InOrderTest.cls':[
6,
],
'apex-project:sources/projects/fflib-apex-mocks/src/classes/fflib_Inheritor.cls':[
5,
],
'apex-project:sources/projects/fflib-apex-mocks/src/classes/fflib_InheritorTest.cls':[
5,
],
'apex-project:sources/projects/fflib-apex-mocks/src/classes/fflib_InvocationOnMock.cls':[
10,
],
'apex-project:sources/projects/fflib-apex-mocks/src/classes/fflib_Match.cls':[
26,
],
'apex-project:sources/projects/fflib-apex-mocks/src/classes/fflib_MatchTest.cls':[
27,
],
'apex-project:sources/projects/fflib-apex-mocks/src/classes/fflib_MatcherDefinitions.cls':[
33,
],
'apex-project:sources/projects/fflib-apex-mocks/src/classes/fflib_MatcherDefinitionsTest.cls':[
27,
],
'apex-project:sources/projects/fflib-apex-mocks/src/classes/fflib_MatchersReturnValue.cls':[
26,
],
'apex-project:sources/projects/fflib-apex-mocks/src/classes/fflib_MethodArgValues.cls':[
26,
],
'apex-project:sources/projects/fflib-apex-mocks/src/classes/fflib_MethodArgValuesTest.cls':[
27,
],
'apex-project:sources/projects/fflib-apex-mocks/src/classes/fflib_MethodCountRecorder.cls':[
8,
],
'apex-project:sources/projects/fflib-apex-mocks/src/classes/fflib_MethodReturnValue.cls':[
32,
],
'apex-project:sources/projects/fflib-apex-mocks/src/classes/fflib_MethodReturnValueRecorder.cls':[
30,
],
'apex-project:sources/projects/fflib-apex-mocks/src/classes/fflib_MethodVerifier.cls':[
9,
],
'apex-project:sources/projects/fflib-apex-mocks/src/classes/fflib_Mocks.cls':[
3,
],
'apex-project:sources/projects/fflib-apex-mocks/src/classes/fflib_MyList.cls':[
9,
],
'apex-project:sources/projects/fflib-apex-mocks/src/classes/fflib_QualifiedMethod.cls':[
4,
],
'apex-project:sources/projects/fflib-apex-mocks/src/classes/fflib_QualifiedMethodAndArgValues.cls':[
8,
],
'apex-project:sources/projects/fflib-apex-mocks/src/classes/fflib_QualifiedMethodTest.cls':[
5,
],
'apex-project:sources/projects/fflib-apex-mocks/src/classes/fflib_System.cls':[
10,
],
'apex-project:sources/projects/fflib-apex-mocks/src/classes/fflib_SystemTest.cls':[
5,
],
'apex-project:sources/projects/fflib-apex-mocks/src/classes/fflib_VerificationMode.cls':[
10,
],
}
