{
'apex-project:sources/projects/Batch-Entry-for-Salesforce.com/src/classes/BulkDataEntry.cls':[
94,
220,
],
'apex-project:sources/projects/Batch-Entry-for-Salesforce.com/src/classes/CTRL_BatchEntry.cls':[
67,
212,
402,
410,
413,
],
'apex-project:sources/projects/Batch-Entry-for-Salesforce.com/src/classes/DescribeHelper.cls':[
93,
],
'apex-project:sources/projects/Cumulus/src/classes/ACCT_IndividualAccounts_TDTM.cls':[
55,
358,
408,
474,
646,
691,
765,
773,
781,
],
'apex-project:sources/projects/Cumulus/src/classes/ADDR_Account_TDTM.cls':[
50,
86,
],
'apex-project:sources/projects/Cumulus/src/classes/ADDR_Addresses_TDTM.cls':[
81,
355,
359,
363,
1039,
1196,
],
'apex-project:sources/projects/Cumulus/src/classes/ADDR_Addresses_TEST2.cls':[
921,
],
'apex-project:sources/projects/Cumulus/src/classes/ADDR_Cicero_TEST.cls':[
322,
],
'apex-project:sources/projects/Cumulus/src/classes/ADDR_Contact_TDTM.cls':[
64,
166,
201,
281,
291,
353,
370,
],
'apex-project:sources/projects/Cumulus/src/classes/ADDR_Validator_Batch_TEST.cls':[
108,
],
'apex-project:sources/projects/Cumulus/src/classes/AFFL_Affiliations_TDTM.cls':[
436,
441,
595,
645,
670,
673,
],
'apex-project:sources/projects/Cumulus/src/classes/ALLO_Allocations_TDTM.cls':[
682,
],
'apex-project:sources/projects/Cumulus/src/classes/ALLO_Allocations_TEST.cls':[
121,
],
'apex-project:sources/projects/Cumulus/src/classes/BDE_BatchDataEntry.cls':[
183,
],
'apex-project:sources/projects/Cumulus/src/classes/BDE_BatchEntry_CTRL.cls':[
80,
225,
],
'apex-project:sources/projects/Cumulus/src/classes/BDI_DataImportService.cls':[
274,
517,
814,
1596,
],
'apex-project:sources/projects/Cumulus/src/classes/CMT_FilterRule.cls':[
274,
],
'apex-project:sources/projects/Cumulus/src/classes/CONV_Account_Conversion_BATCH_TEST.cls':[
99,
183,
408,
],
'apex-project:sources/projects/Cumulus/src/classes/CONV_Account_Conversion_CTRL.cls':[
235,
237,
241,
245,
],
'apex-project:sources/projects/Cumulus/src/classes/CON_ContactMerge.cls':[
124,
],
'apex-project:sources/projects/Cumulus/src/classes/CON_ContactMerge_CTRL.cls':[
225,
314,
690,
698,
700,
],
'apex-project:sources/projects/Cumulus/src/classes/CON_ContactMerge_TEST.cls':[
703,
],
'apex-project:sources/projects/Cumulus/src/classes/CON_ContactMerge_TEST2.cls':[
279,
742,
750,
],
'apex-project:sources/projects/Cumulus/src/classes/CRLP_Rollup.cls':[
314,
337,
474,
],
'apex-project:sources/projects/Cumulus/src/classes/HH_CampaignDedupeBTN_CTRL.cls':[
224,
],
'apex-project:sources/projects/Cumulus/src/classes/HH_Households_TDTM.cls':[
125,
132,
230,
],
'apex-project:sources/projects/Cumulus/src/classes/HH_NameSpec.cls':[
374,
],
'apex-project:sources/projects/Cumulus/src/classes/LD_LeadConvertOverride_TEST.cls':[
572,
577,
],
'apex-project:sources/projects/Cumulus/src/classes/OPP_AutomatedSoftCreditsService_TEST.cls':[
599,
],
'apex-project:sources/projects/Cumulus/src/classes/PMT_PaymentWizard_TEST.cls':[
200,
],
'apex-project:sources/projects/Cumulus/src/classes/RD_RecurringDonations.cls':[
467,
494,
498,
549,
564,
1032,
1097,
1103,
],
'apex-project:sources/projects/Cumulus/src/classes/REL_Relationships_TDTM.cls':[
228,
314,
],
'apex-project:sources/projects/Cumulus/src/classes/REL_Relationships_TEST.cls':[
335,
750,
],
'apex-project:sources/projects/Cumulus/src/classes/RLLP_OppRollup_UTIL.cls':[
111,
],
'apex-project:sources/projects/Cumulus/src/classes/STG_Panel.cls':[
43,
],
'apex-project:sources/projects/Cumulus/src/classes/STG_PanelErrorLog_CTRL.cls':[
124,
],
'apex-project:sources/projects/Cumulus/src/classes/STG_PanelRDCustomFieldMapping_CTRL.cls':[
213,
242,
],
'apex-project:sources/projects/Cumulus/src/classes/STG_PanelRelReciprocal_CTRL.cls':[
160,
],
'apex-project:sources/projects/Cumulus/src/classes/STG_SettingsManager_TEST.cls':[
605,
],
'apex-project:sources/projects/Cumulus/src/classes/STG_SettingsService.cls':[
49,
],
'apex-project:sources/projects/Cumulus/src/classes/TDTM_ObjectDataGateway.cls':[
41,
],
'apex-project:sources/projects/Cumulus/src/classes/TDTM_TriggerHandler.cls':[
94,
297,
299,
306,
],
'apex-project:sources/projects/Cumulus/src/classes/UTIL_AbstractRollup_BATCH.cls':[
76,
347,
392,
406,
],
'apex-project:sources/projects/Cumulus/src/classes/UTIL_Describe.cls':[
109,
],
'apex-project:sources/projects/Cumulus/src/classes/UTIL_UnitTestData_TEST.cls':[
523,
],
'apex-project:sources/projects/CustomMetadataLoader/custom_md_loader/classes/CustomMetadataUploadController.cls':[
120,
],
'apex-project:sources/projects/CustomMetadataLoader/custom_md_loader/classes/MetadataMigrationController.cls':[
48,
],
'apex-project:sources/projects/CustomMetadataLoader/custom_md_loader/classes/MetadataUtil.cls':[
108,
],
'apex-project:sources/projects/HEDAP/src/classes/ACCT_IndividualAccounts_TDTM.cls':[
56,
],
'apex-project:sources/projects/HEDAP/src/classes/ACCT_IndividualAccounts_TEST.cls':[
316,
],
'apex-project:sources/projects/HEDAP/src/classes/ADDR_Addresses_UTIL.cls':[
140,
406,
],
'apex-project:sources/projects/HEDAP/src/classes/ADDR_HouseholdAcc_TEST.cls':[
648,
726,
],
'apex-project:sources/projects/HEDAP/src/classes/AFFL_ContactAccChange_TEST.cls':[
84,
],
'apex-project:sources/projects/HEDAP/src/classes/CON_CannotDelete_TEST.cls':[
44,
],
'apex-project:sources/projects/HEDAP/src/classes/REL_Relationships_TDTM.cls':[
205,
289,
],
'apex-project:sources/projects/HEDAP/src/classes/REL_Relationships_TEST.cls':[
368,
770,
],
'apex-project:sources/projects/HEDAP/src/classes/UTIL_Describe.cls':[
105,
],
'apex-project:sources/projects/Milestones-PM/src/classes/Milestone1_Charts_GanttController.cls':[
86,
96,
],
'apex-project:sources/projects/Milestones-PM/src/classes/Milestone1_Import_Project_Controller_Tst.cls':[
56,
],
'apex-project:sources/projects/Milestones-PM/src/classes/Milestone1_Milestone_Trigger_Utility.cls':[
356,
],
'apex-project:sources/projects/Milestones-PM/src/classes/Milestone1_Month.cls':[
149,
],
'apex-project:sources/projects/Milestones-PM/src/classes/Milestone1_Project_Trigger_Utility.cls':[
37,
58,
],
'apex-project:sources/projects/Milestones-PM/src/classes/Milestone1_Summary2.cls':[
351,
],
'apex-project:sources/projects/Milestones-PM/src/classes/Milestone1_Test_Utility.cls':[
49,
63,
65,
84,
104,
],
'apex-project:sources/projects/Milestones-PM/src/classes/Milestone1_TimelineCon.cls':[
37,
],
'apex-project:sources/projects/Milestones-PM/src/classes/Milestone1_TimelineCon_Test.cls':[
67,
75,
],
'apex-project:sources/projects/Milestones-PM/src/classes/Milestone1_XML_Import_Utility.cls':[
78,
82,
91,
98,
157,
160,
244,
252,
257,
265,
273,
278,
284,
287,
297,
310,
314,
374,
380,
384,
387,
468,
475,
510,
519,
525,
529,
551,
],
'apex-project:sources/projects/Milestones-PM/src/classes/Milestone1_XML_Import_Utility_Test.cls':[
31,
86,
90,
94,
],
'apex-project:sources/projects/Milestones-PM/src/classes/Milestone1_repeatCon.cls':[
79,
186,
423,
],
'apex-project:sources/projects/SmartFactory-for-Force.com/src/classes/SmartFactory.cls':[
191,
],
'apex-project:sources/projects/apex-mdapi/apex-mdapi/src/classes/MetadataServiceExamples.cls':[
943,
1609,
],
'apex-project:sources/projects/apex-mdapi/apex-mdapi/src/classes/MetadataServiceTest.cls':[
259,
295,
300,
439,
471,
477,
],
'apex-project:sources/projects/declarative-lookup-rollup-summaries/force-app/libs/fflib-common/classes/fflib_SObjectDescribeTest.cls':[
136,
156,
],
'apex-project:sources/projects/declarative-lookup-rollup-summaries/force-app/libs/fflib-common/classes/fflib_SObjectDomainTest.cls':[
374,
],
'apex-project:sources/projects/declarative-lookup-rollup-summaries/force-app/libs/fflib-common/classes/fflib_SObjectUnitOfWork.cls':[
392,
],
'apex-project:sources/projects/declarative-lookup-rollup-summaries/force-app/main/classes/RollupServiceTest.cls':[
1001,
],
'apex-project:sources/projects/declarative-lookup-rollup-summaries/force-app/main/classes/RollupSummaryEnhancedController.cls':[
176,
189,
],
'apex-project:sources/projects/dreamhouse-sfdx/force-app/main/default/triggers/PushNotificationTrigger.trigger':[
3,
],
'apex-project:sources/projects/fflib-apex-common/fflib/src/classes/fflib_SObjectDescribeTest.cls':[
136,
156,
],
'apex-project:sources/projects/fflib-apex-common/fflib/src/classes/fflib_SObjectDomainTest.cls':[
374,
],
'apex-project:sources/projects/fflib-apex-common/fflib/src/classes/fflib_SObjectUnitOfWork.cls':[
414,
],
'apex-project:sources/projects/sfdx-dreamhouse/force-app/main/default/triggers/PushNotificationTrigger.trigger':[
3,
],
'apex-project:sources/projects/twilio-salesforce/src/classes/TwilioClient.cls':[
634,
],
'apex-project:sources/projects/twilio-salesforce/src/classes/TwilioLookupsRestClient.cls':[
77,
84,
99,
],
'apex-project:sources/projects/twilio-salesforce/src/classes/TwilioParser.cls':[
145,
],
'apex-project:sources/projects/twilio-salesforce/src/classes/Twilio_TestCalls.cls':[
593,
597,
645,
649,
674,
678,
],
'apex-project:sources/projects/twilio-salesforce/src/classes/Twilio_TestConference.cls':[
78,
172,
],
'apex-project:sources/projects/twilio-salesforce/src/classes/Twilio_TestMedia.cls':[
51,
],
'apex-project:sources/projects/twilio-salesforce/src/classes/Twilio_TestQueue.cls':[
118,
],
}
