{
'apex-project:ruling/src/test/resources/sources/S2068.cls':[
5,
6,
9,
12,
14,
16,
18,
19,
56,
],
'apex-project:sources/projects/apex-mdapi/apex-mdapi/src/classes/MetadataServiceExamples.cls':[
602,
],
}
