{
'apex-project:sources/projects/Cumulus/scripts/configure_npsp_default_settings.cls':[
13,
],
}
