{
'apex-project:sources/projects/CustomMetadataLoader/custom_md_loader/classes/CustomMetadataUploadControllerTest.cls':[
8,
],
'apex-project:sources/projects/df12-apex-enterprise-patterns/df12/src/classes/SObjectUnitOfWork.cls':[
234,
332,
437,
],
}
