{
'kotlin-ktor-project:sources/kotlin/ktor/ktor-features/ktor-locations/test/io/ktor/tests/locations/CustomLocationsTest.kt':[
43,
56,
70,
],
'kotlin-ktor-project:sources/kotlin/ktor/ktor-features/ktor-locations/test/io/ktor/tests/locations/LocationsTest.kt':[
23,
54,
68,
83,
100,
119,
142,
162,
180,
195,
214,
237,
255,
272,
284,
299,
316,
350,
364,
381,
393,
408,
417,
437,
457,
],
'kotlin-ktor-project:sources/kotlin/ktor/ktor-http/test/io/ktor/tests/http/ContentTypeTest.kt':[
10,
18,
26,
33,
40,
52,
60,
67,
73,
],
'kotlin-ktor-project:sources/kotlin/ktor/ktor-http/test/io/ktor/tests/http/HeadersTest.kt':[
9,
16,
24,
34,
44,
60,
66,
73,
80,
89,
99,
109,
121,
136,
152,
185,
],
'kotlin-ktor-project:sources/kotlin/ktor/ktor-network-tls/src/io/ktor/network/tls/Hashes.kt':[
53,
],
'kotlin-ktor-project:sources/kotlin/ktor/ktor-server/ktor-server-host-common/src/io/ktor/server/engine/ApplicationEngineEnvironmentReloading.kt':[
357,
],
'kotlin-ktor-project:sources/kotlin/ktor/ktor-server/ktor-server-host-common/test/io/ktor/tests/hosts/ApplicationEngineEnvironmentReloadingTests.kt':[
15,
31,
68,
83,
98,
113,
128,
143,
158,
173,
188,
203,
219,
],
'kotlin-ktor-project:sources/kotlin/ktor/ktor-server/ktor-server-jetty/test/io/ktor/tests/server/jetty/MultipleDispatchOnTimeout.kt':[
25,
],
'kotlin-ktor-project:sources/kotlin/ktor/ktor-server/ktor-server-test-host/src/io/ktor/server/testing/EngineStressSuite.kt':[
47,
86,
152,
167,
182,
197,
243,
],
'kotlin-ktor-project:sources/kotlin/ktor/ktor-server/ktor-server-tests/test/io/ktor/tests/server/application/ApplicationRequestHeaderTest.kt':[
14,
43,
104,
],
'kotlin-ktor-project:sources/kotlin/ktor/ktor-server/ktor-server-tests/test/io/ktor/tests/server/application/HandlerTest.kt':[
13,
22,
32,
42,
56,
],
'kotlin-ktor-project:sources/kotlin/ktor/ktor-server/ktor-server-tests/test/io/ktor/tests/server/features/CallLoggingTest.kt':[
40,
53,
62,
73,
84,
108,
],
'kotlin-ktor-project:sources/kotlin/ktor/ktor-server/ktor-server-tests/test/io/ktor/tests/server/features/CookiesTest.kt':[
16,
23,
30,
37,
43,
49,
55,
61,
68,
75,
83,
89,
95,
101,
107,
113,
122,
189,
193,
197,
210,
214,
218,
],
'kotlin-ktor-project:sources/kotlin/ktor/ktor-server/ktor-server-tests/test/io/ktor/tests/server/http/UrlEncodedTest.kt':[
18,
30,
43,
56,
69,
],
'kotlin-ktor-project:sources/kotlin/ktor/ktor-server/ktor-server-tests/test/io/ktor/tests/server/routing/RoutingBuildTest.kt':[
9,
],
'kotlin-ktor-project:sources/kotlin/ktor/ktor-server/ktor-server-tests/test/io/ktor/tests/server/routing/RoutingProcessingTest.kt':[
13,
44,
69,
88,
118,
151,
189,
227,
266,
307,
351,
],
'kotlin-ktor-project:sources/kotlin/ktor/ktor-server/ktor-server-tests/test/io/ktor/tests/server/routing/RoutingResolveTest.kt':[
38,
46,
71,
108,
129,
150,
170,
189,
224,
253,
293,
342,
391,
428,
480,
509,
548,
],
'kotlin-ktor-project:sources/kotlin/ktor/ktor-utils/test/io/ktor/tests/utils/StringValuesTest.kt':[
9,
21,
35,
54,
64,
],
}
