{
'kotlin-ktor-project:sources/kotlin/ktor/ktor-network-tls/src/io/ktor/network/tls/Hashes.kt':[
56,
],
}
