{
'kotlin-ktor-project:sources/kotlin/ktor/ktor-features/ktor-auth/src/io/ktor/auth/OAuth.kt':[
136,
],
'kotlin-ktor-project:sources/kotlin/ktor/ktor-http/src/io/ktor/http/Codecs.kt':[
59,
],
'kotlin-ktor-project:sources/kotlin/ktor/ktor-network-tls/src/io/ktor/network/tls/TLSClientHandshake.kt':[
220,
222,
],
'kotlin-ktor-project:sources/kotlin/ktor/ktor-server/ktor-server-core/src/io/ktor/util/ConversionService.kt':[
15,
],
'kotlin-ktor-project:sources/kotlin/ktor/ktor-server/ktor-server-host-common/src/io/ktor/server/engine/DefaultTransform.kt':[
35,
],
'kotlin-ktor-project:sources/kotlin/ktor/ktor-server/ktor-server-jetty/src/io/ktor/server/jetty/ServerInitializer.kt':[
40,
],
'kotlin-ktor-project:sources/kotlin/ktor/ktor-server/ktor-server-netty/src/io/ktor/server/netty/NettyChannelInitializer.kt':[
88,
],
}
