{
'kotlin-ktor-project:sources/kotlin/ktor/ktor-server/ktor-server-core/test/io/ktor/tests/http/HighLoadHttpGenerator.kt':[
150,
],
}
