{
'kotlin-ktor-project:sources/kotlin/ktor/ktor-server/ktor-server-tests/test/io/ktor/tests/server/features/CookiesTest.kt':[
252,
],
'kotlin-ktor-project:sources/kotlin/ktor/ktor-utils/test/io/ktor/tests/utils/PipelineTest.kt':[
163,
],
}
