{
'kotlin-ktor-project:sources/kotlin/ktor/ktor-network-tls/src/io/ktor/network/tls/Cipher.kt':[
156,
],
'kotlin-ktor-project:sources/kotlin/ktor/ktor-server/ktor-server-core/src/io/ktor/content/Versions.kt':[
86,
91,
],
'kotlin-ktor-project:sources/kotlin/ktor/ktor-server/ktor-server-core/src/io/ktor/routing/RoutingResolve.kt':[
108,
],
}
