{
'kotlin-ktor-project:sources/kotlin/ktor/ktor-features/ktor-auth/src/io/ktor/auth/DigestAuth.kt':[
62,
],
'kotlin-ktor-project:sources/kotlin/ktor/ktor-features/ktor-auth/src/io/ktor/auth/OAuth2.kt':[
213,
],
'kotlin-ktor-project:sources/kotlin/ktor/ktor-features/ktor-locations/src/io/ktor/locations/Locations.kt':[
58,
],
'kotlin-ktor-project:sources/kotlin/ktor/ktor-http-cio/src/io/ktor/http/cio/ConnectionOptions.kt':[
73,
],
'kotlin-ktor-project:sources/kotlin/ktor/ktor-http/src/io/ktor/http/ContentTypes.kt':[
32,
39,
],
'kotlin-ktor-project:sources/kotlin/ktor/ktor-http/src/io/ktor/http/Cookie.kt':[
97,
101,
111,
],
'kotlin-ktor-project:sources/kotlin/ktor/ktor-http/src/io/ktor/http/Parameters.kt':[
55,
],
'kotlin-ktor-project:sources/kotlin/ktor/ktor-network-tls/src/io/ktor/network/tls/TLSClientHandshake.kt':[
204,
221,
],
'kotlin-ktor-project:sources/kotlin/ktor/ktor-server/ktor-server-core/src/io/ktor/sessions/SessionSerializerReflection.kt':[
64,
75,
86,
97,
109,
125,
141,
210,
211,
220,
226,
247,
],
'kotlin-ktor-project:sources/kotlin/ktor/ktor-server/ktor-server-core/src/io/ktor/util/ConversionService.kt':[
17,
],
'kotlin-ktor-project:sources/kotlin/ktor/ktor-server/ktor-server-host-common/src/io/ktor/server/engine/BaseApplicationResponse.kt':[
70,
],
'kotlin-ktor-project:sources/kotlin/ktor/ktor-server/ktor-server-host-common/src/io/ktor/server/engine/DefaultTransform.kt':[
37,
],
'kotlin-ktor-project:sources/kotlin/ktor/ktor-server/ktor-server-netty/src/io/ktor/server/netty/NettyMultipartDataSupport.kt':[
91,
],
}
