{
'go-project:sources/kubernetes-client-go/tools/clientcmd/api/helpers.go':[
38,
],
'go-project:sources/kubernetes-client-go/tools/clientcmd/client_config.go':[
356,
],
'go-project:sources/kubernetes-client-go/transport/transport.go':[
38,
78,
],
'go-project:sources/minio/cmd/admin-handlers.go':[
1275,
],
'go-project:sources/minio/cmd/api-utils.go':[
29,
],
'go-project:sources/minio/cmd/batch-handlers.go':[
1461,
1461,
],
'go-project:sources/minio/cmd/bucket-lifecycle-handlers.go':[
114,
],
'go-project:sources/minio/cmd/bucket-metadata.go':[
170,
],
'go-project:sources/minio/cmd/bucket-replication.go':[
930,
],
'go-project:sources/minio/cmd/bucket-targets.go':[
698,
],
'go-project:sources/minio/cmd/common-main.go':[
720,
737,
],
'go-project:sources/minio/cmd/endpoint.go':[
160,
],
'go-project:sources/minio/cmd/generic-handlers.go':[
220,
234,
415,
471,
584,
],
'go-project:sources/minio/cmd/metacache-set.go':[
204,
385,
],
'go-project:sources/minio/cmd/metacache-stream.go':[
491,
535,
],
'go-project:sources/minio/cmd/metrics-v2.go':[
4392,
],
'go-project:sources/minio/cmd/object-handlers.go':[
411,
420,
822,
1623,
],
'go-project:sources/minio/cmd/server-main.go':[
520,
],
'go-project:sources/minio/cmd/site-replication.go':[
2726,
4177,
],
'go-project:sources/minio/cmd/warm-backend-s3.go':[
121,
],
'go-project:sources/minio/cmd/xl-storage-format-v2.go':[
345,
],
'go-project:sources/minio/internal/bucket/lifecycle/expiration.go':[
85,
],
'go-project:sources/minio/internal/bucket/lifecycle/rule.go':[
177,
],
'go-project:sources/minio/internal/bucket/lifecycle/transition.go':[
56,
],
'go-project:sources/minio/internal/lock/lock_windows.go':[
163,
],
'go-project:sources/minio/internal/s3select/sql/statement.go':[
64,
],
'go-project:sources/prometheus/config/config.go':[
624,
],
'go-project:sources/prometheus/documentation/examples/remote_storage/remote_storage_adapter/opentsdb/tagvalue.go':[
72,
],
'go-project:sources/prometheus/model/labels/matcher.go':[
99,
],
'go-project:sources/prometheus/model/labels/regexp.go':[
92,
124,
],
'go-project:sources/prometheus/model/relabel/relabel.go':[
124,
124,
133,
136,
156,
],
'go-project:sources/prometheus/model/textparse/openmetricslex.l.go':[
69,
93,
276,
289,
311,
354,
367,
397,
424,
458,
467,
498,
507,
518,
549,
562,
592,
617,
626,
639,
677,
686,
],
'go-project:sources/prometheus/model/textparse/promlex.l.go':[
77,
129,
249,
264,
286,
298,
318,
338,
351,
381,
410,
437,
446,
],
'go-project:sources/prometheus/model/textparse/protobufparse.go':[
497,
],
'go-project:sources/prometheus/promql/engine.go':[
1807,
],
'go-project:sources/prometheus/promql/parser/lex.go':[
68,
1079,
],
'go-project:sources/prometheus/promql/parser/parse.go':[
701,
976,
],
'go-project:sources/prometheus/storage/remote/codec.go':[
422,
],
'go-project:sources/prometheus/tsdb/exemplar.go':[
265,
],
'go-project:sources/prometheus/tsdb/head.go':[
1927,
],
'go-project:sources/prometheus/tsdb/ooo_head_read.go':[
125,
],
'go-project:sources/prometheus/util/strutil/strconv.go':[
57,
],
'go-project:sources/prometheus/web/ui/ui.go':[
51,
],
'go-project:sources/traefik/pkg/cli/deprecation.go':[
248,
],
'go-project:sources/traefik/pkg/config/dynamic/middlewares.go':[
363,
363,
375,
375,
],
'go-project:sources/traefik/pkg/config/static/static_config.go':[
263,
],
'go-project:sources/traefik/pkg/middlewares/redirect/redirect_scheme.go':[
37,
],
'go-project:sources/traefik/pkg/muxer/tcp/mux.go':[
113,
],
'go-project:sources/traefik/pkg/provider/acme/provider.go':[
310,
],
'go-project:sources/traefik/pkg/provider/kubernetes/gateway/client.go':[
913,
],
'go-project:sources/traefik/pkg/provider/kubernetes/gateway/kubernetes.go':[
595,
],
'go-project:sources/traefik/pkg/provider/nomad/nomad.go':[
110,
],
'go-project:sources/traefik/pkg/server/middleware/observability.go':[
51,
59,
],
'go-project:sources/traefik/pkg/server/service/transport.go':[
172,
],
'go-project:sources/traefik/pkg/tcp/dialer.go':[
129,
],
}
